<?xml version="1.0" encoding="ISO-8859-1" ?>
<link_info>
   <banner>TI ARM Linker PC v20.2.7.LTS</banner>
   <copyright>Copyright (c) 1996-2018 Texas Instruments Incorporated</copyright>
   <link_time>0x672262bc</link_time>
   <link_errors>0x0</link_errors>
   <output_file>boostxl_edumkii_accelerometer_msp432p401r_MSP_EXP432P401R_nortos_ccs.out</output_file>
   <entry_point>
      <name>_c_int00_noargs</name>
      <address>0x350d</address>
   </entry_point>
   <input_file_list>
      <input_file id="fl-2">
         <path>.\</path>
         <kind>object</kind>
         <file>main.obj</file>
         <name>main.obj</name>
      </input_file>
      <input_file id="fl-3">
         <path>.\</path>
         <kind>object</kind>
         <file>system_msp432p401r.obj</file>
         <name>system_msp432p401r.obj</name>
      </input_file>
      <input_file id="fl-4">
         <path>.\LcdDriver\</path>
         <kind>object</kind>
         <file>Crystalfontz128x128_ST7735.obj</file>
         <name>Crystalfontz128x128_ST7735.obj</name>
      </input_file>
      <input_file id="fl-5">
         <path>.\LcdDriver\</path>
         <kind>object</kind>
         <file>HAL_MSP_EXP432P401R_Crystalfontz128x128_ST7735.obj</file>
         <name>HAL_MSP_EXP432P401R_Crystalfontz128x128_ST7735.obj</name>
      </input_file>
      <input_file id="fl-6">
         <path>.\ccs\</path>
         <kind>object</kind>
         <file>startup_msp432p401r_ccs.obj</file>
         <name>startup_msp432p401r_ccs.obj</name>
      </input_file>
      <input_file id="fl-11">
         <kind>object</kind>
         <file>&lt;internal&gt;</file>
         <name>&lt;internal&gt;</name>
      </input_file>
      <input_file id="fl-12">
         <path>C:\ti\simplelink_msp432p4_sdk_3_40_01_02\source\ti\grlib\lib\ccs\m4f\</path>
         <kind>archive</kind>
         <file>grlib.a</file>
         <name>context.obj</name>
      </input_file>
      <input_file id="fl-13">
         <path>C:\ti\simplelink_msp432p4_sdk_3_40_01_02\source\ti\grlib\lib\ccs\m4f\</path>
         <kind>archive</kind>
         <file>grlib.a</file>
         <name>display.obj</name>
      </input_file>
      <input_file id="fl-14">
         <path>C:\ti\simplelink_msp432p4_sdk_3_40_01_02\source\ti\grlib\lib\ccs\m4f\</path>
         <kind>archive</kind>
         <file>grlib.a</file>
         <name>fontfixed6x8.obj</name>
      </input_file>
      <input_file id="fl-15">
         <path>C:\ti\simplelink_msp432p4_sdk_3_40_01_02\source\ti\grlib\lib\ccs\m4f\</path>
         <kind>archive</kind>
         <file>grlib.a</file>
         <name>string.obj</name>
      </input_file>
      <input_file id="fl-16">
         <path>C:\ti\simplelink_msp432p4_sdk_3_40_01_02\source\ti\grlib\lib\ccs\m4f\</path>
         <kind>archive</kind>
         <file>grlib.a</file>
         <name>line.obj</name>
      </input_file>
      <input_file id="fl-17">
         <path>C:\ti\simplelink_msp432p4_sdk_3_40_01_02\source\ti\devices\msp432p4xx\driverlib\ccs\</path>
         <kind>archive</kind>
         <file>msp432p4xx_driverlib.lib</file>
         <name>adc14.o</name>
      </input_file>
      <input_file id="fl-18">
         <path>C:\ti\simplelink_msp432p4_sdk_3_40_01_02\source\ti\devices\msp432p4xx\driverlib\ccs\</path>
         <kind>archive</kind>
         <file>msp432p4xx_driverlib.lib</file>
         <name>gpio.o</name>
      </input_file>
      <input_file id="fl-19">
         <path>C:\ti\simplelink_msp432p4_sdk_3_40_01_02\source\ti\devices\msp432p4xx\driverlib\ccs\</path>
         <kind>archive</kind>
         <file>msp432p4xx_driverlib.lib</file>
         <name>interrupt.o</name>
      </input_file>
      <input_file id="fl-1a">
         <path>C:\ti\simplelink_msp432p4_sdk_3_40_01_02\source\ti\devices\msp432p4xx\driverlib\ccs\</path>
         <kind>archive</kind>
         <file>msp432p4xx_driverlib.lib</file>
         <name>spi.o</name>
      </input_file>
      <input_file id="fl-1b">
         <path>C:\ti\simplelink_msp432p4_sdk_3_40_01_02\source\ti\devices\msp432p4xx\driverlib\ccs\</path>
         <kind>archive</kind>
         <file>msp432p4xx_driverlib.lib</file>
         <name>cpu.o</name>
      </input_file>
      <input_file id="fl-d1">
         <path>C:\ti\ccs1280\ccs\tools\compiler\ti-cgt-arm_20.2.7.LTS\lib\</path>
         <kind>archive</kind>
         <file>rtsv7M4_T_le_v4SPD16_eabi.lib</file>
         <name>sprintf.c.obj</name>
      </input_file>
      <input_file id="fl-d2">
         <path>C:\ti\ccs1280\ccs\tools\compiler\ti-cgt-arm_20.2.7.LTS\lib\</path>
         <kind>archive</kind>
         <file>rtsv7M4_T_le_v4SPD16_eabi.lib</file>
         <name>memcpy_t2.asm.obj</name>
      </input_file>
      <input_file id="fl-d3">
         <path>C:\ti\ccs1280\ccs\tools\compiler\ti-cgt-arm_20.2.7.LTS\lib\</path>
         <kind>archive</kind>
         <file>rtsv7M4_T_le_v4SPD16_eabi.lib</file>
         <name>copy_zero_init.c.obj</name>
      </input_file>
      <input_file id="fl-d4">
         <path>C:\ti\ccs1280\ccs\tools\compiler\ti-cgt-arm_20.2.7.LTS\lib\</path>
         <kind>archive</kind>
         <file>rtsv7M4_T_le_v4SPD16_eabi.lib</file>
         <name>copy_decompress_none.c.obj</name>
      </input_file>
      <input_file id="fl-d5">
         <path>C:\ti\ccs1280\ccs\tools\compiler\ti-cgt-arm_20.2.7.LTS\lib\</path>
         <kind>archive</kind>
         <file>rtsv7M4_T_le_v4SPD16_eabi.lib</file>
         <name>copy_decompress_lzss.c.obj</name>
      </input_file>
      <input_file id="fl-d6">
         <path>C:\ti\ccs1280\ccs\tools\compiler\ti-cgt-arm_20.2.7.LTS\lib\</path>
         <kind>archive</kind>
         <file>rtsv7M4_T_le_v4SPD16_eabi.lib</file>
         <name>rand.c.obj</name>
      </input_file>
      <input_file id="fl-d7">
         <path>C:\ti\ccs1280\ccs\tools\compiler\ti-cgt-arm_20.2.7.LTS\lib\</path>
         <kind>archive</kind>
         <file>rtsv7M4_T_le_v4SPD16_eabi.lib</file>
         <name>boot_cortex_m.c.obj</name>
      </input_file>
      <input_file id="fl-d8">
         <path>C:\ti\ccs1280\ccs\tools\compiler\ti-cgt-arm_20.2.7.LTS\lib\</path>
         <kind>archive</kind>
         <file>rtsv7M4_T_le_v4SPD16_eabi.lib</file>
         <name>_printfi.c.obj</name>
      </input_file>
      <input_file id="fl-d9">
         <path>C:\ti\ccs1280\ccs\tools\compiler\ti-cgt-arm_20.2.7.LTS\lib\</path>
         <kind>archive</kind>
         <file>rtsv7M4_T_le_v4SPD16_eabi.lib</file>
         <name>fd_add_t2.asm.obj</name>
      </input_file>
      <input_file id="fl-da">
         <path>C:\ti\ccs1280\ccs\tools\compiler\ti-cgt-arm_20.2.7.LTS\lib\</path>
         <kind>archive</kind>
         <file>rtsv7M4_T_le_v4SPD16_eabi.lib</file>
         <name>fd_cmp_t2.asm.obj</name>
      </input_file>
      <input_file id="fl-db">
         <path>C:\ti\ccs1280\ccs\tools\compiler\ti-cgt-arm_20.2.7.LTS\lib\</path>
         <kind>archive</kind>
         <file>rtsv7M4_T_le_v4SPD16_eabi.lib</file>
         <name>fd_div_t2.asm.obj</name>
      </input_file>
      <input_file id="fl-dc">
         <path>C:\ti\ccs1280\ccs\tools\compiler\ti-cgt-arm_20.2.7.LTS\lib\</path>
         <kind>archive</kind>
         <file>rtsv7M4_T_le_v4SPD16_eabi.lib</file>
         <name>fd_mul_t2.asm.obj</name>
      </input_file>
      <input_file id="fl-dd">
         <path>C:\ti\ccs1280\ccs\tools\compiler\ti-cgt-arm_20.2.7.LTS\lib\</path>
         <kind>archive</kind>
         <file>rtsv7M4_T_le_v4SPD16_eabi.lib</file>
         <name>fd_toi_t2.asm.obj</name>
      </input_file>
      <input_file id="fl-de">
         <path>C:\ti\ccs1280\ccs\tools\compiler\ti-cgt-arm_20.2.7.LTS\lib\</path>
         <kind>archive</kind>
         <file>rtsv7M4_T_le_v4SPD16_eabi.lib</file>
         <name>i_tofd_t2.asm.obj</name>
      </input_file>
      <input_file id="fl-df">
         <path>C:\ti\ccs1280\ccs\tools\compiler\ti-cgt-arm_20.2.7.LTS\lib\</path>
         <kind>archive</kind>
         <file>rtsv7M4_T_le_v4SPD16_eabi.lib</file>
         <name>memset_t2.asm.obj</name>
      </input_file>
      <input_file id="fl-e0">
         <path>C:\ti\ccs1280\ccs\tools\compiler\ti-cgt-arm_20.2.7.LTS\lib\</path>
         <kind>archive</kind>
         <file>rtsv7M4_T_le_v4SPD16_eabi.lib</file>
         <name>ull_div_t2.asm.obj</name>
      </input_file>
      <input_file id="fl-e1">
         <path>C:\ti\ccs1280\ccs\tools\compiler\ti-cgt-arm_20.2.7.LTS\lib\</path>
         <kind>archive</kind>
         <file>rtsv7M4_T_le_v4SPD16_eabi.lib</file>
         <name>autoinit.c.obj</name>
      </input_file>
      <input_file id="fl-e2">
         <path>C:\ti\ccs1280\ccs\tools\compiler\ti-cgt-arm_20.2.7.LTS\lib\</path>
         <kind>archive</kind>
         <file>rtsv7M4_T_le_v4SPD16_eabi.lib</file>
         <name>pre_init.c.obj</name>
      </input_file>
      <input_file id="fl-e3">
         <path>C:\ti\ccs1280\ccs\tools\compiler\ti-cgt-arm_20.2.7.LTS\lib\</path>
         <kind>archive</kind>
         <file>rtsv7M4_T_le_v4SPD16_eabi.lib</file>
         <name>cpy_tbl.c.obj</name>
      </input_file>
      <input_file id="fl-e4">
         <path>C:\ti\ccs1280\ccs\tools\compiler\ti-cgt-arm_20.2.7.LTS\lib\</path>
         <kind>archive</kind>
         <file>rtsv7M4_T_le_v4SPD16_eabi.lib</file>
         <name>exit.c.obj</name>
      </input_file>
      <input_file id="fl-e5">
         <path>C:\ti\ccs1280\ccs\tools\compiler\ti-cgt-arm_20.2.7.LTS\lib\</path>
         <kind>archive</kind>
         <file>rtsv7M4_T_le_v4SPD16_eabi.lib</file>
         <name>_lock.c.obj</name>
      </input_file>
      <input_file id="fl-e6">
         <path>C:\ti\ccs1280\ccs\tools\compiler\ti-cgt-arm_20.2.7.LTS\lib\</path>
         <kind>archive</kind>
         <file>rtsv7M4_T_le_v4SPD16_eabi.lib</file>
         <name>_ltoa.c.obj</name>
      </input_file>
      <input_file id="fl-e7">
         <path>C:\ti\ccs1280\ccs\tools\compiler\ti-cgt-arm_20.2.7.LTS\lib\</path>
         <kind>archive</kind>
         <file>rtsv7M4_T_le_v4SPD16_eabi.lib</file>
         <name>args_main.c.obj</name>
      </input_file>
      <input_file id="fl-e8">
         <path>C:\ti\ccs1280\ccs\tools\compiler\ti-cgt-arm_20.2.7.LTS\lib\</path>
         <kind>archive</kind>
         <file>rtsv7M4_T_le_v4SPD16_eabi.lib</file>
         <name>atoi.c.obj</name>
      </input_file>
      <input_file id="fl-e9">
         <path>C:\ti\ccs1280\ccs\tools\compiler\ti-cgt-arm_20.2.7.LTS\lib\</path>
         <kind>archive</kind>
         <file>rtsv7M4_T_le_v4SPD16_eabi.lib</file>
         <name>ctype.c.obj</name>
      </input_file>
      <input_file id="fl-ea">
         <path>C:\ti\ccs1280\ccs\tools\compiler\ti-cgt-arm_20.2.7.LTS\lib\</path>
         <kind>archive</kind>
         <file>rtsv7M4_T_le_v4SPD16_eabi.lib</file>
         <name>memccpy.c.obj</name>
      </input_file>
      <input_file id="fl-eb">
         <path>C:\ti\ccs1280\ccs\tools\compiler\ti-cgt-arm_20.2.7.LTS\lib\</path>
         <kind>archive</kind>
         <file>rtsv7M4_T_le_v4SPD16_eabi.lib</file>
         <name>strchr.c.obj</name>
      </input_file>
      <input_file id="fl-ec">
         <path>C:\ti\ccs1280\ccs\tools\compiler\ti-cgt-arm_20.2.7.LTS\lib\</path>
         <kind>archive</kind>
         <file>rtsv7M4_T_le_v4SPD16_eabi.lib</file>
         <name>strlen.c.obj</name>
      </input_file>
      <input_file id="fl-ed">
         <path>C:\ti\ccs1280\ccs\tools\compiler\ti-cgt-arm_20.2.7.LTS\lib\</path>
         <kind>archive</kind>
         <file>rtsv7M4_T_le_v4SPD16_eabi.lib</file>
         <name>errno.c.obj</name>
      </input_file>
      <input_file id="fl-ee">
         <path>C:\ti\ccs1280\ccs\tools\compiler\ti-cgt-arm_20.2.7.LTS\lib\</path>
         <kind>archive</kind>
         <file>rtsv7M4_T_le_v4SPD16_eabi.lib</file>
         <name>wcslen.c.obj</name>
      </input_file>
      <input_file id="fl-ef">
         <path>C:\ti\ccs1280\ccs\tools\compiler\ti-cgt-arm_20.2.7.LTS\lib\</path>
         <kind>archive</kind>
         <file>rtsv7M4_T_le_v4SPD16_eabi.lib</file>
         <name>s_frexp.c.obj</name>
      </input_file>
      <input_file id="fl-f0">
         <path>C:\ti\ccs1280\ccs\tools\compiler\ti-cgt-arm_20.2.7.LTS\lib\</path>
         <kind>archive</kind>
         <file>rtsv7M4_T_le_v4SPD16_eabi.lib</file>
         <name>s_scalbn.c.obj</name>
      </input_file>
      <input_file id="fl-f1">
         <path>C:\ti\ccs1280\ccs\tools\compiler\ti-cgt-arm_20.2.7.LTS\lib\</path>
         <kind>archive</kind>
         <file>rtsv7M4_T_le_v4SPD16_eabi.lib</file>
         <name>div0.asm.obj</name>
      </input_file>
      <input_file id="fl-f2">
         <path>C:\ti\ccs1280\ccs\tools\compiler\ti-cgt-arm_20.2.7.LTS\lib\</path>
         <kind>archive</kind>
         <file>rtsv7M4_T_le_v4SPD16_eabi.lib</file>
         <name>s_copysign.c.obj</name>
      </input_file>
   </input_file_list>
   <object_component_list>
      <object_component id="oc-26">
         <name>.intvecs:retain</name>
         <load_address>0x0</load_address>
         <run_address>0x0</run_address>
         <size>0xe4</size>
         <input_file_ref idref="fl-6"/>
      </object_component>
      <object_component id="oc-2a7">
         <name>.text:__TI_printfi</name>
         <load_address>0xe4</load_address>
         <run_address>0xe4</run_address>
         <size>0xa4e</size>
         <input_file_ref idref="fl-d8"/>
      </object_component>
      <object_component id="oc-2c6">
         <name>.text:Graphics_drawString</name>
         <load_address>0xb32</load_address>
         <run_address>0xb32</run_address>
         <size>0x47e</size>
         <input_file_ref idref="fl-15"/>
      </object_component>
      <object_component id="oc-37b">
         <name>.text:_pconv_a</name>
         <load_address>0xfb0</load_address>
         <run_address>0xfb0</run_address>
         <size>0x270</size>
         <input_file_ref idref="fl-d8"/>
      </object_component>
      <object_component id="oc-a5">
         <name>.text:main</name>
         <load_address>0x1220</load_address>
         <run_address>0x1220</run_address>
         <size>0x1f0</size>
         <input_file_ref idref="fl-2"/>
      </object_component>
      <object_component id="oc-23f">
         <name>.text:Crystalfontz128x128_PixelDrawMultiple</name>
         <load_address>0x1410</load_address>
         <run_address>0x1410</run_address>
         <size>0x1d8</size>
         <input_file_ref idref="fl-4"/>
      </object_component>
      <object_component id="oc-369">
         <name>.text:_pconv_g</name>
         <load_address>0x15e8</load_address>
         <run_address>0x15e8</run_address>
         <size>0x1d0</size>
         <input_file_ref idref="fl-d8"/>
      </object_component>
      <object_component id="oc-418">
         <name>.text</name>
         <load_address>0x17b8</load_address>
         <run_address>0x17b8</run_address>
         <size>0x1b6</size>
         <input_file_ref idref="fl-d9"/>
      </object_component>
      <object_component id="oc-6d">
         <name>.text:Default_Handler</name>
         <load_address>0x196e</load_address>
         <run_address>0x196e</run_address>
         <size>0x2</size>
         <input_file_ref idref="fl-6"/>
      </object_component>
      <object_component id="oc-182">
         <name>.text:_getIndexForMemRegister</name>
         <load_address>0x1970</load_address>
         <run_address>0x1970</run_address>
         <size>0x160</size>
         <input_file_ref idref="fl-17"/>
      </object_component>
      <object_component id="oc-375">
         <name>.text:_pconv_e</name>
         <load_address>0x1ad0</load_address>
         <run_address>0x1ad0</run_address>
         <size>0x13c</size>
         <input_file_ref idref="fl-d8"/>
      </object_component>
      <object_component id="oc-3fe">
         <name>.text</name>
         <load_address>0x1c0c</load_address>
         <run_address>0x1c0c</run_address>
         <size>0x136</size>
         <input_file_ref idref="fl-db"/>
      </object_component>
      <object_component id="oc-32f">
         <name>.text:_nop</name>
         <load_address>0x1d42</load_address>
         <run_address>0x1d42</run_address>
         <size>0x2</size>
         <input_file_ref idref="fl-e5"/>
      </object_component>
      <object_component id="oc-1fb">
         <name>.text:Crystalfontz128x128_SetDrawFrame</name>
         <load_address>0x1d44</load_address>
         <run_address>0x1d44</run_address>
         <size>0x134</size>
         <input_file_ref idref="fl-4"/>
      </object_component>
      <object_component id="oc-fb">
         <name>.text:Crystalfontz128x128_Init</name>
         <load_address>0x1e78</load_address>
         <run_address>0x1e78</run_address>
         <size>0x12c</size>
         <input_file_ref idref="fl-4"/>
      </object_component>
      <object_component id="oc-42a">
         <name>.text:fcvt</name>
         <load_address>0x1fa4</load_address>
         <run_address>0x1fa4</run_address>
         <size>0x124</size>
         <input_file_ref idref="fl-d8"/>
      </object_component>
      <object_component id="oc-43e">
         <name>.text:scalbn</name>
         <load_address>0x20c8</load_address>
         <run_address>0x20c8</run_address>
         <size>0x110</size>
         <input_file_ref idref="fl-f0"/>
      </object_component>
      <object_component id="oc-3f9">
         <name>.text</name>
         <load_address>0x21d8</load_address>
         <run_address>0x21d8</run_address>
         <size>0xfc</size>
         <input_file_ref idref="fl-dc"/>
      </object_component>
      <object_component id="oc-2c0">
         <name>.text:Graphics_getStringWidth</name>
         <load_address>0x22d4</load_address>
         <run_address>0x22d4</run_address>
         <size>0xfa</size>
         <input_file_ref idref="fl-15"/>
      </object_component>
      <object_component id="oc-489">
         <name>.text</name>
         <load_address>0x23ce</load_address>
         <run_address>0x23ce</run_address>
         <size>0x2</size>
         <input_file_ref idref="fl-f1"/>
      </object_component>
      <object_component id="oc-c5">
         <name>.text:drawAccelData</name>
         <load_address>0x23d0</load_address>
         <run_address>0x23d0</run_address>
         <size>0xe8</size>
         <input_file_ref idref="fl-2"/>
      </object_component>
      <object_component id="oc-12b">
         <name>.text:ADC14_configureConversionMemory</name>
         <load_address>0x24b8</load_address>
         <run_address>0x24b8</run_address>
         <size>0xb4</size>
         <input_file_ref idref="fl-17"/>
      </object_component>
      <object_component id="oc-125">
         <name>.text:ADC14_configureMultiSequenceMode</name>
         <load_address>0x256c</load_address>
         <run_address>0x256c</run_address>
         <size>0xb4</size>
         <input_file_ref idref="fl-17"/>
      </object_component>
      <object_component id="oc-35e">
         <name>.text:_ltostr</name>
         <load_address>0x2620</load_address>
         <run_address>0x2620</run_address>
         <size>0xb1</size>
         <input_file_ref idref="fl-d8"/>
      </object_component>
      <object_component id="oc-2df">
         <name>.text:SPI_initMaster</name>
         <load_address>0x26d2</load_address>
         <run_address>0x26d2</run_address>
         <size>0xb0</size>
         <input_file_ref idref="fl-1a"/>
      </object_component>
      <object_component id="oc-251">
         <name>.text:Crystalfontz128x128_RectFill</name>
         <load_address>0x2782</load_address>
         <run_address>0x2782</run_address>
         <size>0x9c</size>
         <input_file_ref idref="fl-4"/>
      </object_component>
      <object_component id="oc-3aa">
         <name>.text:Graphics_drawLineH</name>
         <load_address>0x281e</load_address>
         <run_address>0x281e</run_address>
         <size>0x9c</size>
         <input_file_ref idref="fl-16"/>
      </object_component>
      <object_component id="oc-37">
         <name>.text</name>
         <load_address>0x28ba</load_address>
         <run_address>0x28ba</run_address>
         <size>0x9c</size>
         <input_file_ref idref="fl-d2"/>
      </object_component>
      <object_component id="oc-3f2">
         <name>.text</name>
         <load_address>0x2956</load_address>
         <run_address>0x2956</run_address>
         <size>0x96</size>
         <input_file_ref idref="fl-e0"/>
      </object_component>
      <object_component id="oc-2d2">
         <name>.text:GPIO_setAsPeripheralModuleFunctionOutputPin</name>
         <load_address>0x29ec</load_address>
         <run_address>0x29ec</run_address>
         <size>0x88</size>
         <input_file_ref idref="fl-18"/>
      </object_component>
      <object_component id="oc-364">
         <name>.text:__aeabi_cdcmple</name>
         <load_address>0x2a74</load_address>
         <run_address>0x2a74</run_address>
         <size>0x86</size>
         <input_file_ref idref="fl-da"/>
      </object_component>
      <object_component id="oc-403">
         <name>.text:__aeabi_cdrcmple</name>
         <load_address>0x2afa</load_address>
         <run_address>0x2afa</run_address>
         <size>0x86</size>
         <input_file_ref idref="fl-da"/>
      </object_component>
      <object_component id="oc-99">
         <name>.text</name>
         <load_address>0x2b80</load_address>
         <run_address>0x2b80</run_address>
         <size>0x7a</size>
         <input_file_ref idref="fl-df"/>
      </object_component>
      <object_component id="oc-b7">
         <name>.text:SystemInit</name>
         <load_address>0x2bfc</load_address>
         <run_address>0x2bfc</run_address>
         <size>0x78</size>
         <input_file_ref idref="fl-3"/>
      </object_component>
      <object_component id="oc-423">
         <name>.text:_mcpy</name>
         <load_address>0x2c74</load_address>
         <run_address>0x2c74</run_address>
         <size>0x6e</size>
         <input_file_ref idref="fl-d8"/>
      </object_component>
      <object_component id="oc-17">
         <name>.text:decompress:lzss:__TI_decompress_lzss</name>
         <load_address>0x2ce2</load_address>
         <run_address>0x2ce2</run_address>
         <size>0x68</size>
         <input_file_ref idref="fl-d5"/>
      </object_component>
      <object_component id="oc-438">
         <name>.text:frexp</name>
         <load_address>0x2d4c</load_address>
         <run_address>0x2d4c</run_address>
         <size>0x64</size>
         <input_file_ref idref="fl-ef"/>
      </object_component>
      <object_component id="oc-73">
         <name>.text:ADC14_IRQHandler</name>
         <load_address>0x2db0</load_address>
         <run_address>0x2db0</run_address>
         <size>0x60</size>
         <input_file_ref idref="fl-2"/>
      </object_component>
      <object_component id="oc-245">
         <name>.text:Crystalfontz128x128_LineDrawH</name>
         <load_address>0x2e10</load_address>
         <run_address>0x2e10</run_address>
         <size>0x60</size>
         <input_file_ref idref="fl-4"/>
      </object_component>
      <object_component id="oc-24b">
         <name>.text:Crystalfontz128x128_LineDrawV</name>
         <load_address>0x2e70</load_address>
         <run_address>0x2e70</run_address>
         <size>0x60</size>
         <input_file_ref idref="fl-4"/>
      </object_component>
      <object_component id="oc-d4">
         <name>.text:displayTimeRemaining</name>
         <load_address>0x2ed0</load_address>
         <run_address>0x2ed0</run_address>
         <size>0x60</size>
         <input_file_ref idref="fl-2"/>
      </object_component>
      <object_component id="oc-36f">
         <name>.text:_pconv_f</name>
         <load_address>0x2f30</load_address>
         <run_address>0x2f30</run_address>
         <size>0x56</size>
         <input_file_ref idref="fl-d8"/>
      </object_component>
      <object_component id="oc-101">
         <name>.text:Crystalfontz128x128_SetOrientation</name>
         <load_address>0x2f88</load_address>
         <run_address>0x2f88</run_address>
         <size>0x54</size>
         <input_file_ref idref="fl-4"/>
      </object_component>
      <object_component id="oc-40d">
         <name>.text:__TI_ltoa</name>
         <load_address>0x2fdc</load_address>
         <run_address>0x2fdc</run_address>
         <size>0x54</size>
         <input_file_ref idref="fl-e6"/>
      </object_component>
      <object_component id="oc-107">
         <name>.text:Graphics_initContext</name>
         <load_address>0x3030</load_address>
         <run_address>0x3030</run_address>
         <size>0x52</size>
         <input_file_ref idref="fl-12"/>
      </object_component>
      <object_component id="oc-41d">
         <name>.text:_ecpy</name>
         <load_address>0x3082</load_address>
         <run_address>0x3082</run_address>
         <size>0x52</size>
         <input_file_ref idref="fl-d8"/>
      </object_component>
      <object_component id="oc-358">
         <name>.text:atoi</name>
         <load_address>0x30d4</load_address>
         <run_address>0x30d4</run_address>
         <size>0x4c</size>
         <input_file_ref idref="fl-e8"/>
      </object_component>
      <object_component id="oc-1c2">
         <name>.text:Graphics_drawStringCentered</name>
         <load_address>0x3120</load_address>
         <run_address>0x3120</run_address>
         <size>0x48</size>
         <input_file_ref idref="fl-15"/>
      </object_component>
      <object_component id="oc-408">
         <name>.text</name>
         <load_address>0x3168</load_address>
         <run_address>0x3168</run_address>
         <size>0x48</size>
         <input_file_ref idref="fl-dd"/>
      </object_component>
      <object_component id="oc-14f">
         <name>.text:__TI_auto_init_nobinit_nopinit:__TI_auto_init_nobinit_nopinit</name>
         <load_address>0x31b0</load_address>
         <run_address>0x31b0</run_address>
         <size>0x44</size>
         <input_file_ref idref="fl-e1"/>
      </object_component>
      <object_component id="oc-239">
         <name>.text:Crystalfontz128x128_PixelDraw</name>
         <load_address>0x31f4</load_address>
         <run_address>0x31f4</run_address>
         <size>0x40</size>
         <input_file_ref idref="fl-4"/>
      </object_component>
      <object_component id="oc-2d8">
         <name>.text:GPIO_setAsOutputPin</name>
         <load_address>0x3234</load_address>
         <run_address>0x3234</run_address>
         <size>0x40</size>
         <input_file_ref idref="fl-18"/>
      </object_component>
      <object_component id="oc-3a4">
         <name>.text:Graphics_getNumberOfLeadingZeros</name>
         <load_address>0x3274</load_address>
         <run_address>0x3274</run_address>
         <size>0x40</size>
         <input_file_ref idref="fl-15"/>
      </object_component>
      <object_component id="oc-1dd">
         <name>.text:HAL_LCD_SpiInit</name>
         <load_address>0x32b4</load_address>
         <run_address>0x32b4</run_address>
         <size>0x40</size>
         <input_file_ref idref="fl-5"/>
      </object_component>
      <object_component id="oc-1a8">
         <name>.text:displayScore</name>
         <load_address>0x32f4</load_address>
         <run_address>0x32f4</run_address>
         <size>0x40</size>
         <input_file_ref idref="fl-2"/>
      </object_component>
      <object_component id="oc-3bd">
         <name>.text:is_A_Module</name>
         <load_address>0x3334</load_address>
         <run_address>0x3334</run_address>
         <size>0x40</size>
         <input_file_ref idref="fl-1a"/>
      </object_component>
      <object_component id="oc-1bc">
         <name>.text:sprintf</name>
         <load_address>0x3374</load_address>
         <run_address>0x3374</run_address>
         <size>0x40</size>
         <input_file_ref idref="fl-d1"/>
      </object_component>
      <object_component id="oc-430">
         <name>.text:_fcpy</name>
         <load_address>0x33b4</load_address>
         <run_address>0x33b4</run_address>
         <size>0x3e</size>
         <input_file_ref idref="fl-d8"/>
      </object_component>
      <object_component id="oc-1ae">
         <name>.text:reset_timer</name>
         <load_address>0x33f4</load_address>
         <run_address>0x33f4</run_address>
         <size>0x3c</size>
         <input_file_ref idref="fl-2"/>
      </object_component>
      <object_component id="oc-1ef">
         <name>.text:HAL_LCD_writeCommand</name>
         <load_address>0x3430</load_address>
         <run_address>0x3430</run_address>
         <size>0x38</size>
         <input_file_ref idref="fl-5"/>
      </object_component>
      <object_component id="oc-11f">
         <name>.text:drawTitle</name>
         <load_address>0x3468</load_address>
         <run_address>0x3468</run_address>
         <size>0x38</size>
         <input_file_ref idref="fl-2"/>
      </object_component>
      <object_component id="oc-46b">
         <name>.text:Graphics_drawHorizontalLineOnDisplay</name>
         <load_address>0x34a0</load_address>
         <run_address>0x34a0</run_address>
         <size>0x36</size>
         <input_file_ref idref="fl-13"/>
      </object_component>
      <object_component id="oc-79">
         <name>.text:T32_INT1_IRQHandler</name>
         <load_address>0x34d8</load_address>
         <run_address>0x34d8</run_address>
         <size>0x34</size>
         <input_file_ref idref="fl-2"/>
      </object_component>
      <object_component id="oc-55">
         <name>.text:_c_int00_noargs:_c_int00_noargs</name>
         <load_address>0x350c</load_address>
         <run_address>0x350c</run_address>
         <size>0x34</size>
         <input_file_ref idref="fl-d7"/>
      </object_component>
      <object_component id="oc-1c9">
         <name>.text:rand</name>
         <load_address>0x3540</load_address>
         <run_address>0x3540</run_address>
         <size>0x34</size>
         <input_file_ref idref="fl-d6"/>
      </object_component>
      <object_component id="oc-1d7">
         <name>.text:HAL_LCD_PortInit</name>
         <load_address>0x3574</load_address>
         <run_address>0x3574</run_address>
         <size>0x30</size>
         <input_file_ref idref="fl-5"/>
      </object_component>
      <object_component id="oc-1a2">
         <name>.text:displayWord</name>
         <load_address>0x35a4</load_address>
         <run_address>0x35a4</run_address>
         <size>0x30</size>
         <input_file_ref idref="fl-2"/>
      </object_component>
      <object_component id="oc-413">
         <name>.text</name>
         <load_address>0x35d4</load_address>
         <run_address>0x35d4</run_address>
         <size>0x2e</size>
         <input_file_ref idref="fl-de"/>
      </object_component>
      <object_component id="oc-263">
         <name>.text:Crystalfontz128x128_ClearScreen</name>
         <load_address>0x3604</load_address>
         <run_address>0x3604</run_address>
         <size>0x2c</size>
         <input_file_ref idref="fl-4"/>
      </object_component>
      <object_component id="oc-3b0">
         <name>.text:Graphics_drawPixelOnDisplay</name>
         <load_address>0x3630</load_address>
         <run_address>0x3630</run_address>
         <size>0x2c</size>
         <input_file_ref idref="fl-13"/>
      </object_component>
      <object_component id="oc-1f5">
         <name>.text:HAL_LCD_writeData</name>
         <load_address>0x365c</load_address>
         <run_address>0x365c</run_address>
         <size>0x2c</size>
         <input_file_ref idref="fl-5"/>
      </object_component>
      <object_component id="oc-196">
         <name>.text:get_remaining_time</name>
         <load_address>0x3688</load_address>
         <run_address>0x3688</run_address>
         <size>0x2c</size>
         <input_file_ref idref="fl-2"/>
      </object_component>
      <object_component id="oc-bf">
         <name>.text:ADC14_getResult</name>
         <load_address>0x36b4</load_address>
         <run_address>0x36b4</run_address>
         <size>0x28</size>
         <input_file_ref idref="fl-17"/>
      </object_component>
      <object_component id="oc-257">
         <name>.text:Crystalfontz128x128_ColorTranslate</name>
         <load_address>0x36dc</load_address>
         <run_address>0x36dc</run_address>
         <size>0x28</size>
         <input_file_ref idref="fl-4"/>
      </object_component>
      <object_component id="oc-1e9">
         <name>.text:GPIO_setOutputHighOnPin</name>
         <load_address>0x3704</load_address>
         <run_address>0x3704</run_address>
         <size>0x28</size>
         <input_file_ref idref="fl-18"/>
      </object_component>
      <object_component id="oc-1e3">
         <name>.text:GPIO_setOutputLowOnPin</name>
         <load_address>0x372c</load_address>
         <run_address>0x372c</run_address>
         <size>0x28</size>
         <input_file_ref idref="fl-18"/>
      </object_component>
      <object_component id="oc-da">
         <name>.text:next_word</name>
         <load_address>0x3754</load_address>
         <run_address>0x3754</run_address>
         <size>0x20</size>
         <input_file_ref idref="fl-2"/>
      </object_component>
      <object_component id="oc-2e5">
         <name>.text:SPI_enableModule</name>
         <load_address>0x3774</load_address>
         <run_address>0x3774</run_address>
         <size>0x1c</size>
         <input_file_ref idref="fl-1a"/>
      </object_component>
      <object_component id="oc-43">
         <name>.text:decompress:ZI:__TI_zero_init_nomemset:__TI_zero_init_nomemset</name>
         <load_address>0x3790</load_address>
         <run_address>0x3790</run_address>
         <size>0x1c</size>
         <input_file_ref idref="fl-d3"/>
      </object_component>
      <object_component id="oc-381">
         <name>.text:memccpy</name>
         <load_address>0x37ac</load_address>
         <run_address>0x37ac</run_address>
         <size>0x1c</size>
         <input_file_ref idref="fl-ea"/>
      </object_component>
      <object_component id="oc-29a">
         <name>.text:Graphics_clearDisplayOnDisplay</name>
         <load_address>0x37c8</load_address>
         <run_address>0x37c8</run_address>
         <size>0x1a</size>
         <input_file_ref idref="fl-13"/>
      </object_component>
      <object_component id="oc-113">
         <name>.text:Graphics_setBackgroundColor</name>
         <load_address>0x37e2</load_address>
         <run_address>0x37e2</run_address>
         <size>0x1a</size>
         <input_file_ref idref="fl-12"/>
      </object_component>
      <object_component id="oc-119">
         <name>.text:Graphics_setFont</name>
         <load_address>0x37fc</load_address>
         <run_address>0x37fc</run_address>
         <size>0x1a</size>
         <input_file_ref idref="fl-12"/>
      </object_component>
      <object_component id="oc-4a2">
         <name>.text:copysign</name>
         <load_address>0x3816</load_address>
         <run_address>0x3816</run_address>
         <size>0x1a</size>
         <input_file_ref idref="fl-f2"/>
      </object_component>
      <object_component id="oc-2ad">
         <name>.text:_outs</name>
         <load_address>0x3830</load_address>
         <run_address>0x3830</run_address>
         <size>0x18</size>
         <input_file_ref idref="fl-d1"/>
      </object_component>
      <object_component id="oc-3c5">
         <name>.text:EUSCI_A_SPI_enable</name>
         <load_address>0x3848</load_address>
         <run_address>0x3848</run_address>
         <size>0x16</size>
         <input_file_ref idref="fl-1a"/>
      </object_component>
      <object_component id="oc-3cb">
         <name>.text:EUSCI_B_SPI_enable</name>
         <load_address>0x385e</load_address>
         <run_address>0x385e</run_address>
         <size>0x16</size>
         <input_file_ref idref="fl-1a"/>
      </object_component>
      <object_component id="oc-10d">
         <name>.text:Graphics_setForegroundColor</name>
         <load_address>0x3874</load_address>
         <run_address>0x3874</run_address>
         <size>0x16</size>
         <input_file_ref idref="fl-12"/>
      </object_component>
      <object_component id="oc-20e">
         <name>.text:Graphics_translateColorOnDisplay</name>
         <load_address>0x388a</load_address>
         <run_address>0x388a</run_address>
         <size>0x16</size>
         <input_file_ref idref="fl-13"/>
      </object_component>
      <object_component id="oc-444">
         <name>.text:strchr</name>
         <load_address>0x38a0</load_address>
         <run_address>0x38a0</run_address>
         <size>0x16</size>
         <input_file_ref idref="fl-eb"/>
      </object_component>
      <object_component id="oc-352">
         <name>.text:strlen</name>
         <load_address>0x38b6</load_address>
         <run_address>0x38b6</run_address>
         <size>0x14</size>
         <input_file_ref idref="fl-ec"/>
      </object_component>
      <object_component id="oc-19c">
         <name>.text:Graphics_clearDisplay</name>
         <load_address>0x38ca</load_address>
         <run_address>0x38ca</run_address>
         <size>0x12</size>
         <input_file_ref idref="fl-12"/>
      </object_component>
      <object_component id="oc-387">
         <name>.text:wcslen</name>
         <load_address>0x38dc</load_address>
         <run_address>0x38dc</run_address>
         <size>0x12</size>
         <input_file_ref idref="fl-ee"/>
      </object_component>
      <object_component id="oc-218">
         <name>.text:ADCIsConversionRunning</name>
         <load_address>0x38f0</load_address>
         <run_address>0x38f0</run_address>
         <size>0x10</size>
         <input_file_ref idref="fl-17"/>
      </object_component>
      <object_component id="oc-1d">
         <name>.text:decompress:none:__TI_decompress_none</name>
         <load_address>0x3900</load_address>
         <run_address>0x3900</run_address>
         <size>0xe</size>
         <input_file_ref idref="fl-d4"/>
      </object_component>
      <object_component id="oc-67">
         <name>.text:Reset_Handler</name>
         <load_address>0x390e</load_address>
         <run_address>0x390e</run_address>
         <size>0xc</size>
         <input_file_ref idref="fl-6"/>
      </object_component>
      <object_component id="oc-25d">
         <name>.text:Crystalfontz128x128_Flush</name>
         <load_address>0x391a</load_address>
         <run_address>0x391a</run_address>
         <size>0xa</size>
         <input_file_ref idref="fl-4"/>
      </object_component>
      <object_component id="oc-2b3">
         <name>.text:_outc</name>
         <load_address>0x3924</load_address>
         <run_address>0x3924</run_address>
         <size>0xa</size>
         <input_file_ref idref="fl-d1"/>
      </object_component>
      <object_component id="oc-38d">
         <name>.text:__aeabi_errno_addr</name>
         <load_address>0x3930</load_address>
         <run_address>0x3930</run_address>
         <size>0x8</size>
         <input_file_ref idref="fl-ed"/>
      </object_component>
      <object_component id="oc-9f">
         <name>.text:_system_pre_init</name>
         <load_address>0x3938</load_address>
         <run_address>0x3938</run_address>
         <size>0x4</size>
         <input_file_ref idref="fl-e2"/>
      </object_component>
      <object_component id="oc-143">
         <name>.text:abort:abort</name>
         <load_address>0x393c</load_address>
         <run_address>0x393c</run_address>
         <size>0x4</size>
         <input_file_ref idref="fl-e4"/>
      </object_component>
      <object_component id="oc-26b">
         <name>.const:.string:g_pucFontFixed6x8Data</name>
         <load_address>0x3940</load_address>
         <run_address>0x3940</run_address>
         <size>0x2f8</size>
         <input_file_ref idref="fl-14"/>
      </object_component>
      <object_component id="oc-34f">
         <name>.const:.string</name>
         <load_address>0x3c38</load_address>
         <run_address>0x3c38</run_address>
         <size>0x12e</size>
         <input_file_ref idref="fl-2"/>
      </object_component>
      <object_component id="oc-3ed">
         <name>.const:.string:_ctypes_</name>
         <load_address>0x3d66</load_address>
         <run_address>0x3d66</run_address>
         <size>0x101</size>
         <input_file_ref idref="fl-e9"/>
      </object_component>
      <object_component id="oc-13a">
         <name>.const:g_sFontFixed6x8</name>
         <load_address>0x3e68</load_address>
         <run_address>0x3e68</run_address>
         <size>0xc8</size>
         <input_file_ref idref="fl-14"/>
      </object_component>
      <object_component id="oc-188">
         <name>.const:_ctlRegs</name>
         <load_address>0x3f30</load_address>
         <run_address>0x3f30</run_address>
         <size>0x80</size>
         <input_file_ref idref="fl-17"/>
      </object_component>
      <object_component id="oc-2f4">
         <name>.const:GPIO_PORT_TO_BASE</name>
         <load_address>0x3fb0</load_address>
         <run_address>0x3fb0</run_address>
         <size>0x30</size>
         <input_file_ref idref="fl-18"/>
      </object_component>
      <object_component id="oc-137">
         <name>.const:g_sCrystalfontz128x128_funcs</name>
         <load_address>0x3fe0</load_address>
         <run_address>0x3fe0</run_address>
         <size>0x20</size>
         <input_file_ref idref="fl-4"/>
      </object_component>
      <object_component id="oc-2eb">
         <name>.const:$P$T0$1</name>
         <load_address>0x4000</load_address>
         <run_address>0x4000</run_address>
         <size>0x1c</size>
         <input_file_ref idref="fl-5"/>
      </object_component>
      <object_component id="oc-325">
         <name>.const:$P$T0$1</name>
         <load_address>0x401c</load_address>
         <run_address>0x401c</run_address>
         <size>0x8</size>
         <input_file_ref idref="fl-4"/>
      </object_component>
      <object_component id="oc-503">
         <name>.cinit..data.load</name>
         <load_address>0x4028</load_address>
         <run_address>0x4028</run_address>
         <size>0x83</size>
      </object_component>
      <object_component id="oc-501">
         <name>__TI_handler_table</name>
         <load_address>0x40ac</load_address>
         <run_address>0x40ac</run_address>
         <size>0xc</size>
      </object_component>
      <object_component id="oc-504">
         <name>.cinit..bss.load</name>
         <load_address>0x40b8</load_address>
         <run_address>0x40b8</run_address>
         <size>0x8</size>
      </object_component>
      <object_component id="oc-502">
         <name>__TI_cinit_table</name>
         <load_address>0x40c0</load_address>
         <run_address>0x40c0</run_address>
         <size>0x10</size>
      </object_component>
      <object_component id="oc-4d5">
         <name>.binit</name>
         <load_address>0x0</load_address>
         <run_address>0x0</run_address>
         <size>0x0</size>
      </object_component>
      <object_component id="oc-e0">
         <name>.data</name>
         <load_address>0x20000088</load_address>
         <run_address>0x20000088</run_address>
         <size>0x10</size>
         <input_file_ref idref="fl-2"/>
      </object_component>
      <object_component id="oc-2a1">
         <name>.data:words</name>
         <load_address>0x20000000</load_address>
         <run_address>0x20000000</run_address>
         <size>0x78</size>
         <input_file_ref idref="fl-2"/>
      </object_component>
      <object_component id="oc-134">
         <name>.data:g_sCrystalfontz128x128</name>
         <load_address>0x20000078</load_address>
         <run_address>0x20000078</run_address>
         <size>0x10</size>
         <input_file_ref idref="fl-4"/>
      </object_component>
      <object_component id="oc-2ce">
         <name>.data</name>
         <load_address>0x200000a4</load_address>
         <run_address>0x200000a4</run_address>
         <size>0x4</size>
         <input_file_ref idref="fl-d6"/>
      </object_component>
      <object_component id="oc-275">
         <name>.data:$O1$$</name>
         <load_address>0x20000098</load_address>
         <run_address>0x20000098</run_address>
         <size>0x8</size>
         <input_file_ref idref="fl-e5"/>
      </object_component>
      <object_component id="oc-454">
         <name>.data</name>
         <load_address>0x200000a0</load_address>
         <run_address>0x200000a0</run_address>
         <size>0x4</size>
         <input_file_ref idref="fl-ed"/>
      </object_component>
      <object_component id="oc-cb">
         <name>.bss:resultsBuffer</name>
         <uninitialized>true</uninitialized>
         <run_address>0x200000c4</run_address>
         <size>0x8</size>
         <input_file_ref idref="fl-2"/>
      </object_component>
      <object_component id="oc-131">
         <name>.common:g_sContext</name>
         <uninitialized>true</uninitialized>
         <run_address>0x200000a8</run_address>
         <size>0x1c</size>
      </object_component>
      <object_component id="oc-20a">
         <name>.common:Lcd_Orientation</name>
         <uninitialized>true</uninitialized>
         <run_address>0x200000d4</run_address>
         <size>0x1</size>
      </object_component>
      <object_component id="oc-201">
         <name>.common:Lcd_ScreenWidth</name>
         <uninitialized>true</uninitialized>
         <run_address>0x200000ce</run_address>
         <size>0x2</size>
      </object_component>
      <object_component id="oc-204">
         <name>.common:Lcd_ScreenHeigth</name>
         <uninitialized>true</uninitialized>
         <run_address>0x200000cc</run_address>
         <size>0x2</size>
      </object_component>
      <object_component id="oc-205">
         <name>.common:Lcd_PenSolid</name>
         <uninitialized>true</uninitialized>
         <run_address>0x200000d5</run_address>
         <size>0x1</size>
      </object_component>
      <object_component id="oc-206">
         <name>.common:Lcd_FontSolid</name>
         <uninitialized>true</uninitialized>
         <run_address>0x200000d3</run_address>
         <size>0x1</size>
      </object_component>
      <object_component id="oc-207">
         <name>.common:Lcd_FlagRead</name>
         <uninitialized>true</uninitialized>
         <run_address>0x200000d2</run_address>
         <size>0x1</size>
      </object_component>
      <object_component id="oc-208">
         <name>.common:Lcd_TouchTrim</name>
         <uninitialized>true</uninitialized>
         <run_address>0x200000d0</run_address>
         <size>0x2</size>
      </object_component>
      <object_component id="oc-29">
         <name>.stack</name>
         <uninitialized>true</uninitialized>
         <run_address>0x2000fe00</run_address>
         <size>0x4</size>
         <input_file_ref idref="fl-d7"/>
      </object_component>
      <object_component id="oc-506">
         <name>.stack</name>
         <uninitialized>true</uninitialized>
         <run_address>0x2000fe00</run_address>
         <size>0x0</size>
      </object_component>
      <object_component id="oc-132">
         <name>.debug_info</name>
         <load_address>0x0</load_address>
         <run_address>0x0</run_address>
         <size>0xba3</size>
         <input_file_ref idref="fl-2"/>
      </object_component>
      <object_component id="oc-cc">
         <name>.debug_info</name>
         <load_address>0xba3</load_address>
         <run_address>0xba3</run_address>
         <size>0x110</size>
         <input_file_ref idref="fl-2"/>
      </object_component>
      <object_component id="oc-e1">
         <name>.debug_info</name>
         <load_address>0xcb3</load_address>
         <run_address>0xcb3</run_address>
         <size>0x172</size>
         <input_file_ref idref="fl-2"/>
      </object_component>
      <object_component id="oc-2a2">
         <name>.debug_info</name>
         <load_address>0xe25</load_address>
         <run_address>0xe25</run_address>
         <size>0x101</size>
         <input_file_ref idref="fl-2"/>
      </object_component>
      <object_component id="oc-a6">
         <name>.debug_info</name>
         <load_address>0xf26</load_address>
         <run_address>0xf26</run_address>
         <size>0x344</size>
         <input_file_ref idref="fl-2"/>
      </object_component>
      <object_component id="oc-121">
         <name>.debug_info</name>
         <load_address>0x126a</load_address>
         <run_address>0x126a</run_address>
         <size>0x185</size>
         <input_file_ref idref="fl-2"/>
      </object_component>
      <object_component id="oc-1a3">
         <name>.debug_info</name>
         <load_address>0x13ef</load_address>
         <run_address>0x13ef</run_address>
         <size>0x159</size>
         <input_file_ref idref="fl-2"/>
      </object_component>
      <object_component id="oc-1a9">
         <name>.debug_info</name>
         <load_address>0x1548</load_address>
         <run_address>0x1548</run_address>
         <size>0x183</size>
         <input_file_ref idref="fl-2"/>
      </object_component>
      <object_component id="oc-d5">
         <name>.debug_info</name>
         <load_address>0x16cb</load_address>
         <run_address>0x16cb</run_address>
         <size>0x1de</size>
         <input_file_ref idref="fl-2"/>
      </object_component>
      <object_component id="oc-dc">
         <name>.debug_info</name>
         <load_address>0x18a9</load_address>
         <run_address>0x18a9</run_address>
         <size>0x150</size>
         <input_file_ref idref="fl-2"/>
      </object_component>
      <object_component id="oc-198">
         <name>.debug_info</name>
         <load_address>0x19f9</load_address>
         <run_address>0x19f9</run_address>
         <size>0x188</size>
         <input_file_ref idref="fl-2"/>
      </object_component>
      <object_component id="oc-1b0">
         <name>.debug_info</name>
         <load_address>0x1b81</load_address>
         <run_address>0x1b81</run_address>
         <size>0x167</size>
         <input_file_ref idref="fl-2"/>
      </object_component>
      <object_component id="oc-c7">
         <name>.debug_info</name>
         <load_address>0x1ce8</load_address>
         <run_address>0x1ce8</run_address>
         <size>0x303</size>
         <input_file_ref idref="fl-2"/>
      </object_component>
      <object_component id="oc-7b">
         <name>.debug_info</name>
         <load_address>0x1feb</load_address>
         <run_address>0x1feb</run_address>
         <size>0x179</size>
         <input_file_ref idref="fl-2"/>
      </object_component>
      <object_component id="oc-75">
         <name>.debug_info</name>
         <load_address>0x2164</load_address>
         <run_address>0x2164</run_address>
         <size>0x1bb</size>
         <input_file_ref idref="fl-2"/>
      </object_component>
      <object_component id="oc-e6">
         <name>.debug_info</name>
         <load_address>0x231f</load_address>
         <run_address>0x231f</run_address>
         <size>0x26b</size>
         <input_file_ref idref="fl-2"/>
      </object_component>
      <object_component id="oc-228">
         <name>.debug_info</name>
         <load_address>0x258a</load_address>
         <run_address>0x258a</run_address>
         <size>0x1028</size>
         <input_file_ref idref="fl-2"/>
      </object_component>
      <object_component id="oc-223">
         <name>.debug_info</name>
         <load_address>0x35b2</load_address>
         <run_address>0x35b2</run_address>
         <size>0x37e2</size>
         <input_file_ref idref="fl-2"/>
      </object_component>
      <object_component id="oc-22d">
         <name>.debug_info</name>
         <load_address>0x6d94</load_address>
         <run_address>0x6d94</run_address>
         <size>0x439</size>
         <input_file_ref idref="fl-2"/>
      </object_component>
      <object_component id="oc-13e">
         <name>.debug_info</name>
         <load_address>0x71cd</load_address>
         <run_address>0x71cd</run_address>
         <size>0x8b</size>
         <input_file_ref idref="fl-2"/>
      </object_component>
      <object_component id="oc-1b7">
         <name>.debug_info</name>
         <load_address>0x7258</load_address>
         <run_address>0x7258</run_address>
         <size>0x2a4</size>
         <input_file_ref idref="fl-2"/>
      </object_component>
      <object_component id="oc-232">
         <name>.debug_info</name>
         <load_address>0x74fc</load_address>
         <run_address>0x74fc</run_address>
         <size>0xef</size>
         <input_file_ref idref="fl-2"/>
      </object_component>
      <object_component id="oc-cf">
         <name>.debug_info</name>
         <load_address>0x75eb</load_address>
         <run_address>0x75eb</run_address>
         <size>0xbb</size>
         <input_file_ref idref="fl-2"/>
      </object_component>
      <object_component id="oc-2bb">
         <name>.debug_info</name>
         <load_address>0x76a6</load_address>
         <run_address>0x76a6</run_address>
         <size>0x2c</size>
         <input_file_ref idref="fl-2"/>
      </object_component>
      <object_component id="oc-2ef">
         <name>.debug_info</name>
         <load_address>0x76d2</load_address>
         <run_address>0x76d2</run_address>
         <size>0x131</size>
         <input_file_ref idref="fl-2"/>
      </object_component>
      <object_component id="oc-1d2">
         <name>.debug_info</name>
         <load_address>0x7803</load_address>
         <run_address>0x7803</run_address>
         <size>0x48</size>
         <input_file_ref idref="fl-2"/>
      </object_component>
      <object_component id="oc-ba">
         <name>.debug_info</name>
         <load_address>0x784b</load_address>
         <run_address>0x784b</run_address>
         <size>0x162</size>
         <input_file_ref idref="fl-3"/>
      </object_component>
      <object_component id="oc-32">
         <name>.debug_info</name>
         <load_address>0x79ad</load_address>
         <run_address>0x79ad</run_address>
         <size>0x84</size>
         <input_file_ref idref="fl-3"/>
      </object_component>
      <object_component id="oc-202">
         <name>.debug_info</name>
         <load_address>0x7a31</load_address>
         <run_address>0x7a31</run_address>
         <size>0x960</size>
         <input_file_ref idref="fl-4"/>
      </object_component>
      <object_component id="oc-135">
         <name>.debug_info</name>
         <load_address>0x8391</load_address>
         <run_address>0x8391</run_address>
         <size>0x144</size>
         <input_file_ref idref="fl-4"/>
      </object_component>
      <object_component id="oc-138">
         <name>.debug_info</name>
         <load_address>0x84d5</load_address>
         <run_address>0x84d5</run_address>
         <size>0x150</size>
         <input_file_ref idref="fl-4"/>
      </object_component>
      <object_component id="oc-326">
         <name>.debug_info</name>
         <load_address>0x8625</load_address>
         <run_address>0x8625</run_address>
         <size>0x125</size>
         <input_file_ref idref="fl-4"/>
      </object_component>
      <object_component id="oc-fd">
         <name>.debug_info</name>
         <load_address>0x874a</load_address>
         <run_address>0x874a</run_address>
         <size>0x417</size>
         <input_file_ref idref="fl-4"/>
      </object_component>
      <object_component id="oc-1fd">
         <name>.debug_info</name>
         <load_address>0x8b61</load_address>
         <run_address>0x8b61</run_address>
         <size>0x323</size>
         <input_file_ref idref="fl-4"/>
      </object_component>
      <object_component id="oc-103">
         <name>.debug_info</name>
         <load_address>0x8e84</load_address>
         <run_address>0x8e84</run_address>
         <size>0x27f</size>
         <input_file_ref idref="fl-4"/>
      </object_component>
      <object_component id="oc-23a">
         <name>.debug_info</name>
         <load_address>0x9103</load_address>
         <run_address>0x9103</run_address>
         <size>0x2c4</size>
         <input_file_ref idref="fl-4"/>
      </object_component>
      <object_component id="oc-241">
         <name>.debug_info</name>
         <load_address>0x93c7</load_address>
         <run_address>0x93c7</run_address>
         <size>0x427</size>
         <input_file_ref idref="fl-4"/>
      </object_component>
      <object_component id="oc-247">
         <name>.debug_info</name>
         <load_address>0x97ee</load_address>
         <run_address>0x97ee</run_address>
         <size>0x2df</size>
         <input_file_ref idref="fl-4"/>
      </object_component>
      <object_component id="oc-24d">
         <name>.debug_info</name>
         <load_address>0x9acd</load_address>
         <run_address>0x9acd</run_address>
         <size>0x2df</size>
         <input_file_ref idref="fl-4"/>
      </object_component>
      <object_component id="oc-252">
         <name>.debug_info</name>
         <load_address>0x9dac</load_address>
         <run_address>0x9dac</run_address>
         <size>0x310</size>
         <input_file_ref idref="fl-4"/>
      </object_component>
      <object_component id="oc-258">
         <name>.debug_info</name>
         <load_address>0xa0bc</load_address>
         <run_address>0xa0bc</run_address>
         <size>0x22d</size>
         <input_file_ref idref="fl-4"/>
      </object_component>
      <object_component id="oc-25e">
         <name>.debug_info</name>
         <load_address>0xa2e9</load_address>
         <run_address>0xa2e9</run_address>
         <size>0x1e8</size>
         <input_file_ref idref="fl-4"/>
      </object_component>
      <object_component id="oc-264">
         <name>.debug_info</name>
         <load_address>0xa4d1</load_address>
         <run_address>0xa4d1</run_address>
         <size>0x258</size>
         <input_file_ref idref="fl-4"/>
      </object_component>
      <object_component id="oc-2fe">
         <name>.debug_info</name>
         <load_address>0xa729</load_address>
         <run_address>0xa729</run_address>
         <size>0x37e2</size>
         <input_file_ref idref="fl-4"/>
      </object_component>
      <object_component id="oc-3d4">
         <name>.debug_info</name>
         <load_address>0xdf0b</load_address>
         <run_address>0xdf0b</run_address>
         <size>0x8a6</size>
         <input_file_ref idref="fl-5"/>
      </object_component>
      <object_component id="oc-2ec">
         <name>.debug_info</name>
         <load_address>0xe7b1</load_address>
         <run_address>0xe7b1</run_address>
         <size>0x138</size>
         <input_file_ref idref="fl-5"/>
      </object_component>
      <object_component id="oc-1d9">
         <name>.debug_info</name>
         <load_address>0xe8e9</load_address>
         <run_address>0xe8e9</run_address>
         <size>0x28f</size>
         <input_file_ref idref="fl-5"/>
      </object_component>
      <object_component id="oc-1df">
         <name>.debug_info</name>
         <load_address>0xeb78</load_address>
         <run_address>0xeb78</run_address>
         <size>0x258</size>
         <input_file_ref idref="fl-5"/>
      </object_component>
      <object_component id="oc-1f2">
         <name>.debug_info</name>
         <load_address>0xedd0</load_address>
         <run_address>0xedd0</run_address>
         <size>0x24f</size>
         <input_file_ref idref="fl-5"/>
      </object_component>
      <object_component id="oc-1f8">
         <name>.debug_info</name>
         <load_address>0xf01f</load_address>
         <run_address>0xf01f</run_address>
         <size>0x202</size>
         <input_file_ref idref="fl-5"/>
      </object_component>
      <object_component id="oc-81">
         <name>.debug_info</name>
         <load_address>0xf221</load_address>
         <run_address>0xf221</run_address>
         <size>0x302</size>
         <input_file_ref idref="fl-6"/>
      </object_component>
      <object_component id="oc-27">
         <name>.debug_info</name>
         <load_address>0xf523</load_address>
         <run_address>0xf523</run_address>
         <size>0x12e</size>
         <input_file_ref idref="fl-6"/>
      </object_component>
      <object_component id="oc-6b">
         <name>.debug_info</name>
         <load_address>0xf651</load_address>
         <run_address>0xf651</run_address>
         <size>0x191</size>
         <input_file_ref idref="fl-6"/>
      </object_component>
      <object_component id="oc-6f">
         <name>.debug_info</name>
         <load_address>0xf7e2</load_address>
         <run_address>0xf7e2</run_address>
         <size>0x179</size>
         <input_file_ref idref="fl-6"/>
      </object_component>
      <object_component id="oc-20d">
         <name>.debug_info</name>
         <load_address>0xf95b</load_address>
         <run_address>0xf95b</run_address>
         <size>0x561</size>
         <input_file_ref idref="fl-12"/>
      </object_component>
      <object_component id="oc-109">
         <name>.debug_info</name>
         <load_address>0xfebc</load_address>
         <run_address>0xfebc</run_address>
         <size>0x1ef</size>
         <input_file_ref idref="fl-12"/>
      </object_component>
      <object_component id="oc-115">
         <name>.debug_info</name>
         <load_address>0x100ab</load_address>
         <run_address>0x100ab</run_address>
         <size>0x203</size>
         <input_file_ref idref="fl-12"/>
      </object_component>
      <object_component id="oc-11c">
         <name>.debug_info</name>
         <load_address>0x102ae</load_address>
         <run_address>0x102ae</run_address>
         <size>0x1d0</size>
         <input_file_ref idref="fl-12"/>
      </object_component>
      <object_component id="oc-10f">
         <name>.debug_info</name>
         <load_address>0x1047e</load_address>
         <run_address>0x1047e</run_address>
         <size>0x1f6</size>
         <input_file_ref idref="fl-12"/>
      </object_component>
      <object_component id="oc-1a0">
         <name>.debug_info</name>
         <load_address>0x10674</load_address>
         <run_address>0x10674</run_address>
         <size>0x1c3</size>
         <input_file_ref idref="fl-12"/>
      </object_component>
      <object_component id="oc-30a">
         <name>.debug_info</name>
         <load_address>0x10837</load_address>
         <run_address>0x10837</run_address>
         <size>0x26b</size>
         <input_file_ref idref="fl-12"/>
      </object_component>
      <object_component id="oc-305">
         <name>.debug_info</name>
         <load_address>0x10aa2</load_address>
         <run_address>0x10aa2</run_address>
         <size>0x439</size>
         <input_file_ref idref="fl-12"/>
      </object_component>
      <object_component id="oc-294">
         <name>.debug_info</name>
         <load_address>0x10edb</load_address>
         <run_address>0x10edb</run_address>
         <size>0x297</size>
         <input_file_ref idref="fl-12"/>
      </object_component>
      <object_component id="oc-18c">
         <name>.debug_info</name>
         <load_address>0x11172</load_address>
         <run_address>0x11172</run_address>
         <size>0xef</size>
         <input_file_ref idref="fl-12"/>
      </object_component>
      <object_component id="oc-191">
         <name>.debug_info</name>
         <load_address>0x11261</load_address>
         <run_address>0x11261</run_address>
         <size>0xbb</size>
         <input_file_ref idref="fl-12"/>
      </object_component>
      <object_component id="oc-310">
         <name>.debug_info</name>
         <load_address>0x1131c</load_address>
         <run_address>0x1131c</run_address>
         <size>0x3fb</size>
         <input_file_ref idref="fl-13"/>
      </object_component>
      <object_component id="oc-3b1">
         <name>.debug_info</name>
         <load_address>0x11717</load_address>
         <run_address>0x11717</run_address>
         <size>0x203</size>
         <input_file_ref idref="fl-13"/>
      </object_component>
      <object_component id="oc-46d">
         <name>.debug_info</name>
         <load_address>0x1191a</load_address>
         <run_address>0x1191a</run_address>
         <size>0x221</size>
         <input_file_ref idref="fl-13"/>
      </object_component>
      <object_component id="oc-20f">
         <name>.debug_info</name>
         <load_address>0x11b3b</load_address>
         <run_address>0x11b3b</run_address>
         <size>0x1e3</size>
         <input_file_ref idref="fl-13"/>
      </object_component>
      <object_component id="oc-29c">
         <name>.debug_info</name>
         <load_address>0x11d1e</load_address>
         <run_address>0x11d1e</run_address>
         <size>0x1db</size>
         <input_file_ref idref="fl-13"/>
      </object_component>
      <object_component id="oc-270">
         <name>.debug_info</name>
         <load_address>0x11ef9</load_address>
         <run_address>0x11ef9</run_address>
         <size>0x27c</size>
         <input_file_ref idref="fl-14"/>
      </object_component>
      <object_component id="oc-26c">
         <name>.debug_info</name>
         <load_address>0x12175</load_address>
         <run_address>0x12175</run_address>
         <size>0x13a</size>
         <input_file_ref idref="fl-14"/>
      </object_component>
      <object_component id="oc-13b">
         <name>.debug_info</name>
         <load_address>0x122af</load_address>
         <run_address>0x122af</run_address>
         <size>0x12f</size>
         <input_file_ref idref="fl-14"/>
      </object_component>
      <object_component id="oc-2cd">
         <name>.debug_info</name>
         <load_address>0x123de</load_address>
         <run_address>0x123de</run_address>
         <size>0x4ba</size>
         <input_file_ref idref="fl-15"/>
      </object_component>
      <object_component id="oc-3a8">
         <name>.debug_info</name>
         <load_address>0x12898</load_address>
         <run_address>0x12898</run_address>
         <size>0x1c5</size>
         <input_file_ref idref="fl-15"/>
      </object_component>
      <object_component id="oc-2c4">
         <name>.debug_info</name>
         <load_address>0x12a5d</load_address>
         <run_address>0x12a5d</run_address>
         <size>0x28e</size>
         <input_file_ref idref="fl-15"/>
      </object_component>
      <object_component id="oc-2ca">
         <name>.debug_info</name>
         <load_address>0x12ceb</load_address>
         <run_address>0x12ceb</run_address>
         <size>0x42a</size>
         <input_file_ref idref="fl-15"/>
      </object_component>
      <object_component id="oc-1c6">
         <name>.debug_info</name>
         <load_address>0x13115</load_address>
         <run_address>0x13115</run_address>
         <size>0x26e</size>
         <input_file_ref idref="fl-15"/>
      </object_component>
      <object_component id="oc-472">
         <name>.debug_info</name>
         <load_address>0x13383</load_address>
         <run_address>0x13383</run_address>
         <size>0x53b</size>
         <input_file_ref idref="fl-16"/>
      </object_component>
      <object_component id="oc-3ad">
         <name>.debug_info</name>
         <load_address>0x138be</load_address>
         <run_address>0x138be</run_address>
         <size>0x216</size>
         <input_file_ref idref="fl-16"/>
      </object_component>
      <object_component id="oc-220">
         <name>.debug_info</name>
         <load_address>0x13ad4</load_address>
         <run_address>0x13ad4</run_address>
         <size>0x706</size>
         <input_file_ref idref="fl-17"/>
      </object_component>
      <object_component id="oc-189">
         <name>.debug_info</name>
         <load_address>0x141da</load_address>
         <run_address>0x141da</run_address>
         <size>0x124</size>
         <input_file_ref idref="fl-17"/>
      </object_component>
      <object_component id="oc-184">
         <name>.debug_info</name>
         <load_address>0x142fe</load_address>
         <run_address>0x142fe</run_address>
         <size>0x1d9</size>
         <input_file_ref idref="fl-17"/>
      </object_component>
      <object_component id="oc-21b">
         <name>.debug_info</name>
         <load_address>0x144d7</load_address>
         <run_address>0x144d7</run_address>
         <size>0x1b8</size>
         <input_file_ref idref="fl-17"/>
      </object_component>
      <object_component id="oc-128">
         <name>.debug_info</name>
         <load_address>0x1468f</load_address>
         <run_address>0x1468f</run_address>
         <size>0x308</size>
         <input_file_ref idref="fl-17"/>
      </object_component>
      <object_component id="oc-12d">
         <name>.debug_info</name>
         <load_address>0x14997</load_address>
         <run_address>0x14997</run_address>
         <size>0x38b</size>
         <input_file_ref idref="fl-17"/>
      </object_component>
      <object_component id="oc-c1">
         <name>.debug_info</name>
         <load_address>0x14d22</load_address>
         <run_address>0x14d22</run_address>
         <size>0x22f</size>
         <input_file_ref idref="fl-17"/>
      </object_component>
      <object_component id="oc-314">
         <name>.debug_info</name>
         <load_address>0x14f51</load_address>
         <run_address>0x14f51</run_address>
         <size>0x431a</size>
         <input_file_ref idref="fl-17"/>
      </object_component>
      <object_component id="oc-319">
         <name>.debug_info</name>
         <load_address>0x1926b</load_address>
         <run_address>0x1926b</run_address>
         <size>0x1028</size>
         <input_file_ref idref="fl-17"/>
      </object_component>
      <object_component id="oc-3d7">
         <name>.debug_info</name>
         <load_address>0x1a293</load_address>
         <run_address>0x1a293</run_address>
         <size>0x701</size>
         <input_file_ref idref="fl-18"/>
      </object_component>
      <object_component id="oc-2f5">
         <name>.debug_info</name>
         <load_address>0x1a994</load_address>
         <run_address>0x1a994</run_address>
         <size>0x135</size>
         <input_file_ref idref="fl-18"/>
      </object_component>
      <object_component id="oc-2d9">
         <name>.debug_info</name>
         <load_address>0x1aac9</load_address>
         <run_address>0x1aac9</run_address>
         <size>0x252</size>
         <input_file_ref idref="fl-18"/>
      </object_component>
      <object_component id="oc-2d3">
         <name>.debug_info</name>
         <load_address>0x1ad1b</load_address>
         <run_address>0x1ad1b</run_address>
         <size>0x2a5</size>
         <input_file_ref idref="fl-18"/>
      </object_component>
      <object_component id="oc-1ea">
         <name>.debug_info</name>
         <load_address>0x1afc0</load_address>
         <run_address>0x1afc0</run_address>
         <size>0x25a</size>
         <input_file_ref idref="fl-18"/>
      </object_component>
      <object_component id="oc-1e4">
         <name>.debug_info</name>
         <load_address>0x1b21a</load_address>
         <run_address>0x1b21a</run_address>
         <size>0x258</size>
         <input_file_ref idref="fl-18"/>
      </object_component>
      <object_component id="oc-3c4">
         <name>.debug_info</name>
         <load_address>0x1b472</load_address>
         <run_address>0x1b472</run_address>
         <size>0x6f5</size>
         <input_file_ref idref="fl-1a"/>
      </object_component>
      <object_component id="oc-3bf">
         <name>.debug_info</name>
         <load_address>0x1bb67</load_address>
         <run_address>0x1bb67</run_address>
         <size>0x1c7</size>
         <input_file_ref idref="fl-1a"/>
      </object_component>
      <object_component id="oc-2e1">
         <name>.debug_info</name>
         <load_address>0x1bd2e</load_address>
         <run_address>0x1bd2e</run_address>
         <size>0x22b</size>
         <input_file_ref idref="fl-1a"/>
      </object_component>
      <object_component id="oc-2e7">
         <name>.debug_info</name>
         <load_address>0x1bf59</load_address>
         <run_address>0x1bf59</run_address>
         <size>0x235</size>
         <input_file_ref idref="fl-1a"/>
      </object_component>
      <object_component id="oc-3cd">
         <name>.debug_info</name>
         <load_address>0x1c18e</load_address>
         <run_address>0x1c18e</run_address>
         <size>0x1e9</size>
         <input_file_ref idref="fl-1a"/>
      </object_component>
      <object_component id="oc-3c7">
         <name>.debug_info</name>
         <load_address>0x1c377</load_address>
         <run_address>0x1c377</run_address>
         <size>0x1e9</size>
         <input_file_ref idref="fl-1a"/>
      </object_component>
      <object_component id="oc-477">
         <name>.debug_info</name>
         <load_address>0x1c560</load_address>
         <run_address>0x1c560</run_address>
         <size>0x131</size>
         <input_file_ref idref="fl-1a"/>
      </object_component>
      <object_component id="oc-2ba">
         <name>.debug_info</name>
         <load_address>0x1c691</load_address>
         <run_address>0x1c691</run_address>
         <size>0x333</size>
         <input_file_ref idref="fl-d1"/>
      </object_component>
      <object_component id="oc-1c0">
         <name>.debug_info</name>
         <load_address>0x1c9c4</load_address>
         <run_address>0x1c9c4</run_address>
         <size>0x1d1</size>
         <input_file_ref idref="fl-d1"/>
      </object_component>
      <object_component id="oc-2af">
         <name>.debug_info</name>
         <load_address>0x1cb95</load_address>
         <run_address>0x1cb95</run_address>
         <size>0x18d</size>
         <input_file_ref idref="fl-d1"/>
      </object_component>
      <object_component id="oc-2b4">
         <name>.debug_info</name>
         <load_address>0x1cd22</load_address>
         <run_address>0x1cd22</run_address>
         <size>0x16d</size>
         <input_file_ref idref="fl-d1"/>
      </object_component>
      <object_component id="oc-45b">
         <name>.debug_info</name>
         <load_address>0x1ce8f</load_address>
         <run_address>0x1ce8f</run_address>
         <size>0x2c</size>
         <input_file_ref idref="fl-d1"/>
      </object_component>
      <object_component id="oc-3a">
         <name>.debug_info</name>
         <load_address>0x1cebb</load_address>
         <run_address>0x1cebb</run_address>
         <size>0x119</size>
         <input_file_ref idref="fl-d2"/>
      </object_component>
      <object_component id="oc-98">
         <name>.debug_info</name>
         <load_address>0x1cfd4</load_address>
         <run_address>0x1cfd4</run_address>
         <size>0x2d4</size>
         <input_file_ref idref="fl-d3"/>
      </object_component>
      <object_component id="oc-44">
         <name>.debug_info</name>
         <load_address>0x1d2a8</load_address>
         <run_address>0x1d2a8</run_address>
         <size>0x1d2</size>
         <input_file_ref idref="fl-d3"/>
      </object_component>
      <object_component id="oc-93">
         <name>.debug_info</name>
         <load_address>0x1d47a</load_address>
         <run_address>0x1d47a</run_address>
         <size>0x46</size>
         <input_file_ref idref="fl-d3"/>
      </object_component>
      <object_component id="oc-f2">
         <name>.debug_info</name>
         <load_address>0x1d4c0</load_address>
         <run_address>0x1d4c0</run_address>
         <size>0x2c</size>
         <input_file_ref idref="fl-d3"/>
      </object_component>
      <object_component id="oc-42">
         <name>.debug_info</name>
         <load_address>0x1d4ec</load_address>
         <run_address>0x1d4ec</run_address>
         <size>0x2a8</size>
         <input_file_ref idref="fl-d4"/>
      </object_component>
      <object_component id="oc-1f">
         <name>.debug_info</name>
         <load_address>0x1d794</load_address>
         <run_address>0x1d794</run_address>
         <size>0x1ea</size>
         <input_file_ref idref="fl-d4"/>
      </object_component>
      <object_component id="oc-3d">
         <name>.debug_info</name>
         <load_address>0x1d97e</load_address>
         <run_address>0x1d97e</run_address>
         <size>0x46</size>
         <input_file_ref idref="fl-d4"/>
      </object_component>
      <object_component id="oc-8b">
         <name>.debug_info</name>
         <load_address>0x1d9c4</load_address>
         <run_address>0x1d9c4</run_address>
         <size>0x2c</size>
         <input_file_ref idref="fl-d4"/>
      </object_component>
      <object_component id="oc-89">
         <name>.debug_info</name>
         <load_address>0x1d9f0</load_address>
         <run_address>0x1d9f0</run_address>
         <size>0x29e</size>
         <input_file_ref idref="fl-d5"/>
      </object_component>
      <object_component id="oc-1a">
         <name>.debug_info</name>
         <load_address>0x1dc8e</load_address>
         <run_address>0x1dc8e</run_address>
         <size>0x250</size>
         <input_file_ref idref="fl-d5"/>
      </object_component>
      <object_component id="oc-2d">
         <name>.debug_info</name>
         <load_address>0x1dede</load_address>
         <run_address>0x1dede</run_address>
         <size>0x60</size>
         <input_file_ref idref="fl-d5"/>
      </object_component>
      <object_component id="oc-eb">
         <name>.debug_info</name>
         <load_address>0x1df3e</load_address>
         <run_address>0x1df3e</run_address>
         <size>0x46</size>
         <input_file_ref idref="fl-d5"/>
      </object_component>
      <object_component id="oc-84">
         <name>.debug_info</name>
         <load_address>0x1df84</load_address>
         <run_address>0x1df84</run_address>
         <size>0x39</size>
         <input_file_ref idref="fl-d5"/>
      </object_component>
      <object_component id="oc-2cf">
         <name>.debug_info</name>
         <load_address>0x1dfbd</load_address>
         <run_address>0x1dfbd</run_address>
         <size>0xfb</size>
         <input_file_ref idref="fl-d6"/>
      </object_component>
      <object_component id="oc-1cb">
         <name>.debug_info</name>
         <load_address>0x1e0b8</load_address>
         <run_address>0x1e0b8</run_address>
         <size>0x13d</size>
         <input_file_ref idref="fl-d6"/>
      </object_component>
      <object_component id="oc-2a">
         <name>.debug_info</name>
         <load_address>0x1e1f5</load_address>
         <run_address>0x1e1f5</run_address>
         <size>0x10b</size>
         <input_file_ref idref="fl-d7"/>
      </object_component>
      <object_component id="oc-56">
         <name>.debug_info</name>
         <load_address>0x1e300</load_address>
         <run_address>0x1e300</run_address>
         <size>0x1a9</size>
         <input_file_ref idref="fl-d7"/>
      </object_component>
      <object_component id="oc-394">
         <name>.debug_info</name>
         <load_address>0x1e4a9</load_address>
         <run_address>0x1e4a9</run_address>
         <size>0x590</size>
         <input_file_ref idref="fl-d8"/>
      </object_component>
      <object_component id="oc-360">
         <name>.debug_info</name>
         <load_address>0x1ea39</load_address>
         <run_address>0x1ea39</run_address>
         <size>0x21e</size>
         <input_file_ref idref="fl-d8"/>
      </object_component>
      <object_component id="oc-41f">
         <name>.debug_info</name>
         <load_address>0x1ec57</load_address>
         <run_address>0x1ec57</run_address>
         <size>0x1b3</size>
         <input_file_ref idref="fl-d8"/>
      </object_component>
      <object_component id="oc-425">
         <name>.debug_info</name>
         <load_address>0x1ee0a</load_address>
         <run_address>0x1ee0a</run_address>
         <size>0x21b</size>
         <input_file_ref idref="fl-d8"/>
      </object_component>
      <object_component id="oc-36b">
         <name>.debug_info</name>
         <load_address>0x1f025</load_address>
         <run_address>0x1f025</run_address>
         <size>0x3c0</size>
[...]
      </symbol>
      <symbol id="sm-25d">
         <name>HAL_LCD_writeData</name>
         <value>0x365d</value>
         <object_component_ref idref="oc-1f5"/>
      </symbol>
      <symbol id="sm-25e">
         <name>HAL_LCD_SpiInit</name>
         <value>0x32b5</value>
         <object_component_ref idref="oc-1dd"/>
      </symbol>
      <symbol id="sm-25f">
         <name>HAL_LCD_PortInit</name>
         <value>0x3575</value>
         <object_component_ref idref="oc-1d7"/>
      </symbol>
      <symbol id="sm-260">
         <name>HAL_LCD_writeCommand</name>
         <value>0x3431</value>
         <object_component_ref idref="oc-1ef"/>
      </symbol>
      <symbol id="sm-27c">
         <name>Reset_Handler</name>
         <value>0x390f</value>
         <object_component_ref idref="oc-67"/>
      </symbol>
      <symbol id="sm-27d">
         <name>Default_Handler</name>
         <value>0x196f</value>
         <object_component_ref idref="oc-6d"/>
      </symbol>
      <symbol id="sm-27e">
         <name>interruptVectors</name>
         <value>0x0</value>
         <object_component_ref idref="oc-26"/>
      </symbol>
      <symbol id="sm-2c4">
         <name>Graphics_setBackgroundColor</name>
         <value>0x37e3</value>
         <object_component_ref idref="oc-113"/>
      </symbol>
      <symbol id="sm-2c5">
         <name>Graphics_setFont</name>
         <value>0x37fd</value>
         <object_component_ref idref="oc-119"/>
      </symbol>
      <symbol id="sm-2c6">
         <name>Graphics_initContext</name>
         <value>0x3031</value>
         <object_component_ref idref="oc-107"/>
      </symbol>
      <symbol id="sm-2c7">
         <name>Graphics_setForegroundColor</name>
         <value>0x3875</value>
         <object_component_ref idref="oc-10d"/>
      </symbol>
      <symbol id="sm-2c8">
         <name>Graphics_clearDisplay</name>
         <value>0x38cb</value>
         <object_component_ref idref="oc-19c"/>
      </symbol>
      <symbol id="sm-2ed">
         <name>Graphics_clearDisplayOnDisplay</name>
         <value>0x37c9</value>
         <object_component_ref idref="oc-29a"/>
      </symbol>
      <symbol id="sm-2ee">
         <name>Graphics_drawPixelOnDisplay</name>
         <value>0x3631</value>
         <object_component_ref idref="oc-3b0"/>
      </symbol>
      <symbol id="sm-2ef">
         <name>Graphics_translateColorOnDisplay</name>
         <value>0x388b</value>
         <object_component_ref idref="oc-20e"/>
      </symbol>
      <symbol id="sm-2f0">
         <name>Graphics_drawHorizontalLineOnDisplay</name>
         <value>0x34a1</value>
         <object_component_ref idref="oc-46b"/>
      </symbol>
      <symbol id="sm-302">
         <name>g_sFontFixed6x8</name>
         <value>0x3e68</value>
         <object_component_ref idref="oc-13a"/>
      </symbol>
      <symbol id="sm-35a">
         <name>Graphics_drawStringCentered</name>
         <value>0x3121</value>
         <object_component_ref idref="oc-1c2"/>
      </symbol>
      <symbol id="sm-35b">
         <name>Graphics_drawString</name>
         <value>0xb33</value>
         <object_component_ref idref="oc-2c6"/>
      </symbol>
      <symbol id="sm-35c">
         <name>Graphics_getStringWidth</name>
         <value>0x22d5</value>
         <object_component_ref idref="oc-2c0"/>
      </symbol>
      <symbol id="sm-36f">
         <name>Graphics_drawLineH</name>
         <value>0x281f</value>
         <object_component_ref idref="oc-3aa"/>
      </symbol>
      <symbol id="sm-3f6">
         <name>ADC14_configureMultiSequenceMode</name>
         <value>0x256d</value>
         <object_component_ref idref="oc-125"/>
      </symbol>
      <symbol id="sm-3f7">
         <name>ADC14_configureConversionMemory</name>
         <value>0x24b9</value>
         <object_component_ref idref="oc-12b"/>
      </symbol>
      <symbol id="sm-3f8">
         <name>ADC14_getResult</name>
         <value>0x36b5</value>
         <object_component_ref idref="oc-bf"/>
      </symbol>
      <symbol id="sm-431">
         <name>GPIO_setOutputHighOnPin</name>
         <value>0x3705</value>
         <object_component_ref idref="oc-1e9"/>
      </symbol>
      <symbol id="sm-432">
         <name>GPIO_setAsOutputPin</name>
         <value>0x3235</value>
         <object_component_ref idref="oc-2d8"/>
      </symbol>
      <symbol id="sm-433">
         <name>GPIO_setOutputLowOnPin</name>
         <value>0x372d</value>
         <object_component_ref idref="oc-1e3"/>
      </symbol>
      <symbol id="sm-434">
         <name>GPIO_setAsPeripheralModuleFunctionOutputPin</name>
         <value>0x29ed</value>
         <object_component_ref idref="oc-2d2"/>
      </symbol>
      <symbol id="sm-474">
         <name>EUSCI_B_SPI_enable</name>
         <value>0x385f</value>
         <object_component_ref idref="oc-3cb"/>
      </symbol>
      <symbol id="sm-475">
         <name>SPI_enableModule</name>
         <value>0x3775</value>
         <object_component_ref idref="oc-2e5"/>
      </symbol>
      <symbol id="sm-476">
         <name>EUSCI_A_SPI_enable</name>
         <value>0x3849</value>
         <object_component_ref idref="oc-3c5"/>
      </symbol>
      <symbol id="sm-477">
         <name>SPI_initMaster</name>
         <value>0x26d3</value>
         <object_component_ref idref="oc-2df"/>
      </symbol>
      <symbol id="sm-49f">
         <name>sprintf</name>
         <value>0x3375</value>
         <object_component_ref idref="oc-1bc"/>
      </symbol>
      <symbol id="sm-4ba">
         <name>memcpy</name>
         <value>0x28bb</value>
         <object_component_ref idref="oc-37"/>
      </symbol>
      <symbol id="sm-4bb">
         <name>__aeabi_memcpy</name>
         <value>0x28bb</value>
         <object_component_ref idref="oc-37"/>
      </symbol>
      <symbol id="sm-4bc">
         <name>__aeabi_memcpy8</name>
         <value>0x28bb</value>
         <object_component_ref idref="oc-37"/>
      </symbol>
      <symbol id="sm-4bd">
         <name>__aeabi_memcpy4</name>
         <value>0x28bb</value>
         <object_component_ref idref="oc-37"/>
      </symbol>
      <symbol id="sm-4d6">
         <name>__TI_zero_init_nomemset</name>
         <value>0x3791</value>
         <object_component_ref idref="oc-43"/>
      </symbol>
      <symbol id="sm-4ed">
         <name>__TI_decompress_none</name>
         <value>0x3901</value>
         <object_component_ref idref="oc-1d"/>
      </symbol>
      <symbol id="sm-510">
         <name>__TI_decompress_lzss</name>
         <value>0x2ce3</value>
         <object_component_ref idref="oc-17"/>
      </symbol>
      <symbol id="sm-526">
         <name>rand</name>
         <value>0x3541</value>
         <object_component_ref idref="oc-1c9"/>
      </symbol>
      <symbol id="sm-539">
         <name>__stack</name>
         <value>0x2000fe00</value>
         <object_component_ref idref="oc-29"/>
      </symbol>
      <symbol id="sm-53a">
         <name>_c_int00_noargs</name>
         <value>0x350d</value>
         <object_component_ref idref="oc-55"/>
      </symbol>
      <symbol id="sm-69f">
         <name>__TI_printfi</name>
         <value>0xe5</value>
         <object_component_ref idref="oc-2a7"/>
      </symbol>
      <symbol id="sm-6b6">
         <name>__aeabi_dsub</name>
         <value>0x17b9</value>
         <object_component_ref idref="oc-418"/>
      </symbol>
      <symbol id="sm-6b7">
         <name>__aeabi_dadd</name>
         <value>0x17c3</value>
         <object_component_ref idref="oc-418"/>
      </symbol>
      <symbol id="sm-6d9">
         <name>__aeabi_cdcmpeq</name>
         <value>0x2a75</value>
         <object_component_ref idref="oc-364"/>
      </symbol>
      <symbol id="sm-6da">
         <name>__aeabi_cdcmple</name>
         <value>0x2a75</value>
         <object_component_ref idref="oc-364"/>
      </symbol>
      <symbol id="sm-6db">
         <name>__aeabi_cdrcmple</name>
         <value>0x2afb</value>
         <object_component_ref idref="oc-403"/>
      </symbol>
      <symbol id="sm-6ef">
         <name>__aeabi_ddiv</name>
         <value>0x1c0d</value>
         <object_component_ref idref="oc-3fe"/>
      </symbol>
      <symbol id="sm-6fa">
         <name>__aeabi_dmul</name>
         <value>0x21d9</value>
         <object_component_ref idref="oc-3f9"/>
      </symbol>
      <symbol id="sm-704">
         <name>__aeabi_d2iz</name>
         <value>0x3169</value>
         <object_component_ref idref="oc-408"/>
      </symbol>
      <symbol id="sm-70e">
         <name>__aeabi_i2d</name>
         <value>0x35d5</value>
         <object_component_ref idref="oc-413"/>
      </symbol>
      <symbol id="sm-71d">
         <name>__aeabi_memset</name>
         <value>0x2b83</value>
         <object_component_ref idref="oc-99"/>
      </symbol>
      <symbol id="sm-71e">
         <name>memset</name>
         <value>0x2b89</value>
         <object_component_ref idref="oc-99"/>
      </symbol>
      <symbol id="sm-71f">
         <name>__aeabi_memset8</name>
         <value>0x2b83</value>
         <object_component_ref idref="oc-99"/>
      </symbol>
      <symbol id="sm-720">
         <name>__aeabi_memset4</name>
         <value>0x2b83</value>
         <object_component_ref idref="oc-99"/>
      </symbol>
      <symbol id="sm-721">
         <name>__aeabi_memclr8</name>
         <value>0x2b81</value>
         <object_component_ref idref="oc-99"/>
      </symbol>
      <symbol id="sm-722">
         <name>__aeabi_memclr4</name>
         <value>0x2b81</value>
         <object_component_ref idref="oc-99"/>
      </symbol>
      <symbol id="sm-723">
         <name>__aeabi_memclr</name>
         <value>0x2b81</value>
         <object_component_ref idref="oc-99"/>
      </symbol>
      <symbol id="sm-730">
         <name>__aeabi_uldivmod</name>
         <value>0x2957</value>
         <object_component_ref idref="oc-3f2"/>
      </symbol>
      <symbol id="sm-758">
         <name>__TI_auto_init_nobinit_nopinit</name>
         <value>0x31b1</value>
         <object_component_ref idref="oc-14f"/>
      </symbol>
      <symbol id="sm-762">
         <name>_system_pre_init</name>
         <value>0x3939</value>
         <object_component_ref idref="oc-9f"/>
      </symbol>
      <symbol id="sm-76e">
         <name>C$$EXIT</name>
         <value>0x393d</value>
         <object_component_ref idref="oc-143"/>
      </symbol>
      <symbol id="sm-76f">
         <name>abort</name>
         <value>0x393d</value>
         <object_component_ref idref="oc-143"/>
      </symbol>
      <symbol id="sm-784">
         <name>_nop</name>
         <value>0x1d43</value>
         <object_component_ref idref="oc-32f"/>
      </symbol>
      <symbol id="sm-785">
         <name>_lock</name>
         <value>0x20000098</value>
         <object_component_ref idref="oc-275"/>
      </symbol>
      <symbol id="sm-786">
         <name>_unlock</name>
         <value>0x2000009c</value>
         <object_component_ref idref="oc-275"/>
      </symbol>
      <symbol id="sm-795">
         <name>__TI_ltoa</name>
         <value>0x2fdd</value>
         <object_component_ref idref="oc-40d"/>
      </symbol>
      <symbol id="sm-7ac">
         <name>atoi</name>
         <value>0x30d5</value>
         <object_component_ref idref="oc-358"/>
      </symbol>
      <symbol id="sm-7b7">
         <name>_ctypes_</name>
         <value>0x3d66</value>
         <object_component_ref idref="oc-3ed"/>
      </symbol>
      <symbol id="sm-7c7">
         <name>memccpy</name>
         <value>0x37ad</value>
         <object_component_ref idref="oc-381"/>
      </symbol>
      <symbol id="sm-7d7">
         <name>strchr</name>
         <value>0x38a1</value>
         <object_component_ref idref="oc-444"/>
      </symbol>
      <symbol id="sm-7e5">
         <name>strlen</name>
         <value>0x38b7</value>
         <object_component_ref idref="oc-352"/>
      </symbol>
      <symbol id="sm-7fb">
         <name>__aeabi_errno_addr</name>
         <value>0x3931</value>
         <object_component_ref idref="oc-38d"/>
      </symbol>
      <symbol id="sm-7fc">
         <name>errno</name>
         <value>0x200000a0</value>
         <object_component_ref idref="oc-454"/>
      </symbol>
      <symbol id="sm-815">
         <name>wcslen</name>
         <value>0x38dd</value>
         <object_component_ref idref="oc-387"/>
      </symbol>
      <symbol id="sm-835">
         <name>frexpl</name>
         <value>0x2d4d</value>
         <object_component_ref idref="oc-438"/>
      </symbol>
      <symbol id="sm-836">
         <name>frexp</name>
         <value>0x2d4d</value>
         <object_component_ref idref="oc-438"/>
      </symbol>
      <symbol id="sm-853">
         <name>scalbn</name>
         <value>0x20c9</value>
         <object_component_ref idref="oc-43e"/>
      </symbol>
      <symbol id="sm-854">
         <name>scalbnl</name>
         <value>0x20c9</value>
         <object_component_ref idref="oc-43e"/>
      </symbol>
      <symbol id="sm-855">
         <name>ldexpl</name>
         <value>0x20c9</value>
         <object_component_ref idref="oc-43e"/>
      </symbol>
      <symbol id="sm-856">
         <name>ldexp</name>
         <value>0x20c9</value>
         <object_component_ref idref="oc-43e"/>
      </symbol>
      <symbol id="sm-860">
         <name>__aeabi_idiv0</name>
         <value>0x23cf</value>
         <object_component_ref idref="oc-489"/>
      </symbol>
      <symbol id="sm-861">
         <name>__aeabi_ldiv0</name>
         <value>0x23cf</value>
         <object_component_ref idref="oc-489"/>
      </symbol>
      <symbol id="sm-86b">
         <name>copysign</name>
         <value>0x3817</value>
         <object_component_ref idref="oc-4a2"/>
      </symbol>
      <symbol id="sm-86c">
         <name>copysignl</name>
         <value>0x3817</value>
         <object_component_ref idref="oc-4a2"/>
      </symbol>
      <symbol id="sm-86d">
         <name>__TI_static_base__</name>
         <value>0x0</value>
      </symbol>
      <symbol id="sm-870">
         <name>__mpu_init</name>
         <value>0x0</value>
      </symbol>
      <symbol id="sm-871">
         <name>_system_post_cinit</name>
         <value>0x0</value>
      </symbol>
      <symbol id="sm-872">
         <name>NMI_Handler</name>
         <value>0x196f</value>
      </symbol>
      <symbol id="sm-873">
         <name>HardFault_Handler</name>
         <value>0x196f</value>
      </symbol>
      <symbol id="sm-874">
         <name>MemManage_Handler</name>
         <value>0x196f</value>
      </symbol>
      <symbol id="sm-875">
         <name>BusFault_Handler</name>
         <value>0x196f</value>
      </symbol>
      <symbol id="sm-876">
         <name>UsageFault_Handler</name>
         <value>0x196f</value>
      </symbol>
      <symbol id="sm-877">
         <name>SVC_Handler</name>
         <value>0x196f</value>
      </symbol>
      <symbol id="sm-878">
         <name>DebugMon_Handler</name>
         <value>0x196f</value>
      </symbol>
      <symbol id="sm-879">
         <name>PendSV_Handler</name>
         <value>0x196f</value>
      </symbol>
      <symbol id="sm-87a">
         <name>SysTick_Handler</name>
         <value>0x196f</value>
      </symbol>
      <symbol id="sm-87b">
         <name>PSS_IRQHandler</name>
         <value>0x196f</value>
      </symbol>
      <symbol id="sm-87c">
         <name>CS_IRQHandler</name>
         <value>0x196f</value>
      </symbol>
      <symbol id="sm-87d">
         <name>PCM_IRQHandler</name>
         <value>0x196f</value>
      </symbol>
      <symbol id="sm-87e">
         <name>WDT_A_IRQHandler</name>
         <value>0x196f</value>
      </symbol>
      <symbol id="sm-87f">
         <name>FPU_IRQHandler</name>
         <value>0x196f</value>
      </symbol>
      <symbol id="sm-880">
         <name>FLCTL_IRQHandler</name>
         <value>0x196f</value>
      </symbol>
      <symbol id="sm-881">
         <name>COMP_E0_IRQHandler</name>
         <value>0x196f</value>
      </symbol>
      <symbol id="sm-882">
         <name>COMP_E1_IRQHandler</name>
         <value>0x196f</value>
      </symbol>
      <symbol id="sm-883">
         <name>TA0_0_IRQHandler</name>
         <value>0x196f</value>
      </symbol>
      <symbol id="sm-884">
         <name>TA0_N_IRQHandler</name>
         <value>0x196f</value>
      </symbol>
      <symbol id="sm-885">
         <name>TA1_0_IRQHandler</name>
         <value>0x196f</value>
      </symbol>
      <symbol id="sm-886">
         <name>TA1_N_IRQHandler</name>
         <value>0x196f</value>
      </symbol>
      <symbol id="sm-887">
         <name>TA2_0_IRQHandler</name>
         <value>0x196f</value>
      </symbol>
      <symbol id="sm-888">
         <name>TA2_N_IRQHandler</name>
         <value>0x196f</value>
      </symbol>
      <symbol id="sm-889">
         <name>TA3_0_IRQHandler</name>
         <value>0x196f</value>
      </symbol>
      <symbol id="sm-88a">
         <name>TA3_N_IRQHandler</name>
         <value>0x196f</value>
      </symbol>
      <symbol id="sm-88b">
         <name>EUSCIA0_IRQHandler</name>
         <value>0x196f</value>
      </symbol>
      <symbol id="sm-88c">
         <name>EUSCIA1_IRQHandler</name>
         <value>0x196f</value>
      </symbol>
      <symbol id="sm-88d">
         <name>EUSCIA2_IRQHandler</name>
         <value>0x196f</value>
      </symbol>
      <symbol id="sm-88e">
         <name>EUSCIA3_IRQHandler</name>
         <value>0x196f</value>
      </symbol>
      <symbol id="sm-88f">
         <name>EUSCIB0_IRQHandler</name>
         <value>0x196f</value>
      </symbol>
      <symbol id="sm-890">
         <name>EUSCIB1_IRQHandler</name>
         <value>0x196f</value>
      </symbol>
      <symbol id="sm-891">
         <name>EUSCIB2_IRQHandler</name>
         <value>0x196f</value>
      </symbol>
      <symbol id="sm-892">
         <name>EUSCIB3_IRQHandler</name>
         <value>0x196f</value>
      </symbol>
      <symbol id="sm-893">
         <name>ADC14_IRQHandler</name>
         <value>0x2db1</value>
      </symbol>
      <symbol id="sm-894">
         <name>T32_INT1_IRQHandler</name>
         <value>0x34d9</value>
      </symbol>
      <symbol id="sm-895">
         <name>T32_INT2_IRQHandler</name>
         <value>0x196f</value>
      </symbol>
      <symbol id="sm-896">
         <name>T32_INTC_IRQHandler</name>
         <value>0x196f</value>
      </symbol>
      <symbol id="sm-897">
         <name>AES256_IRQHandler</name>
         <value>0x196f</value>
      </symbol>
      <symbol id="sm-898">
         <name>RTC_C_IRQHandler</name>
         <value>0x196f</value>
      </symbol>
      <symbol id="sm-899">
         <name>DMA_ERR_IRQHandler</name>
         <value>0x196f</value>
      </symbol>
      <symbol id="sm-89a">
         <name>DMA_INT3_IRQHandler</name>
         <value>0x196f</value>
      </symbol>
      <symbol id="sm-89b">
         <name>DMA_INT2_IRQHandler</name>
         <value>0x196f</value>
      </symbol>
      <symbol id="sm-89c">
         <name>DMA_INT1_IRQHandler</name>
         <value>0x196f</value>
      </symbol>
      <symbol id="sm-89d">
         <name>DMA_INT0_IRQHandler</name>
         <value>0x196f</value>
      </symbol>
      <symbol id="sm-89e">
         <name>PORT1_IRQHandler</name>
         <value>0x196f</value>
      </symbol>
      <symbol id="sm-89f">
         <name>PORT2_IRQHandler</name>
         <value>0x196f</value>
      </symbol>
      <symbol id="sm-8a0">
         <name>PORT3_IRQHandler</name>
         <value>0x196f</value>
      </symbol>
      <symbol id="sm-8a1">
         <name>PORT4_IRQHandler</name>
         <value>0x196f</value>
      </symbol>
      <symbol id="sm-8a2">
         <name>PORT5_IRQHandler</name>
         <value>0x196f</value>
      </symbol>
      <symbol id="sm-8a3">
         <name>PORT6_IRQHandler</name>
         <value>0x196f</value>
      </symbol>
   </symbol_table>
   <title>Link successful</title>
</link_info>
