<?xml version="1.0" encoding="ISO-8859-1" ?>
<link_info>
   <banner>TI ARM Linker PC v20.2.7.LTS</banner>
   <copyright>Copyright (c) 1996-2018 Texas Instruments Incorporated</copyright>
   <link_time>0x671c3ff9</link_time>
   <link_errors>0x0</link_errors>
   <output_file>boostxl_edumkii_accelerometer_msp432p401r_MSP_EXP432P401R_nortos_ccs.out</output_file>
   <entry_point>
      <name>_c_int00_noargs</name>
      <address>0x34f1</address>
   </entry_point>
   <input_file_list>
      <input_file id="fl-2">
         <path>.\</path>
         <kind>object</kind>
         <file>main.obj</file>
         <name>main.obj</name>
      </input_file>
      <input_file id="fl-3">
         <path>.\</path>
         <kind>object</kind>
         <file>system_msp432p401r.obj</file>
         <name>system_msp432p401r.obj</name>
      </input_file>
      <input_file id="fl-4">
         <path>.\LcdDriver\</path>
         <kind>object</kind>
         <file>Crystalfontz128x128_ST7735.obj</file>
         <name>Crystalfontz128x128_ST7735.obj</name>
      </input_file>
      <input_file id="fl-5">
         <path>.\LcdDriver\</path>
         <kind>object</kind>
         <file>HAL_MSP_EXP432P401R_Crystalfontz128x128_ST7735.obj</file>
         <name>HAL_MSP_EXP432P401R_Crystalfontz128x128_ST7735.obj</name>
      </input_file>
      <input_file id="fl-6">
         <path>.\ccs\</path>
         <kind>object</kind>
         <file>startup_msp432p401r_ccs.obj</file>
         <name>startup_msp432p401r_ccs.obj</name>
      </input_file>
      <input_file id="fl-11">
         <kind>object</kind>
         <file>&lt;internal&gt;</file>
         <name>&lt;internal&gt;</name>
      </input_file>
      <input_file id="fl-12">
         <path>C:\ti\simplelink_msp432p4_sdk_3_40_01_02\source\ti\grlib\lib\ccs\m4f\</path>
         <kind>archive</kind>
         <file>grlib.a</file>
         <name>context.obj</name>
      </input_file>
      <input_file id="fl-13">
         <path>C:\ti\simplelink_msp432p4_sdk_3_40_01_02\source\ti\grlib\lib\ccs\m4f\</path>
         <kind>archive</kind>
         <file>grlib.a</file>
         <name>display.obj</name>
      </input_file>
      <input_file id="fl-14">
         <path>C:\ti\simplelink_msp432p4_sdk_3_40_01_02\source\ti\grlib\lib\ccs\m4f\</path>
         <kind>archive</kind>
         <file>grlib.a</file>
         <name>fontfixed6x8.obj</name>
      </input_file>
      <input_file id="fl-15">
         <path>C:\ti\simplelink_msp432p4_sdk_3_40_01_02\source\ti\grlib\lib\ccs\m4f\</path>
         <kind>archive</kind>
         <file>grlib.a</file>
         <name>string.obj</name>
      </input_file>
      <input_file id="fl-16">
         <path>C:\ti\simplelink_msp432p4_sdk_3_40_01_02\source\ti\grlib\lib\ccs\m4f\</path>
         <kind>archive</kind>
         <file>grlib.a</file>
         <name>line.obj</name>
      </input_file>
      <input_file id="fl-17">
         <path>C:\ti\simplelink_msp432p4_sdk_3_40_01_02\source\ti\devices\msp432p4xx\driverlib\ccs\</path>
         <kind>archive</kind>
         <file>msp432p4xx_driverlib.lib</file>
         <name>adc14.o</name>
      </input_file>
      <input_file id="fl-18">
         <path>C:\ti\simplelink_msp432p4_sdk_3_40_01_02\source\ti\devices\msp432p4xx\driverlib\ccs\</path>
         <kind>archive</kind>
         <file>msp432p4xx_driverlib.lib</file>
         <name>gpio.o</name>
      </input_file>
      <input_file id="fl-19">
         <path>C:\ti\simplelink_msp432p4_sdk_3_40_01_02\source\ti\devices\msp432p4xx\driverlib\ccs\</path>
         <kind>archive</kind>
         <file>msp432p4xx_driverlib.lib</file>
         <name>interrupt.o</name>
      </input_file>
      <input_file id="fl-1a">
         <path>C:\ti\simplelink_msp432p4_sdk_3_40_01_02\source\ti\devices\msp432p4xx\driverlib\ccs\</path>
         <kind>archive</kind>
         <file>msp432p4xx_driverlib.lib</file>
         <name>spi.o</name>
      </input_file>
      <input_file id="fl-1b">
         <path>C:\ti\simplelink_msp432p4_sdk_3_40_01_02\source\ti\devices\msp432p4xx\driverlib\ccs\</path>
         <kind>archive</kind>
         <file>msp432p4xx_driverlib.lib</file>
         <name>cpu.o</name>
      </input_file>
      <input_file id="fl-d1">
         <path>C:\ti\ccs1280\ccs\tools\compiler\ti-cgt-arm_20.2.7.LTS\lib\</path>
         <kind>archive</kind>
         <file>rtsv7M4_T_le_v4SPD16_eabi.lib</file>
         <name>sprintf.c.obj</name>
      </input_file>
      <input_file id="fl-d2">
         <path>C:\ti\ccs1280\ccs\tools\compiler\ti-cgt-arm_20.2.7.LTS\lib\</path>
         <kind>archive</kind>
         <file>rtsv7M4_T_le_v4SPD16_eabi.lib</file>
         <name>memcpy_t2.asm.obj</name>
      </input_file>
      <input_file id="fl-d3">
         <path>C:\ti\ccs1280\ccs\tools\compiler\ti-cgt-arm_20.2.7.LTS\lib\</path>
         <kind>archive</kind>
         <file>rtsv7M4_T_le_v4SPD16_eabi.lib</file>
         <name>copy_zero_init.c.obj</name>
      </input_file>
      <input_file id="fl-d4">
         <path>C:\ti\ccs1280\ccs\tools\compiler\ti-cgt-arm_20.2.7.LTS\lib\</path>
         <kind>archive</kind>
         <file>rtsv7M4_T_le_v4SPD16_eabi.lib</file>
         <name>copy_decompress_none.c.obj</name>
      </input_file>
      <input_file id="fl-d5">
         <path>C:\ti\ccs1280\ccs\tools\compiler\ti-cgt-arm_20.2.7.LTS\lib\</path>
         <kind>archive</kind>
         <file>rtsv7M4_T_le_v4SPD16_eabi.lib</file>
         <name>copy_decompress_lzss.c.obj</name>
      </input_file>
      <input_file id="fl-d6">
         <path>C:\ti\ccs1280\ccs\tools\compiler\ti-cgt-arm_20.2.7.LTS\lib\</path>
         <kind>archive</kind>
         <file>rtsv7M4_T_le_v4SPD16_eabi.lib</file>
         <name>boot_cortex_m.c.obj</name>
      </input_file>
      <input_file id="fl-d7">
         <path>C:\ti\ccs1280\ccs\tools\compiler\ti-cgt-arm_20.2.7.LTS\lib\</path>
         <kind>archive</kind>
         <file>rtsv7M4_T_le_v4SPD16_eabi.lib</file>
         <name>_printfi.c.obj</name>
      </input_file>
      <input_file id="fl-d8">
         <path>C:\ti\ccs1280\ccs\tools\compiler\ti-cgt-arm_20.2.7.LTS\lib\</path>
         <kind>archive</kind>
         <file>rtsv7M4_T_le_v4SPD16_eabi.lib</file>
         <name>fd_add_t2.asm.obj</name>
      </input_file>
      <input_file id="fl-d9">
         <path>C:\ti\ccs1280\ccs\tools\compiler\ti-cgt-arm_20.2.7.LTS\lib\</path>
         <kind>archive</kind>
         <file>rtsv7M4_T_le_v4SPD16_eabi.lib</file>
         <name>fd_cmp_t2.asm.obj</name>
      </input_file>
      <input_file id="fl-da">
         <path>C:\ti\ccs1280\ccs\tools\compiler\ti-cgt-arm_20.2.7.LTS\lib\</path>
         <kind>archive</kind>
         <file>rtsv7M4_T_le_v4SPD16_eabi.lib</file>
         <name>fd_div_t2.asm.obj</name>
      </input_file>
      <input_file id="fl-db">
         <path>C:\ti\ccs1280\ccs\tools\compiler\ti-cgt-arm_20.2.7.LTS\lib\</path>
         <kind>archive</kind>
         <file>rtsv7M4_T_le_v4SPD16_eabi.lib</file>
         <name>fd_mul_t2.asm.obj</name>
      </input_file>
      <input_file id="fl-dc">
         <path>C:\ti\ccs1280\ccs\tools\compiler\ti-cgt-arm_20.2.7.LTS\lib\</path>
         <kind>archive</kind>
         <file>rtsv7M4_T_le_v4SPD16_eabi.lib</file>
         <name>fd_toi_t2.asm.obj</name>
      </input_file>
      <input_file id="fl-dd">
         <path>C:\ti\ccs1280\ccs\tools\compiler\ti-cgt-arm_20.2.7.LTS\lib\</path>
         <kind>archive</kind>
         <file>rtsv7M4_T_le_v4SPD16_eabi.lib</file>
         <name>i_tofd_t2.asm.obj</name>
      </input_file>
      <input_file id="fl-de">
         <path>C:\ti\ccs1280\ccs\tools\compiler\ti-cgt-arm_20.2.7.LTS\lib\</path>
         <kind>archive</kind>
         <file>rtsv7M4_T_le_v4SPD16_eabi.lib</file>
         <name>memset_t2.asm.obj</name>
      </input_file>
      <input_file id="fl-df">
         <path>C:\ti\ccs1280\ccs\tools\compiler\ti-cgt-arm_20.2.7.LTS\lib\</path>
         <kind>archive</kind>
         <file>rtsv7M4_T_le_v4SPD16_eabi.lib</file>
         <name>ull_div_t2.asm.obj</name>
      </input_file>
      <input_file id="fl-e0">
         <path>C:\ti\ccs1280\ccs\tools\compiler\ti-cgt-arm_20.2.7.LTS\lib\</path>
         <kind>archive</kind>
         <file>rtsv7M4_T_le_v4SPD16_eabi.lib</file>
         <name>autoinit.c.obj</name>
      </input_file>
      <input_file id="fl-e1">
         <path>C:\ti\ccs1280\ccs\tools\compiler\ti-cgt-arm_20.2.7.LTS\lib\</path>
         <kind>archive</kind>
         <file>rtsv7M4_T_le_v4SPD16_eabi.lib</file>
         <name>pre_init.c.obj</name>
      </input_file>
      <input_file id="fl-e2">
         <path>C:\ti\ccs1280\ccs\tools\compiler\ti-cgt-arm_20.2.7.LTS\lib\</path>
         <kind>archive</kind>
         <file>rtsv7M4_T_le_v4SPD16_eabi.lib</file>
         <name>cpy_tbl.c.obj</name>
      </input_file>
      <input_file id="fl-e3">
         <path>C:\ti\ccs1280\ccs\tools\compiler\ti-cgt-arm_20.2.7.LTS\lib\</path>
         <kind>archive</kind>
         <file>rtsv7M4_T_le_v4SPD16_eabi.lib</file>
         <name>exit.c.obj</name>
      </input_file>
      <input_file id="fl-e4">
         <path>C:\ti\ccs1280\ccs\tools\compiler\ti-cgt-arm_20.2.7.LTS\lib\</path>
         <kind>archive</kind>
         <file>rtsv7M4_T_le_v4SPD16_eabi.lib</file>
         <name>_lock.c.obj</name>
      </input_file>
      <input_file id="fl-e5">
         <path>C:\ti\ccs1280\ccs\tools\compiler\ti-cgt-arm_20.2.7.LTS\lib\</path>
         <kind>archive</kind>
         <file>rtsv7M4_T_le_v4SPD16_eabi.lib</file>
         <name>_ltoa.c.obj</name>
      </input_file>
      <input_file id="fl-e6">
         <path>C:\ti\ccs1280\ccs\tools\compiler\ti-cgt-arm_20.2.7.LTS\lib\</path>
         <kind>archive</kind>
         <file>rtsv7M4_T_le_v4SPD16_eabi.lib</file>
         <name>args_main.c.obj</name>
      </input_file>
      <input_file id="fl-e7">
         <path>C:\ti\ccs1280\ccs\tools\compiler\ti-cgt-arm_20.2.7.LTS\lib\</path>
         <kind>archive</kind>
         <file>rtsv7M4_T_le_v4SPD16_eabi.lib</file>
         <name>atoi.c.obj</name>
      </input_file>
      <input_file id="fl-e8">
         <path>C:\ti\ccs1280\ccs\tools\compiler\ti-cgt-arm_20.2.7.LTS\lib\</path>
         <kind>archive</kind>
         <file>rtsv7M4_T_le_v4SPD16_eabi.lib</file>
         <name>ctype.c.obj</name>
      </input_file>
      <input_file id="fl-e9">
         <path>C:\ti\ccs1280\ccs\tools\compiler\ti-cgt-arm_20.2.7.LTS\lib\</path>
         <kind>archive</kind>
         <file>rtsv7M4_T_le_v4SPD16_eabi.lib</file>
         <name>memccpy.c.obj</name>
      </input_file>
      <input_file id="fl-ea">
         <path>C:\ti\ccs1280\ccs\tools\compiler\ti-cgt-arm_20.2.7.LTS\lib\</path>
         <kind>archive</kind>
         <file>rtsv7M4_T_le_v4SPD16_eabi.lib</file>
         <name>strchr.c.obj</name>
      </input_file>
      <input_file id="fl-eb">
         <path>C:\ti\ccs1280\ccs\tools\compiler\ti-cgt-arm_20.2.7.LTS\lib\</path>
         <kind>archive</kind>
         <file>rtsv7M4_T_le_v4SPD16_eabi.lib</file>
         <name>strlen.c.obj</name>
      </input_file>
      <input_file id="fl-ec">
         <path>C:\ti\ccs1280\ccs\tools\compiler\ti-cgt-arm_20.2.7.LTS\lib\</path>
         <kind>archive</kind>
         <file>rtsv7M4_T_le_v4SPD16_eabi.lib</file>
         <name>errno.c.obj</name>
      </input_file>
      <input_file id="fl-ed">
         <path>C:\ti\ccs1280\ccs\tools\compiler\ti-cgt-arm_20.2.7.LTS\lib\</path>
         <kind>archive</kind>
         <file>rtsv7M4_T_le_v4SPD16_eabi.lib</file>
         <name>wcslen.c.obj</name>
      </input_file>
      <input_file id="fl-ee">
         <path>C:\ti\ccs1280\ccs\tools\compiler\ti-cgt-arm_20.2.7.LTS\lib\</path>
         <kind>archive</kind>
         <file>rtsv7M4_T_le_v4SPD16_eabi.lib</file>
         <name>s_frexp.c.obj</name>
      </input_file>
      <input_file id="fl-ef">
         <path>C:\ti\ccs1280\ccs\tools\compiler\ti-cgt-arm_20.2.7.LTS\lib\</path>
         <kind>archive</kind>
         <file>rtsv7M4_T_le_v4SPD16_eabi.lib</file>
         <name>s_scalbn.c.obj</name>
      </input_file>
      <input_file id="fl-f0">
         <path>C:\ti\ccs1280\ccs\tools\compiler\ti-cgt-arm_20.2.7.LTS\lib\</path>
         <kind>archive</kind>
         <file>rtsv7M4_T_le_v4SPD16_eabi.lib</file>
         <name>div0.asm.obj</name>
      </input_file>
      <input_file id="fl-f1">
         <path>C:\ti\ccs1280\ccs\tools\compiler\ti-cgt-arm_20.2.7.LTS\lib\</path>
         <kind>archive</kind>
         <file>rtsv7M4_T_le_v4SPD16_eabi.lib</file>
         <name>s_copysign.c.obj</name>
      </input_file>
   </input_file_list>
   <object_component_list>
      <object_component id="oc-26">
         <name>.intvecs:retain</name>
         <load_address>0x0</load_address>
         <run_address>0x0</run_address>
         <size>0xe4</size>
         <input_file_ref idref="fl-6"/>
      </object_component>
      <object_component id="oc-29a">
         <name>.text:__TI_printfi</name>
         <load_address>0xe4</load_address>
         <run_address>0xe4</run_address>
         <size>0xa4e</size>
         <input_file_ref idref="fl-d7"/>
      </object_component>
      <object_component id="oc-2b9">
         <name>.text:Graphics_drawString</name>
         <load_address>0xb32</load_address>
         <run_address>0xb32</run_address>
         <size>0x47e</size>
         <input_file_ref idref="fl-15"/>
      </object_component>
      <object_component id="oc-36a">
         <name>.text:_pconv_a</name>
         <load_address>0xfb0</load_address>
         <run_address>0xfb0</run_address>
         <size>0x270</size>
         <input_file_ref idref="fl-d7"/>
      </object_component>
      <object_component id="oc-a5">
         <name>.text:main</name>
         <load_address>0x1220</load_address>
         <run_address>0x1220</run_address>
         <size>0x1f0</size>
         <input_file_ref idref="fl-2"/>
      </object_component>
      <object_component id="oc-233">
         <name>.text:Crystalfontz128x128_PixelDrawMultiple</name>
         <load_address>0x1410</load_address>
         <run_address>0x1410</run_address>
         <size>0x1d8</size>
         <input_file_ref idref="fl-4"/>
      </object_component>
      <object_component id="oc-358">
         <name>.text:_pconv_g</name>
         <load_address>0x15e8</load_address>
         <run_address>0x15e8</run_address>
         <size>0x1d0</size>
         <input_file_ref idref="fl-d7"/>
      </object_component>
      <object_component id="oc-405">
         <name>.text</name>
         <load_address>0x17b8</load_address>
         <run_address>0x17b8</run_address>
         <size>0x1b6</size>
         <input_file_ref idref="fl-d8"/>
      </object_component>
      <object_component id="oc-6d">
         <name>.text:Default_Handler</name>
         <load_address>0x196e</load_address>
         <run_address>0x196e</run_address>
         <size>0x2</size>
         <input_file_ref idref="fl-6"/>
      </object_component>
      <object_component id="oc-182">
         <name>.text:_getIndexForMemRegister</name>
         <load_address>0x1970</load_address>
         <run_address>0x1970</run_address>
         <size>0x160</size>
         <input_file_ref idref="fl-17"/>
      </object_component>
      <object_component id="oc-364">
         <name>.text:_pconv_e</name>
         <load_address>0x1ad0</load_address>
         <run_address>0x1ad0</run_address>
         <size>0x13c</size>
         <input_file_ref idref="fl-d7"/>
      </object_component>
      <object_component id="oc-3eb">
         <name>.text</name>
         <load_address>0x1c0c</load_address>
         <run_address>0x1c0c</run_address>
         <size>0x136</size>
         <input_file_ref idref="fl-da"/>
      </object_component>
      <object_component id="oc-476">
         <name>.text</name>
         <load_address>0x1d42</load_address>
         <run_address>0x1d42</run_address>
         <size>0x2</size>
         <input_file_ref idref="fl-f0"/>
      </object_component>
      <object_component id="oc-1ef">
         <name>.text:Crystalfontz128x128_SetDrawFrame</name>
         <load_address>0x1d44</load_address>
         <run_address>0x1d44</run_address>
         <size>0x134</size>
         <input_file_ref idref="fl-4"/>
      </object_component>
      <object_component id="oc-fb">
         <name>.text:Crystalfontz128x128_Init</name>
         <load_address>0x1e78</load_address>
         <run_address>0x1e78</run_address>
         <size>0x12c</size>
         <input_file_ref idref="fl-4"/>
      </object_component>
      <object_component id="oc-417">
         <name>.text:fcvt</name>
         <load_address>0x1fa4</load_address>
         <run_address>0x1fa4</run_address>
         <size>0x124</size>
         <input_file_ref idref="fl-d7"/>
      </object_component>
      <object_component id="oc-42b">
         <name>.text:scalbn</name>
         <load_address>0x20c8</load_address>
         <run_address>0x20c8</run_address>
         <size>0x110</size>
         <input_file_ref idref="fl-ef"/>
      </object_component>
      <object_component id="oc-3e6">
         <name>.text</name>
         <load_address>0x21d8</load_address>
         <run_address>0x21d8</run_address>
         <size>0xfc</size>
         <input_file_ref idref="fl-db"/>
      </object_component>
      <object_component id="oc-2b3">
         <name>.text:Graphics_getStringWidth</name>
         <load_address>0x22d4</load_address>
         <run_address>0x22d4</run_address>
         <size>0xfa</size>
         <input_file_ref idref="fl-15"/>
      </object_component>
      <object_component id="oc-c5">
         <name>.text:drawAccelData</name>
         <load_address>0x23d0</load_address>
         <run_address>0x23d0</run_address>
         <size>0xcc</size>
         <input_file_ref idref="fl-2"/>
      </object_component>
      <object_component id="oc-12b">
         <name>.text:ADC14_configureConversionMemory</name>
         <load_address>0x249c</load_address>
         <run_address>0x249c</run_address>
         <size>0xb4</size>
         <input_file_ref idref="fl-17"/>
      </object_component>
      <object_component id="oc-125">
         <name>.text:ADC14_configureMultiSequenceMode</name>
         <load_address>0x2550</load_address>
         <run_address>0x2550</run_address>
         <size>0xb4</size>
         <input_file_ref idref="fl-17"/>
      </object_component>
      <object_component id="oc-34d">
         <name>.text:_ltostr</name>
         <load_address>0x2604</load_address>
         <run_address>0x2604</run_address>
         <size>0xb1</size>
         <input_file_ref idref="fl-d7"/>
      </object_component>
      <object_component id="oc-2ce">
         <name>.text:SPI_initMaster</name>
         <load_address>0x26b6</load_address>
         <run_address>0x26b6</run_address>
         <size>0xb0</size>
         <input_file_ref idref="fl-1a"/>
      </object_component>
      <object_component id="oc-245">
         <name>.text:Crystalfontz128x128_RectFill</name>
         <load_address>0x2766</load_address>
         <run_address>0x2766</run_address>
         <size>0x9c</size>
         <input_file_ref idref="fl-4"/>
      </object_component>
      <object_component id="oc-399">
         <name>.text:Graphics_drawLineH</name>
         <load_address>0x2802</load_address>
         <run_address>0x2802</run_address>
         <size>0x9c</size>
         <input_file_ref idref="fl-16"/>
      </object_component>
      <object_component id="oc-37">
         <name>.text</name>
         <load_address>0x289e</load_address>
         <run_address>0x289e</run_address>
         <size>0x9c</size>
         <input_file_ref idref="fl-d2"/>
      </object_component>
      <object_component id="oc-3df">
         <name>.text</name>
         <load_address>0x293a</load_address>
         <run_address>0x293a</run_address>
         <size>0x96</size>
         <input_file_ref idref="fl-df"/>
      </object_component>
      <object_component id="oc-2c1">
         <name>.text:GPIO_setAsPeripheralModuleFunctionOutputPin</name>
         <load_address>0x29d0</load_address>
         <run_address>0x29d0</run_address>
         <size>0x88</size>
         <input_file_ref idref="fl-18"/>
      </object_component>
      <object_component id="oc-353">
         <name>.text:__aeabi_cdcmple</name>
         <load_address>0x2a58</load_address>
         <run_address>0x2a58</run_address>
         <size>0x86</size>
         <input_file_ref idref="fl-d9"/>
      </object_component>
      <object_component id="oc-3f0">
         <name>.text:__aeabi_cdrcmple</name>
         <load_address>0x2ade</load_address>
         <run_address>0x2ade</run_address>
         <size>0x86</size>
         <input_file_ref idref="fl-d9"/>
      </object_component>
      <object_component id="oc-99">
         <name>.text</name>
         <load_address>0x2b64</load_address>
         <run_address>0x2b64</run_address>
         <size>0x7a</size>
         <input_file_ref idref="fl-de"/>
      </object_component>
      <object_component id="oc-b7">
         <name>.text:SystemInit</name>
         <load_address>0x2be0</load_address>
         <run_address>0x2be0</run_address>
         <size>0x78</size>
         <input_file_ref idref="fl-3"/>
      </object_component>
      <object_component id="oc-410">
         <name>.text:_mcpy</name>
         <load_address>0x2c58</load_address>
         <run_address>0x2c58</run_address>
         <size>0x6e</size>
         <input_file_ref idref="fl-d7"/>
      </object_component>
      <object_component id="oc-17">
         <name>.text:decompress:lzss:__TI_decompress_lzss</name>
         <load_address>0x2cc6</load_address>
         <run_address>0x2cc6</run_address>
         <size>0x68</size>
         <input_file_ref idref="fl-d5"/>
      </object_component>
      <object_component id="oc-425">
         <name>.text:frexp</name>
         <load_address>0x2d30</load_address>
         <run_address>0x2d30</run_address>
         <size>0x64</size>
         <input_file_ref idref="fl-ee"/>
      </object_component>
      <object_component id="oc-73">
         <name>.text:ADC14_IRQHandler</name>
         <load_address>0x2d94</load_address>
         <run_address>0x2d94</run_address>
         <size>0x60</size>
         <input_file_ref idref="fl-2"/>
      </object_component>
      <object_component id="oc-239">
         <name>.text:Crystalfontz128x128_LineDrawH</name>
         <load_address>0x2df4</load_address>
         <run_address>0x2df4</run_address>
         <size>0x60</size>
         <input_file_ref idref="fl-4"/>
      </object_component>
      <object_component id="oc-23f">
         <name>.text:Crystalfontz128x128_LineDrawV</name>
         <load_address>0x2e54</load_address>
         <run_address>0x2e54</run_address>
         <size>0x60</size>
         <input_file_ref idref="fl-4"/>
      </object_component>
      <object_component id="oc-d4">
         <name>.text:displayTimeRemaining</name>
         <load_address>0x2eb4</load_address>
         <run_address>0x2eb4</run_address>
         <size>0x60</size>
         <input_file_ref idref="fl-2"/>
      </object_component>
      <object_component id="oc-35e">
         <name>.text:_pconv_f</name>
         <load_address>0x2f14</load_address>
         <run_address>0x2f14</run_address>
         <size>0x56</size>
         <input_file_ref idref="fl-d7"/>
      </object_component>
      <object_component id="oc-101">
         <name>.text:Crystalfontz128x128_SetOrientation</name>
         <load_address>0x2f6c</load_address>
         <run_address>0x2f6c</run_address>
         <size>0x54</size>
         <input_file_ref idref="fl-4"/>
      </object_component>
      <object_component id="oc-3fa">
         <name>.text:__TI_ltoa</name>
         <load_address>0x2fc0</load_address>
         <run_address>0x2fc0</run_address>
         <size>0x54</size>
         <input_file_ref idref="fl-e5"/>
      </object_component>
      <object_component id="oc-107">
         <name>.text:Graphics_initContext</name>
         <load_address>0x3014</load_address>
         <run_address>0x3014</run_address>
         <size>0x52</size>
         <input_file_ref idref="fl-12"/>
      </object_component>
      <object_component id="oc-40a">
         <name>.text:_ecpy</name>
         <load_address>0x3066</load_address>
         <run_address>0x3066</run_address>
         <size>0x52</size>
         <input_file_ref idref="fl-d7"/>
      </object_component>
      <object_component id="oc-347">
         <name>.text:atoi</name>
         <load_address>0x30b8</load_address>
         <run_address>0x30b8</run_address>
         <size>0x4c</size>
         <input_file_ref idref="fl-e7"/>
      </object_component>
      <object_component id="oc-1bc">
         <name>.text:Graphics_drawStringCentered</name>
         <load_address>0x3104</load_address>
         <run_address>0x3104</run_address>
         <size>0x48</size>
         <input_file_ref idref="fl-15"/>
      </object_component>
      <object_component id="oc-3f5">
         <name>.text</name>
         <load_address>0x314c</load_address>
         <run_address>0x314c</run_address>
         <size>0x48</size>
         <input_file_ref idref="fl-dc"/>
      </object_component>
      <object_component id="oc-14f">
         <name>.text:__TI_auto_init_nobinit_nopinit:__TI_auto_init_nobinit_nopinit</name>
         <load_address>0x3194</load_address>
         <run_address>0x3194</run_address>
         <size>0x44</size>
         <input_file_ref idref="fl-e0"/>
      </object_component>
      <object_component id="oc-22d">
         <name>.text:Crystalfontz128x128_PixelDraw</name>
         <load_address>0x31d8</load_address>
         <run_address>0x31d8</run_address>
         <size>0x40</size>
         <input_file_ref idref="fl-4"/>
      </object_component>
      <object_component id="oc-2c7">
         <name>.text:GPIO_setAsOutputPin</name>
         <load_address>0x3218</load_address>
         <run_address>0x3218</run_address>
         <size>0x40</size>
         <input_file_ref idref="fl-18"/>
      </object_component>
      <object_component id="oc-393">
         <name>.text:Graphics_getNumberOfLeadingZeros</name>
         <load_address>0x3258</load_address>
         <run_address>0x3258</run_address>
         <size>0x40</size>
         <input_file_ref idref="fl-15"/>
      </object_component>
      <object_component id="oc-1d1">
         <name>.text:HAL_LCD_SpiInit</name>
         <load_address>0x3298</load_address>
         <run_address>0x3298</run_address>
         <size>0x40</size>
         <input_file_ref idref="fl-5"/>
      </object_component>
      <object_component id="oc-19c">
         <name>.text:displayScore</name>
         <load_address>0x32d8</load_address>
         <run_address>0x32d8</run_address>
         <size>0x40</size>
         <input_file_ref idref="fl-2"/>
      </object_component>
      <object_component id="oc-3aa">
         <name>.text:is_A_Module</name>
         <load_address>0x3318</load_address>
         <run_address>0x3318</run_address>
         <size>0x40</size>
         <input_file_ref idref="fl-1a"/>
      </object_component>
      <object_component id="oc-1b6">
         <name>.text:sprintf</name>
         <load_address>0x3358</load_address>
         <run_address>0x3358</run_address>
         <size>0x40</size>
         <input_file_ref idref="fl-d1"/>
      </object_component>
      <object_component id="oc-41d">
         <name>.text:_fcpy</name>
         <load_address>0x3398</load_address>
         <run_address>0x3398</run_address>
         <size>0x3e</size>
         <input_file_ref idref="fl-d7"/>
      </object_component>
      <object_component id="oc-1a8">
         <name>.text:reset_timer</name>
         <load_address>0x33d8</load_address>
         <run_address>0x33d8</run_address>
         <size>0x3c</size>
         <input_file_ref idref="fl-2"/>
      </object_component>
      <object_component id="oc-1e3">
         <name>.text:HAL_LCD_writeCommand</name>
         <load_address>0x3414</load_address>
         <run_address>0x3414</run_address>
         <size>0x38</size>
         <input_file_ref idref="fl-5"/>
      </object_component>
      <object_component id="oc-11f">
         <name>.text:drawTitle</name>
         <load_address>0x344c</load_address>
         <run_address>0x344c</run_address>
         <size>0x38</size>
         <input_file_ref idref="fl-2"/>
      </object_component>
      <object_component id="oc-458">
         <name>.text:Graphics_drawHorizontalLineOnDisplay</name>
         <load_address>0x3484</load_address>
         <run_address>0x3484</run_address>
         <size>0x36</size>
         <input_file_ref idref="fl-13"/>
      </object_component>
      <object_component id="oc-79">
         <name>.text:T32_INT1_IRQHandler</name>
         <load_address>0x34bc</load_address>
         <run_address>0x34bc</run_address>
         <size>0x34</size>
         <input_file_ref idref="fl-2"/>
      </object_component>
      <object_component id="oc-55">
         <name>.text:_c_int00_noargs:_c_int00_noargs</name>
         <load_address>0x34f0</load_address>
         <run_address>0x34f0</run_address>
         <size>0x34</size>
         <input_file_ref idref="fl-d6"/>
      </object_component>
      <object_component id="oc-1cb">
         <name>.text:HAL_LCD_PortInit</name>
         <load_address>0x3524</load_address>
         <run_address>0x3524</run_address>
         <size>0x30</size>
         <input_file_ref idref="fl-5"/>
      </object_component>
      <object_component id="oc-196">
         <name>.text:displayWord</name>
         <load_address>0x3554</load_address>
         <run_address>0x3554</run_address>
         <size>0x30</size>
         <input_file_ref idref="fl-2"/>
      </object_component>
      <object_component id="oc-400">
         <name>.text</name>
         <load_address>0x3584</load_address>
         <run_address>0x3584</run_address>
         <size>0x2e</size>
         <input_file_ref idref="fl-dd"/>
      </object_component>
      <object_component id="oc-257">
         <name>.text:Crystalfontz128x128_ClearScreen</name>
         <load_address>0x35b4</load_address>
         <run_address>0x35b4</run_address>
         <size>0x2c</size>
         <input_file_ref idref="fl-4"/>
      </object_component>
      <object_component id="oc-39f">
         <name>.text:Graphics_drawPixelOnDisplay</name>
         <load_address>0x35e0</load_address>
         <run_address>0x35e0</run_address>
         <size>0x2c</size>
         <input_file_ref idref="fl-13"/>
      </object_component>
      <object_component id="oc-1e9">
         <name>.text:HAL_LCD_writeData</name>
         <load_address>0x360c</load_address>
         <run_address>0x360c</run_address>
         <size>0x2c</size>
         <input_file_ref idref="fl-5"/>
      </object_component>
      <object_component id="oc-bf">
         <name>.text:ADC14_getResult</name>
         <load_address>0x3638</load_address>
         <run_address>0x3638</run_address>
         <size>0x28</size>
         <input_file_ref idref="fl-17"/>
      </object_component>
      <object_component id="oc-24b">
         <name>.text:Crystalfontz128x128_ColorTranslate</name>
         <load_address>0x3660</load_address>
         <run_address>0x3660</run_address>
         <size>0x28</size>
         <input_file_ref idref="fl-4"/>
      </object_component>
      <object_component id="oc-1dd">
         <name>.text:GPIO_setOutputHighOnPin</name>
         <load_address>0x3688</load_address>
         <run_address>0x3688</run_address>
         <size>0x28</size>
         <input_file_ref idref="fl-18"/>
      </object_component>
      <object_component id="oc-1d7">
         <name>.text:GPIO_setOutputLowOnPin</name>
         <load_address>0x36b0</load_address>
         <run_address>0x36b0</run_address>
         <size>0x28</size>
         <input_file_ref idref="fl-18"/>
      </object_component>
      <object_component id="oc-da">
         <name>.text:next_word</name>
         <load_address>0x36d8</load_address>
         <run_address>0x36d8</run_address>
         <size>0x20</size>
         <input_file_ref idref="fl-2"/>
      </object_component>
      <object_component id="oc-2d4">
         <name>.text:SPI_enableModule</name>
         <load_address>0x36f8</load_address>
         <run_address>0x36f8</run_address>
         <size>0x1c</size>
         <input_file_ref idref="fl-1a"/>
      </object_component>
      <object_component id="oc-43">
         <name>.text:decompress:ZI:__TI_zero_init_nomemset:__TI_zero_init_nomemset</name>
         <load_address>0x3714</load_address>
         <run_address>0x3714</run_address>
         <size>0x1c</size>
         <input_file_ref idref="fl-d3"/>
      </object_component>
      <object_component id="oc-370">
         <name>.text:memccpy</name>
         <load_address>0x3730</load_address>
         <run_address>0x3730</run_address>
         <size>0x1c</size>
         <input_file_ref idref="fl-e9"/>
      </object_component>
      <object_component id="oc-292">
         <name>.text:Graphics_clearDisplayOnDisplay</name>
         <load_address>0x374c</load_address>
         <run_address>0x374c</run_address>
         <size>0x1a</size>
         <input_file_ref idref="fl-13"/>
      </object_component>
      <object_component id="oc-113">
         <name>.text:Graphics_setBackgroundColor</name>
         <load_address>0x3766</load_address>
         <run_address>0x3766</run_address>
         <size>0x1a</size>
         <input_file_ref idref="fl-12"/>
      </object_component>
      <object_component id="oc-119">
         <name>.text:Graphics_setFont</name>
         <load_address>0x3780</load_address>
         <run_address>0x3780</run_address>
         <size>0x1a</size>
         <input_file_ref idref="fl-12"/>
      </object_component>
      <object_component id="oc-48f">
         <name>.text:copysign</name>
         <load_address>0x379a</load_address>
         <run_address>0x379a</run_address>
         <size>0x1a</size>
         <input_file_ref idref="fl-f1"/>
      </object_component>
      <object_component id="oc-2a0">
         <name>.text:_outs</name>
         <load_address>0x37b4</load_address>
         <run_address>0x37b4</run_address>
         <size>0x18</size>
         <input_file_ref idref="fl-d1"/>
      </object_component>
      <object_component id="oc-3b2">
         <name>.text:EUSCI_A_SPI_enable</name>
         <load_address>0x37cc</load_address>
         <run_address>0x37cc</run_address>
         <size>0x16</size>
         <input_file_ref idref="fl-1a"/>
      </object_component>
      <object_component id="oc-3b8">
         <name>.text:EUSCI_B_SPI_enable</name>
         <load_address>0x37e2</load_address>
         <run_address>0x37e2</run_address>
         <size>0x16</size>
         <input_file_ref idref="fl-1a"/>
      </object_component>
      <object_component id="oc-10d">
         <name>.text:Graphics_setForegroundColor</name>
         <load_address>0x37f8</load_address>
         <run_address>0x37f8</run_address>
         <size>0x16</size>
         <input_file_ref idref="fl-12"/>
      </object_component>
      <object_component id="oc-202">
         <name>.text:Graphics_translateColorOnDisplay</name>
         <load_address>0x380e</load_address>
         <run_address>0x380e</run_address>
         <size>0x16</size>
         <input_file_ref idref="fl-13"/>
      </object_component>
      <object_component id="oc-431">
         <name>.text:strchr</name>
         <load_address>0x3824</load_address>
         <run_address>0x3824</run_address>
         <size>0x16</size>
         <input_file_ref idref="fl-ea"/>
      </object_component>
      <object_component id="oc-341">
         <name>.text:strlen</name>
         <load_address>0x383a</load_address>
         <run_address>0x383a</run_address>
         <size>0x14</size>
         <input_file_ref idref="fl-eb"/>
      </object_component>
      <object_component id="oc-1a2">
         <name>.text:Graphics_clearDisplay</name>
         <load_address>0x384e</load_address>
         <run_address>0x384e</run_address>
         <size>0x12</size>
         <input_file_ref idref="fl-12"/>
      </object_component>
      <object_component id="oc-376">
         <name>.text:wcslen</name>
         <load_address>0x3860</load_address>
         <run_address>0x3860</run_address>
         <size>0x12</size>
         <input_file_ref idref="fl-ed"/>
      </object_component>
      <object_component id="oc-20c">
         <name>.text:ADCIsConversionRunning</name>
         <load_address>0x3874</load_address>
         <run_address>0x3874</run_address>
         <size>0x10</size>
         <input_file_ref idref="fl-17"/>
      </object_component>
      <object_component id="oc-1d">
         <name>.text:decompress:none:__TI_decompress_none</name>
         <load_address>0x3884</load_address>
         <run_address>0x3884</run_address>
         <size>0xe</size>
         <input_file_ref idref="fl-d4"/>
      </object_component>
      <object_component id="oc-67">
         <name>.text:Reset_Handler</name>
         <load_address>0x3892</load_address>
         <run_address>0x3892</run_address>
         <size>0xc</size>
         <input_file_ref idref="fl-6"/>
      </object_component>
      <object_component id="oc-251">
         <name>.text:Crystalfontz128x128_Flush</name>
         <load_address>0x389e</load_address>
         <run_address>0x389e</run_address>
         <size>0xa</size>
         <input_file_ref idref="fl-4"/>
      </object_component>
      <object_component id="oc-2a6">
         <name>.text:_outc</name>
         <load_address>0x38a8</load_address>
         <run_address>0x38a8</run_address>
         <size>0xa</size>
         <input_file_ref idref="fl-d1"/>
      </object_component>
      <object_component id="oc-37c">
         <name>.text:__aeabi_errno_addr</name>
         <load_address>0x38b4</load_address>
         <run_address>0x38b4</run_address>
         <size>0x8</size>
         <input_file_ref idref="fl-ec"/>
      </object_component>
      <object_component id="oc-9f">
         <name>.text:_system_pre_init</name>
         <load_address>0x38bc</load_address>
         <run_address>0x38bc</run_address>
         <size>0x4</size>
         <input_file_ref idref="fl-e1"/>
      </object_component>
      <object_component id="oc-143">
         <name>.text:abort:abort</name>
         <load_address>0x38c0</load_address>
         <run_address>0x38c0</run_address>
         <size>0x4</size>
         <input_file_ref idref="fl-e3"/>
      </object_component>
      <object_component id="oc-25f">
         <name>.const:.string:g_pucFontFixed6x8Data</name>
         <load_address>0x38c4</load_address>
         <run_address>0x38c4</run_address>
         <size>0x2f8</size>
         <input_file_ref idref="fl-14"/>
      </object_component>
      <object_component id="oc-3da">
         <name>.const:.string:_ctypes_</name>
         <load_address>0x3bbc</load_address>
         <run_address>0x3bbc</run_address>
         <size>0x101</size>
         <input_file_ref idref="fl-e8"/>
      </object_component>
      <object_component id="oc-13a">
         <name>.const:g_sFontFixed6x8</name>
         <load_address>0x3cc0</load_address>
         <run_address>0x3cc0</run_address>
         <size>0xc8</size>
         <input_file_ref idref="fl-14"/>
      </object_component>
      <object_component id="oc-188">
         <name>.const:_ctlRegs</name>
         <load_address>0x3d88</load_address>
         <run_address>0x3d88</run_address>
         <size>0x80</size>
         <input_file_ref idref="fl-17"/>
      </object_component>
      <object_component id="oc-2e3">
         <name>.const:GPIO_PORT_TO_BASE</name>
         <load_address>0x3e08</load_address>
         <run_address>0x3e08</run_address>
         <size>0x30</size>
         <input_file_ref idref="fl-18"/>
      </object_component>
      <object_component id="oc-137">
         <name>.const:g_sCrystalfontz128x128_funcs</name>
         <load_address>0x3e38</load_address>
         <run_address>0x3e38</run_address>
         <size>0x20</size>
         <input_file_ref idref="fl-4"/>
      </object_component>
      <object_component id="oc-2da">
         <name>.const:$P$T0$1</name>
         <load_address>0x3e58</load_address>
         <run_address>0x3e58</run_address>
         <size>0x1c</size>
         <input_file_ref idref="fl-5"/>
      </object_component>
      <object_component id="oc-33d">
         <name>.const:.string</name>
         <load_address>0x3e74</load_address>
         <run_address>0x3e74</run_address>
         <size>0x1a</size>
         <input_file_ref idref="fl-2"/>
      </object_component>
      <object_component id="oc-314">
         <name>.const:$P$T0$1</name>
         <load_address>0x3e8e</load_address>
         <run_address>0x3e8e</run_address>
         <size>0x8</size>
         <input_file_ref idref="fl-4"/>
      </object_component>
      <object_component id="oc-4f0">
         <name>.cinit..data.load</name>
         <load_address>0x3e98</load_address>
         <run_address>0x3e98</run_address>
         <size>0x22</size>
      </object_component>
      <object_component id="oc-4ee">
         <name>__TI_handler_table</name>
         <load_address>0x3ebc</load_address>
         <run_address>0x3ebc</run_address>
         <size>0xc</size>
      </object_component>
      <object_component id="oc-4f1">
         <name>.cinit..bss.load</name>
         <load_address>0x3ec8</load_address>
         <run_address>0x3ec8</run_address>
         <size>0x8</size>
      </object_component>
      <object_component id="oc-4ef">
         <name>__TI_cinit_table</name>
         <load_address>0x3ed0</load_address>
         <run_address>0x3ed0</run_address>
         <size>0x10</size>
      </object_component>
      <object_component id="oc-4c2">
         <name>.binit</name>
         <load_address>0x0</load_address>
         <run_address>0x0</run_address>
         <size>0x0</size>
      </object_component>
      <object_component id="oc-e0">
         <name>.data</name>
         <load_address>0x20000010</load_address>
         <run_address>0x20000010</run_address>
         <size>0x10</size>
         <input_file_ref idref="fl-2"/>
      </object_component>
      <object_component id="oc-28d">
         <name>.data:words</name>
         <load_address>0x20000020</load_address>
         <run_address>0x20000020</run_address>
         <size>0xc</size>
         <input_file_ref idref="fl-2"/>
      </object_component>
      <object_component id="oc-134">
         <name>.data:g_sCrystalfontz128x128</name>
         <load_address>0x20000000</load_address>
         <run_address>0x20000000</run_address>
         <size>0x10</size>
         <input_file_ref idref="fl-4"/>
      </object_component>
      <object_component id="oc-441">
         <name>.data</name>
         <load_address>0x2000002c</load_address>
         <run_address>0x2000002c</run_address>
         <size>0x4</size>
         <input_file_ref idref="fl-ec"/>
      </object_component>
      <object_component id="oc-cb">
         <name>.bss:resultsBuffer</name>
         <uninitialized>true</uninitialized>
         <run_address>0x2000004c</run_address>
         <size>0x8</size>
         <input_file_ref idref="fl-2"/>
      </object_component>
      <object_component id="oc-131">
         <name>.common:g_sContext</name>
         <uninitialized>true</uninitialized>
         <run_address>0x20000030</run_address>
         <size>0x1c</size>
      </object_component>
      <object_component id="oc-1fe">
         <name>.common:Lcd_Orientation</name>
         <uninitialized>true</uninitialized>
         <run_address>0x2000005c</run_address>
         <size>0x1</size>
      </object_component>
      <object_component id="oc-1f5">
         <name>.common:Lcd_ScreenWidth</name>
         <uninitialized>true</uninitialized>
         <run_address>0x20000056</run_address>
         <size>0x2</size>
      </object_component>
      <object_component id="oc-1f8">
         <name>.common:Lcd_ScreenHeigth</name>
         <uninitialized>true</uninitialized>
         <run_address>0x20000054</run_address>
         <size>0x2</size>
      </object_component>
      <object_component id="oc-1f9">
         <name>.common:Lcd_PenSolid</name>
         <uninitialized>true</uninitialized>
         <run_address>0x2000005d</run_address>
         <size>0x1</size>
      </object_component>
      <object_component id="oc-1fa">
         <name>.common:Lcd_FontSolid</name>
         <uninitialized>true</uninitialized>
         <run_address>0x2000005b</run_address>
         <size>0x1</size>
      </object_component>
      <object_component id="oc-1fb">
         <name>.common:Lcd_FlagRead</name>
         <uninitialized>true</uninitialized>
         <run_address>0x2000005a</run_address>
         <size>0x1</size>
      </object_component>
      <object_component id="oc-1fc">
         <name>.common:Lcd_TouchTrim</name>
         <uninitialized>true</uninitialized>
         <run_address>0x20000058</run_address>
         <size>0x2</size>
      </object_component>
      <object_component id="oc-29">
         <name>.stack</name>
         <uninitialized>true</uninitialized>
         <run_address>0x2000fe00</run_address>
         <size>0x4</size>
         <input_file_ref idref="fl-d6"/>
      </object_component>
      <object_component id="oc-4f3">
         <name>.stack</name>
         <uninitialized>true</uninitialized>
         <run_address>0x2000fe00</run_address>
         <size>0x0</size>
      </object_component>
      <object_component id="oc-132">
         <name>.debug_info</name>
         <load_address>0x0</load_address>
         <run_address>0x0</run_address>
         <size>0xb61</size>
         <input_file_ref idref="fl-2"/>
      </object_component>
      <object_component id="oc-cc">
         <name>.debug_info</name>
         <load_address>0xb61</load_address>
         <run_address>0xb61</run_address>
         <size>0x110</size>
         <input_file_ref idref="fl-2"/>
      </object_component>
      <object_component id="oc-e1">
         <name>.debug_info</name>
         <load_address>0xc71</load_address>
         <run_address>0xc71</run_address>
         <size>0x172</size>
         <input_file_ref idref="fl-2"/>
      </object_component>
      <object_component id="oc-28e">
         <name>.debug_info</name>
         <load_address>0xde3</load_address>
         <run_address>0xde3</run_address>
         <size>0x101</size>
         <input_file_ref idref="fl-2"/>
      </object_component>
      <object_component id="oc-a6">
         <name>.debug_info</name>
         <load_address>0xee4</load_address>
         <run_address>0xee4</run_address>
         <size>0x344</size>
         <input_file_ref idref="fl-2"/>
      </object_component>
      <object_component id="oc-120">
         <name>.debug_info</name>
         <load_address>0x1228</load_address>
         <run_address>0x1228</run_address>
         <size>0x185</size>
         <input_file_ref idref="fl-2"/>
      </object_component>
      <object_component id="oc-197">
         <name>.debug_info</name>
         <load_address>0x13ad</load_address>
         <run_address>0x13ad</run_address>
         <size>0x159</size>
         <input_file_ref idref="fl-2"/>
      </object_component>
      <object_component id="oc-19e">
         <name>.debug_info</name>
         <load_address>0x1506</load_address>
         <run_address>0x1506</run_address>
         <size>0x183</size>
         <input_file_ref idref="fl-2"/>
      </object_component>
      <object_component id="oc-d5">
         <name>.debug_info</name>
         <load_address>0x1689</load_address>
         <run_address>0x1689</run_address>
         <size>0x1de</size>
         <input_file_ref idref="fl-2"/>
      </object_component>
      <object_component id="oc-dc">
         <name>.debug_info</name>
         <load_address>0x1867</load_address>
         <run_address>0x1867</run_address>
         <size>0x145</size>
         <input_file_ref idref="fl-2"/>
      </object_component>
      <object_component id="oc-1a9">
         <name>.debug_info</name>
         <load_address>0x19ac</load_address>
         <run_address>0x19ac</run_address>
         <size>0x167</size>
         <input_file_ref idref="fl-2"/>
      </object_component>
      <object_component id="oc-c7">
         <name>.debug_info</name>
         <load_address>0x1b13</load_address>
         <run_address>0x1b13</run_address>
         <size>0x27e</size>
         <input_file_ref idref="fl-2"/>
      </object_component>
      <object_component id="oc-7a">
         <name>.debug_info</name>
         <load_address>0x1d91</load_address>
         <run_address>0x1d91</run_address>
         <size>0x179</size>
         <input_file_ref idref="fl-2"/>
      </object_component>
      <object_component id="oc-74">
         <name>.debug_info</name>
         <load_address>0x1f0a</load_address>
         <run_address>0x1f0a</run_address>
         <size>0x1bb</size>
         <input_file_ref idref="fl-2"/>
      </object_component>
      <object_component id="oc-e6">
         <name>.debug_info</name>
         <load_address>0x20c5</load_address>
         <run_address>0x20c5</run_address>
         <size>0x26b</size>
         <input_file_ref idref="fl-2"/>
      </object_component>
      <object_component id="oc-21c">
         <name>.debug_info</name>
         <load_address>0x2330</load_address>
         <run_address>0x2330</run_address>
         <size>0x1028</size>
         <input_file_ref idref="fl-2"/>
      </object_component>
      <object_component id="oc-217">
         <name>.debug_info</name>
         <load_address>0x3358</load_address>
         <run_address>0x3358</run_address>
         <size>0x37e2</size>
         <input_file_ref idref="fl-2"/>
      </object_component>
      <object_component id="oc-221">
         <name>.debug_info</name>
         <load_address>0x6b3a</load_address>
         <run_address>0x6b3a</run_address>
         <size>0x439</size>
         <input_file_ref idref="fl-2"/>
      </object_component>
      <object_component id="oc-13e">
         <name>.debug_info</name>
         <load_address>0x6f73</load_address>
         <run_address>0x6f73</run_address>
         <size>0x8b</size>
         <input_file_ref idref="fl-2"/>
      </object_component>
      <object_component id="oc-1b1">
         <name>.debug_info</name>
         <load_address>0x6ffe</load_address>
         <run_address>0x6ffe</run_address>
         <size>0x2a4</size>
         <input_file_ref idref="fl-2"/>
      </object_component>
      <object_component id="oc-226">
         <name>.debug_info</name>
         <load_address>0x72a2</load_address>
         <run_address>0x72a2</run_address>
         <size>0xef</size>
         <input_file_ref idref="fl-2"/>
      </object_component>
      <object_component id="oc-cf">
         <name>.debug_info</name>
         <load_address>0x7391</load_address>
         <run_address>0x7391</run_address>
         <size>0xbb</size>
         <input_file_ref idref="fl-2"/>
      </object_component>
      <object_component id="oc-2ae">
         <name>.debug_info</name>
         <load_address>0x744c</load_address>
         <run_address>0x744c</run_address>
         <size>0x2c</size>
         <input_file_ref idref="fl-2"/>
      </object_component>
      <object_component id="oc-2de">
         <name>.debug_info</name>
         <load_address>0x7478</load_address>
         <run_address>0x7478</run_address>
         <size>0x131</size>
         <input_file_ref idref="fl-2"/>
      </object_component>
      <object_component id="oc-1c6">
         <name>.debug_info</name>
         <load_address>0x75a9</load_address>
         <run_address>0x75a9</run_address>
         <size>0x48</size>
         <input_file_ref idref="fl-2"/>
      </object_component>
      <object_component id="oc-b8">
         <name>.debug_info</name>
         <load_address>0x75f1</load_address>
         <run_address>0x75f1</run_address>
         <size>0x162</size>
         <input_file_ref idref="fl-3"/>
      </object_component>
      <object_component id="oc-32">
         <name>.debug_info</name>
         <load_address>0x7753</load_address>
         <run_address>0x7753</run_address>
         <size>0x84</size>
         <input_file_ref idref="fl-3"/>
      </object_component>
      <object_component id="oc-1f6">
         <name>.debug_info</name>
         <load_address>0x77d7</load_address>
         <run_address>0x77d7</run_address>
         <size>0x960</size>
         <input_file_ref idref="fl-4"/>
      </object_component>
      <object_component id="oc-135">
         <name>.debug_info</name>
         <load_address>0x8137</load_address>
         <run_address>0x8137</run_address>
         <size>0x144</size>
         <input_file_ref idref="fl-4"/>
      </object_component>
      <object_component id="oc-138">
         <name>.debug_info</name>
         <load_address>0x827b</load_address>
         <run_address>0x827b</run_address>
         <size>0x150</size>
         <input_file_ref idref="fl-4"/>
      </object_component>
      <object_component id="oc-315">
         <name>.debug_info</name>
         <load_address>0x83cb</load_address>
         <run_address>0x83cb</run_address>
         <size>0x125</size>
         <input_file_ref idref="fl-4"/>
      </object_component>
      <object_component id="oc-fc">
         <name>.debug_info</name>
         <load_address>0x84f0</load_address>
         <run_address>0x84f0</run_address>
         <size>0x417</size>
         <input_file_ref idref="fl-4"/>
      </object_component>
      <object_component id="oc-1f1">
         <name>.debug_info</name>
         <load_address>0x8907</load_address>
         <run_address>0x8907</run_address>
         <size>0x323</size>
         <input_file_ref idref="fl-4"/>
      </object_component>
      <object_component id="oc-102">
         <name>.debug_info</name>
         <load_address>0x8c2a</load_address>
         <run_address>0x8c2a</run_address>
         <size>0x27f</size>
         <input_file_ref idref="fl-4"/>
      </object_component>
      <object_component id="oc-22e">
         <name>.debug_info</name>
         <load_address>0x8ea9</load_address>
         <run_address>0x8ea9</run_address>
         <size>0x2c4</size>
         <input_file_ref idref="fl-4"/>
      </object_component>
      <object_component id="oc-235">
         <name>.debug_info</name>
         <load_address>0x916d</load_address>
         <run_address>0x916d</run_address>
         <size>0x427</size>
         <input_file_ref idref="fl-4"/>
      </object_component>
      <object_component id="oc-23a">
         <name>.debug_info</name>
         <load_address>0x9594</load_address>
         <run_address>0x9594</run_address>
         <size>0x2df</size>
         <input_file_ref idref="fl-4"/>
      </object_component>
      <object_component id="oc-241">
         <name>.debug_info</name>
         <load_address>0x9873</load_address>
         <run_address>0x9873</run_address>
         <size>0x2df</size>
         <input_file_ref idref="fl-4"/>
      </object_component>
      <object_component id="oc-247">
         <name>.debug_info</name>
         <load_address>0x9b52</load_address>
         <run_address>0x9b52</run_address>
         <size>0x310</size>
         <input_file_ref idref="fl-4"/>
      </object_component>
      <object_component id="oc-24c">
         <name>.debug_info</name>
         <load_address>0x9e62</load_address>
         <run_address>0x9e62</run_address>
         <size>0x22d</size>
         <input_file_ref idref="fl-4"/>
      </object_component>
      <object_component id="oc-253">
         <name>.debug_info</name>
         <load_address>0xa08f</load_address>
         <run_address>0xa08f</run_address>
         <size>0x1e8</size>
         <input_file_ref idref="fl-4"/>
      </object_component>
      <object_component id="oc-258">
         <name>.debug_info</name>
         <load_address>0xa277</load_address>
         <run_address>0xa277</run_address>
         <size>0x258</size>
         <input_file_ref idref="fl-4"/>
      </object_component>
      <object_component id="oc-2ed">
         <name>.debug_info</name>
         <load_address>0xa4cf</load_address>
         <run_address>0xa4cf</run_address>
         <size>0x37e2</size>
         <input_file_ref idref="fl-4"/>
      </object_component>
      <object_component id="oc-3c1">
         <name>.debug_info</name>
         <load_address>0xdcb1</load_address>
         <run_address>0xdcb1</run_address>
         <size>0x8a6</size>
         <input_file_ref idref="fl-5"/>
      </object_component>
      <object_component id="oc-2db">
         <name>.debug_info</name>
         <load_address>0xe557</load_address>
         <run_address>0xe557</run_address>
         <size>0x138</size>
         <input_file_ref idref="fl-5"/>
      </object_component>
      <object_component id="oc-1cc">
         <name>.debug_info</name>
         <load_address>0xe68f</load_address>
         <run_address>0xe68f</run_address>
         <size>0x28f</size>
         <input_file_ref idref="fl-5"/>
      </object_component>
      <object_component id="oc-1d2">
         <name>.debug_info</name>
         <load_address>0xe91e</load_address>
         <run_address>0xe91e</run_address>
         <size>0x258</size>
         <input_file_ref idref="fl-5"/>
      </object_component>
      <object_component id="oc-1e4">
         <name>.debug_info</name>
         <load_address>0xeb76</load_address>
         <run_address>0xeb76</run_address>
         <size>0x24f</size>
         <input_file_ref idref="fl-5"/>
      </object_component>
      <object_component id="oc-1ea">
         <name>.debug_info</name>
         <load_address>0xedc5</load_address>
         <run_address>0xedc5</run_address>
         <size>0x202</size>
         <input_file_ref idref="fl-5"/>
      </object_component>
      <object_component id="oc-81">
         <name>.debug_info</name>
         <load_address>0xefc7</load_address>
         <run_address>0xefc7</run_address>
         <size>0x302</size>
         <input_file_ref idref="fl-6"/>
      </object_component>
      <object_component id="oc-27">
         <name>.debug_info</name>
         <load_address>0xf2c9</load_address>
         <run_address>0xf2c9</run_address>
         <size>0x12e</size>
         <input_file_ref idref="fl-6"/>
      </object_component>
      <object_component id="oc-68">
         <name>.debug_info</name>
         <load_address>0xf3f7</load_address>
         <run_address>0xf3f7</run_address>
         <size>0x191</size>
         <input_file_ref idref="fl-6"/>
      </object_component>
      <object_component id="oc-6e">
         <name>.debug_info</name>
         <load_address>0xf588</load_address>
         <run_address>0xf588</run_address>
         <size>0x179</size>
         <input_file_ref idref="fl-6"/>
      </object_component>
      <object_component id="oc-201">
         <name>.debug_info</name>
         <load_address>0xf701</load_address>
         <run_address>0xf701</run_address>
         <size>0x561</size>
         <input_file_ref idref="fl-12"/>
      </object_component>
      <object_component id="oc-109">
         <name>.debug_info</name>
         <load_address>0xfc62</load_address>
         <run_address>0xfc62</run_address>
         <size>0x1ef</size>
         <input_file_ref idref="fl-12"/>
      </object_component>
      <object_component id="oc-115">
         <name>.debug_info</name>
         <load_address>0xfe51</load_address>
         <run_address>0xfe51</run_address>
         <size>0x203</size>
         <input_file_ref idref="fl-12"/>
      </object_component>
      <object_component id="oc-11b">
         <name>.debug_info</name>
         <load_address>0x10054</load_address>
         <run_address>0x10054</run_address>
         <size>0x1d0</size>
         <input_file_ref idref="fl-12"/>
      </object_component>
      <object_component id="oc-10f">
         <name>.debug_info</name>
         <load_address>0x10224</load_address>
         <run_address>0x10224</run_address>
         <size>0x1f6</size>
         <input_file_ref idref="fl-12"/>
      </object_component>
      <object_component id="oc-1a4">
         <name>.debug_info</name>
         <load_address>0x1041a</load_address>
         <run_address>0x1041a</run_address>
         <size>0x1c3</size>
         <input_file_ref idref="fl-12"/>
      </object_component>
      <object_component id="oc-2f9">
         <name>.debug_info</name>
         <load_address>0x105dd</load_address>
         <run_address>0x105dd</run_address>
         <size>0x26b</size>
         <input_file_ref idref="fl-12"/>
      </object_component>
      <object_component id="oc-2f4">
         <name>.debug_info</name>
         <load_address>0x10848</load_address>
         <run_address>0x10848</run_address>
         <size>0x439</size>
         <input_file_ref idref="fl-12"/>
      </object_component>
      <object_component id="oc-288">
         <name>.debug_info</name>
         <load_address>0x10c81</load_address>
         <run_address>0x10c81</run_address>
         <size>0x297</size>
         <input_file_ref idref="fl-12"/>
      </object_component>
      <object_component id="oc-18c">
         <name>.debug_info</name>
         <load_address>0x10f18</load_address>
         <run_address>0x10f18</run_address>
         <size>0xef</size>
         <input_file_ref idref="fl-12"/>
      </object_component>
      <object_component id="oc-191">
         <name>.debug_info</name>
         <load_address>0x11007</load_address>
         <run_address>0x11007</run_address>
         <size>0xbb</size>
         <input_file_ref idref="fl-12"/>
      </object_component>
      <object_component id="oc-2ff">
         <name>.debug_info</name>
         <load_address>0x110c2</load_address>
         <run_address>0x110c2</run_address>
         <size>0x3fb</size>
         <input_file_ref idref="fl-13"/>
      </object_component>
      <object_component id="oc-3a1">
         <name>.debug_info</name>
         <load_address>0x114bd</load_address>
         <run_address>0x114bd</run_address>
         <size>0x203</size>
         <input_file_ref idref="fl-13"/>
      </object_component>
      <object_component id="oc-459">
         <name>.debug_info</name>
         <load_address>0x116c0</load_address>
         <run_address>0x116c0</run_address>
         <size>0x221</size>
         <input_file_ref idref="fl-13"/>
      </object_component>
      <object_component id="oc-205">
         <name>.debug_info</name>
         <load_address>0x118e1</load_address>
         <run_address>0x118e1</run_address>
         <size>0x1e3</size>
         <input_file_ref idref="fl-13"/>
      </object_component>
      <object_component id="oc-294">
         <name>.debug_info</name>
         <load_address>0x11ac4</load_address>
         <run_address>0x11ac4</run_address>
         <size>0x1db</size>
         <input_file_ref idref="fl-13"/>
      </object_component>
      <object_component id="oc-264">
         <name>.debug_info</name>
         <load_address>0x11c9f</load_address>
         <run_address>0x11c9f</run_address>
         <size>0x27c</size>
         <input_file_ref idref="fl-14"/>
      </object_component>
      <object_component id="oc-260">
         <name>.debug_info</name>
         <load_address>0x11f1b</load_address>
         <run_address>0x11f1b</run_address>
         <size>0x13a</size>
         <input_file_ref idref="fl-14"/>
      </object_component>
      <object_component id="oc-13b">
         <name>.debug_info</name>
         <load_address>0x12055</load_address>
         <run_address>0x12055</run_address>
         <size>0x12f</size>
         <input_file_ref idref="fl-14"/>
      </object_component>
      <object_component id="oc-2c0">
         <name>.debug_info</name>
         <load_address>0x12184</load_address>
         <run_address>0x12184</run_address>
         <size>0x4ba</size>
         <input_file_ref idref="fl-15"/>
      </object_component>
      <object_component id="oc-396">
         <name>.debug_info</name>
         <load_address>0x1263e</load_address>
         <run_address>0x1263e</run_address>
         <size>0x1c5</size>
         <input_file_ref idref="fl-15"/>
      </object_component>
      <object_component id="oc-2b6">
         <name>.debug_info</name>
         <load_address>0x12803</load_address>
         <run_address>0x12803</run_address>
         <size>0x28e</size>
         <input_file_ref idref="fl-15"/>
      </object_component>
      <object_component id="oc-2bc">
         <name>.debug_info</name>
         <load_address>0x12a91</load_address>
         <run_address>0x12a91</run_address>
         <size>0x42a</size>
         <input_file_ref idref="fl-15"/>
      </object_component>
      <object_component id="oc-1bf">
         <name>.debug_info</name>
         <load_address>0x12ebb</load_address>
         <run_address>0x12ebb</run_address>
         <size>0x26e</size>
         <input_file_ref idref="fl-15"/>
      </object_component>
      <object_component id="oc-45f">
         <name>.debug_info</name>
         <load_address>0x13129</load_address>
         <run_address>0x13129</run_address>
         <size>0x53b</size>
         <input_file_ref idref="fl-16"/>
      </object_component>
      <object_component id="oc-39d">
         <name>.debug_info</name>
         <load_address>0x13664</load_address>
         <run_address>0x13664</run_address>
         <size>0x216</size>
         <input_file_ref idref="fl-16"/>
      </object_component>
      <object_component id="oc-214">
         <name>.debug_info</name>
         <load_address>0x1387a</load_address>
         <run_address>0x1387a</run_address>
         <size>0x706</size>
         <input_file_ref idref="fl-17"/>
      </object_component>
      <object_component id="oc-189">
         <name>.debug_info</name>
         <load_address>0x13f80</load_address>
         <run_address>0x13f80</run_address>
         <size>0x124</size>
         <input_file_ref idref="fl-17"/>
      </object_component>
      <object_component id="oc-183">
         <name>.debug_info</name>
         <load_address>0x140a4</load_address>
         <run_address>0x140a4</run_address>
         <size>0x1d9</size>
         <input_file_ref idref="fl-17"/>
      </object_component>
      <object_component id="oc-20d">
         <name>.debug_info</name>
         <load_address>0x1427d</load_address>
         <run_address>0x1427d</run_address>
         <size>0x1b8</size>
         <input_file_ref idref="fl-17"/>
      </object_component>
      <object_component id="oc-126">
         <name>.debug_info</name>
         <load_address>0x14435</load_address>
         <run_address>0x14435</run_address>
         <size>0x308</size>
         <input_file_ref idref="fl-17"/>
      </object_component>
      <object_component id="oc-12d">
         <name>.debug_info</name>
         <load_address>0x1473d</load_address>
         <run_address>0x1473d</run_address>
         <size>0x38b</size>
         <input_file_ref idref="fl-17"/>
      </object_component>
      <object_component id="oc-c1">
         <name>.debug_info</name>
         <load_address>0x14ac8</load_address>
         <run_address>0x14ac8</run_address>
         <size>0x22f</size>
         <input_file_ref idref="fl-17"/>
      </object_component>
      <object_component id="oc-303">
         <name>.debug_info</name>
         <load_address>0x14cf7</load_address>
         <run_address>0x14cf7</run_address>
         <size>0x431a</size>
         <input_file_ref idref="fl-17"/>
      </object_component>
      <object_component id="oc-308">
         <name>.debug_info</name>
         <load_address>0x19011</load_address>
         <run_address>0x19011</run_address>
         <size>0x1028</size>
         <input_file_ref idref="fl-17"/>
      </object_component>
      <object_component id="oc-3c4">
         <name>.debug_info</name>
         <load_address>0x1a039</load_address>
         <run_address>0x1a039</run_address>
         <size>0x701</size>
         <input_file_ref idref="fl-18"/>
      </object_component>
      <object_component id="oc-2e4">
         <name>.debug_info</name>
         <load_address>0x1a73a</load_address>
         <run_address>0x1a73a</run_address>
         <size>0x135</size>
         <input_file_ref idref="fl-18"/>
      </object_component>
      <object_component id="oc-2c8">
         <name>.debug_info</name>
         <load_address>0x1a86f</load_address>
         <run_address>0x1a86f</run_address>
         <size>0x252</size>
         <input_file_ref idref="fl-18"/>
      </object_component>
      <object_component id="oc-2c2">
         <name>.debug_info</name>
         <load_address>0x1aac1</load_address>
         <run_address>0x1aac1</run_address>
         <size>0x2a5</size>
         <input_file_ref idref="fl-18"/>
      </object_component>
      <object_component id="oc-1de">
         <name>.debug_info</name>
         <load_address>0x1ad66</load_address>
         <run_address>0x1ad66</run_address>
         <size>0x25a</size>
         <input_file_ref idref="fl-18"/>
      </object_component>
      <object_component id="oc-1d8">
         <name>.debug_info</name>
         <load_address>0x1afc0</load_address>
         <run_address>0x1afc0</run_address>
         <size>0x258</size>
         <input_file_ref idref="fl-18"/>
      </object_component>
      <object_component id="oc-3b1">
         <name>.debug_info</name>
         <load_address>0x1b218</load_address>
         <run_address>0x1b218</run_address>
         <size>0x6f5</size>
         <input_file_ref idref="fl-1a"/>
      </object_component>
      <object_component id="oc-3ac">
         <name>.debug_info</name>
         <load_address>0x1b90d</load_address>
         <run_address>0x1b90d</run_address>
         <size>0x1c7</size>
         <input_file_ref idref="fl-1a"/>
      </object_component>
      <object_component id="oc-2d0">
         <name>.debug_info</name>
         <load_address>0x1bad4</load_address>
         <run_address>0x1bad4</run_address>
         <size>0x22b</size>
         <input_file_ref idref="fl-1a"/>
      </object_component>
      <object_component id="oc-2d6">
         <name>.debug_info</name>
         <load_address>0x1bcff</load_address>
         <run_address>0x1bcff</run_address>
         <size>0x235</size>
         <input_file_ref idref="fl-1a"/>
      </object_component>
      <object_component id="oc-3bb">
         <name>.debug_info</name>
         <load_address>0x1bf34</load_address>
         <run_address>0x1bf34</run_address>
         <size>0x1e9</size>
         <input_file_ref idref="fl-1a"/>
      </object_component>
      <object_component id="oc-3b4">
         <name>.debug_info</name>
         <load_address>0x1c11d</load_address>
         <run_address>0x1c11d</run_address>
         <size>0x1e9</size>
         <input_file_ref idref="fl-1a"/>
      </object_component>
      <object_component id="oc-464">
         <name>.debug_info</name>
         <load_address>0x1c306</load_address>
         <run_address>0x1c306</run_address>
         <size>0x131</size>
         <input_file_ref idref="fl-1a"/>
      </object_component>
      <object_component id="oc-2ad">
         <name>.debug_info</name>
         <load_address>0x1c437</load_address>
         <run_address>0x1c437</run_address>
         <size>0x333</size>
         <input_file_ref idref="fl-d1"/>
      </object_component>
      <object_component id="oc-1b7">
         <name>.debug_info</name>
         <load_address>0x1c76a</load_address>
         <run_address>0x1c76a</run_address>
         <size>0x1d1</size>
         <input_file_ref idref="fl-d1"/>
      </object_component>
      <object_component id="oc-2a3">
         <name>.debug_info</name>
         <load_address>0x1c93b</load_address>
         <run_address>0x1c93b</run_address>
         <size>0x18d</size>
         <input_file_ref idref="fl-d1"/>
      </object_component>
      <object_component id="oc-2a8">
         <name>.debug_info</name>
         <load_address>0x1cac8</load_address>
         <run_address>0x1cac8</run_address>
         <size>0x16d</size>
         <input_file_ref idref="fl-d1"/>
      </object_component>
      <object_component id="oc-448">
         <name>.debug_info</name>
         <load_address>0x1cc35</load_address>
         <run_address>0x1cc35</run_address>
         <size>0x2c</size>
         <input_file_ref idref="fl-d1"/>
      </object_component>
      <object_component id="oc-39">
         <name>.debug_info</name>
         <load_address>0x1cc61</load_address>
         <run_address>0x1cc61</run_address>
         <size>0x119</size>
         <input_file_ref idref="fl-d2"/>
      </object_component>
      <object_component id="oc-98">
         <name>.debug_info</name>
         <load_address>0x1cd7a</load_address>
         <run_address>0x1cd7a</run_address>
         <size>0x2d4</size>
         <input_file_ref idref="fl-d3"/>
      </object_component>
      <object_component id="oc-44">
         <name>.debug_info</name>
         <load_address>0x1d04e</load_address>
         <run_address>0x1d04e</run_address>
         <size>0x1d2</size>
         <input_file_ref idref="fl-d3"/>
      </object_component>
      <object_component id="oc-93">
         <name>.debug_info</name>
         <load_address>0x1d220</load_address>
         <run_address>0x1d220</run_address>
         <size>0x46</size>
         <input_file_ref idref="fl-d3"/>
      </object_component>
      <object_component id="oc-f2">
         <name>.debug_info</name>
         <load_address>0x1d266</load_address>
         <run_address>0x1d266</run_address>
         <size>0x2c</size>
         <input_file_ref idref="fl-d3"/>
      </object_component>
      <object_component id="oc-42">
         <name>.debug_info</name>
         <load_address>0x1d292</load_address>
         <run_address>0x1d292</run_address>
         <size>0x2a8</size>
         <input_file_ref idref="fl-d4"/>
      </object_component>
      <object_component id="oc-1e">
         <name>.debug_info</name>
         <load_address>0x1d53a</load_address>
         <run_address>0x1d53a</run_address>
         <size>0x1ea</size>
         <input_file_ref idref="fl-d4"/>
      </object_component>
      <object_component id="oc-3d">
         <name>.debug_info</name>
         <load_address>0x1d724</load_address>
         <run_address>0x1d724</run_address>
         <size>0x46</size>
         <input_file_ref idref="fl-d4"/>
      </object_component>
      <object_component id="oc-8b">
         <name>.debug_info</name>
         <load_address>0x1d76a</load_address>
         <run_address>0x1d76a</run_address>
         <size>0x2c</size>
         <input_file_ref idref="fl-d4"/>
      </object_component>
      <object_component id="oc-89">
         <name>.debug_info</name>
         <load_address>0x1d796</load_address>
         <run_address>0x1d796</run_address>
         <size>0x29e</size>
         <input_file_ref idref="fl-d5"/>
      </object_component>
      <object_component id="oc-1a">
         <name>.debug_info</name>
         <load_address>0x1da34</load_address>
         <run_address>0x1da34</run_address>
         <size>0x250</size>
         <input_file_ref idref="fl-d5"/>
      </object_component>
      <object_component id="oc-2d">
         <name>.debug_info</name>
         <load_address>0x1dc84</load_address>
         <run_address>0x1dc84</run_address>
         <size>0x60</size>
         <input_file_ref idref="fl-d5"/>
      </object_component>
      <object_component id="oc-eb">
         <name>.debug_info</name>
         <load_address>0x1dce4</load_address>
         <run_address>0x1dce4</run_address>
         <size>0x46</size>
         <input_file_ref idref="fl-d5"/>
      </object_component>
      <object_component id="oc-84">
         <name>.debug_info</name>
         <load_address>0x1dd2a</load_address>
         <run_address>0x1dd2a</run_address>
         <size>0x39</size>
         <input_file_ref idref="fl-d5"/>
      </object_component>
      <object_component id="oc-2a">
         <name>.debug_info</name>
         <load_address>0x1dd63</load_address>
         <run_address>0x1dd63</run_address>
         <size>0x10b</size>
         <input_file_ref idref="fl-d6"/>
      </object_component>
      <object_component id="oc-56">
         <name>.debug_info</name>
         <load_address>0x1de6e</load_address>
         <run_address>0x1de6e</run_address>
         <size>0x1a9</size>
         <input_file_ref idref="fl-d6"/>
      </object_component>
      <object_component id="oc-383">
         <name>.debug_info</name>
         <load_address>0x1e017</load_address>
         <run_address>0x1e017</run_address>
         <size>0x590</size>
         <input_file_ref idref="fl-d7"/>
      </object_component>
      <object_component id="oc-34e">
         <name>.debug_info</name>
         <load_address>0x1e5a7</load_address>
         <run_address>0x1e5a7</run_address>
         <size>0x21e</size>
         <input_file_ref idref="fl-d7"/>
      </object_component>
      <object_component id="oc-40b">
         <name>.debug_info</name>
         <load_address>0x1e7c5</load_address>
         <run_address>0x1e7c5</run_address>
         <size>0x1b3</size>
         <input_file_ref idref="fl-d7"/>
      </object_component>
      <object_component id="oc-411">
         <name>.debug_info</name>
         <load_address>0x1e978</load_address>
         <run_address>0x1e978</run_address>
         <size>0x21b</size>
         <input_file_ref idref="fl-d7"/>
      </object_component>
      <object_component id="oc-35a">
         <name>.debug_info</name>
         <load_address>0x1eb93</load_address>
         <run_address>0x1eb93</run_address>
         <size>0x3c0</size>
         <input_file_ref idref="fl-d7"/>
      </object_component>
      <object_component id="oc-419">
         <name>.debug_info</name>
         <load_address>0x1ef53</load_address>
         <run_address>0x1ef53</run_address>
         <size>0x30a</size>
         <input_file_ref idref="fl-d7"/>
      </object_component>
      <object_component id="oc-41f">
         <name>.debug_info</name>
         <load_address>0x1f25d</load_address>
         <run_address>0x1f25d</run_address>
         <size>0x215</size>
         <input_file_ref idref="fl-d7"/>
      </object_component>
      <object_component id="oc-360">
         <name>.debug_info</name>
         <load_address>0x1f472</load_address>
         <run_address>0x1f472</run_address>
         <size>0x215</size>
         <input_file_ref idref="fl-d7"/>
      </object_component>
      <object_component id="oc-366">
         <name>.debug_info</name>
         <load_address>0x1f687</load_address>
         <run_address>0x1f687</run_address>
         <size>0x304</size>
         <input_file_ref idref="fl-d7"/>
      </object_component>
      <object_component id="oc-36c">
         <name>.debug_info</name>
         <load_address>0x1f98b</load_address>
         <run_address>0x1f98b</run_address>
         <size>0x4b5</size>
         <input_file_ref idref="fl-d7"/>
      </object_component>
      <object_component id="oc-29c">
         <name>.debug_info</name>
         <load_address>0x1fe40</load_address>
         <run_address>0x1fe40</run_address>
         <size>0x5f4</size>
         <input_file_ref idref="fl-d7"/>
      </object_component>
      <object_component id="oc-384">
         <name>.debug_info</name>
         <load_address>0x20434</load_address>
         <run_address>0x20434</run_address>
         <size>0x86</size>
         <input_file_ref idref="fl-d7"/>
      </object_component>
      <object_component id="oc-44d">
         <name>.debug_info</name>
         <load_address>0x204ba</load_address>
         <run_address>0x204ba</run_address>
         <size>0x39</size>
         <input_file_ref idref="fl-d7"/>
      </object_component>
      <object_component id="oc-4a6">
         <name>.debug_info</name>
         <load_address>0x204f3</load_address>
         <run_address>0x204f3</run_address>
         <size>0xb6</size>
[...]
         <value>0x2f6d</value>
         <object_component_ref idref="oc-101"/>
      </symbol>
      <symbol id="sm-1f9">
         <name>g_sCrystalfontz128x128_funcs</name>
         <value>0x3e38</value>
         <object_component_ref idref="oc-137"/>
      </symbol>
      <symbol id="sm-1fa">
         <name>g_sCrystalfontz128x128</name>
         <value>0x20000000</value>
         <object_component_ref idref="oc-134"/>
      </symbol>
      <symbol id="sm-1fb">
         <name>Crystalfontz128x128_Init</name>
         <value>0x1e79</value>
         <object_component_ref idref="oc-fb"/>
      </symbol>
      <symbol id="sm-234">
         <name>HAL_LCD_writeData</name>
         <value>0x360d</value>
         <object_component_ref idref="oc-1e9"/>
      </symbol>
      <symbol id="sm-235">
         <name>HAL_LCD_SpiInit</name>
         <value>0x3299</value>
         <object_component_ref idref="oc-1d1"/>
      </symbol>
      <symbol id="sm-236">
         <name>HAL_LCD_PortInit</name>
         <value>0x3525</value>
         <object_component_ref idref="oc-1cb"/>
      </symbol>
      <symbol id="sm-237">
         <name>HAL_LCD_writeCommand</name>
         <value>0x3415</value>
         <object_component_ref idref="oc-1e3"/>
      </symbol>
      <symbol id="sm-253">
         <name>Reset_Handler</name>
         <value>0x3893</value>
         <object_component_ref idref="oc-67"/>
      </symbol>
      <symbol id="sm-254">
         <name>Default_Handler</name>
         <value>0x196f</value>
         <object_component_ref idref="oc-6d"/>
      </symbol>
      <symbol id="sm-255">
         <name>interruptVectors</name>
         <value>0x0</value>
         <object_component_ref idref="oc-26"/>
      </symbol>
      <symbol id="sm-29b">
         <name>Graphics_setBackgroundColor</name>
         <value>0x3767</value>
         <object_component_ref idref="oc-113"/>
      </symbol>
      <symbol id="sm-29c">
         <name>Graphics_setFont</name>
         <value>0x3781</value>
         <object_component_ref idref="oc-119"/>
      </symbol>
      <symbol id="sm-29d">
         <name>Graphics_initContext</name>
         <value>0x3015</value>
         <object_component_ref idref="oc-107"/>
      </symbol>
      <symbol id="sm-29e">
         <name>Graphics_setForegroundColor</name>
         <value>0x37f9</value>
         <object_component_ref idref="oc-10d"/>
      </symbol>
      <symbol id="sm-29f">
         <name>Graphics_clearDisplay</name>
         <value>0x384f</value>
         <object_component_ref idref="oc-1a2"/>
      </symbol>
      <symbol id="sm-2c4">
         <name>Graphics_clearDisplayOnDisplay</name>
         <value>0x374d</value>
         <object_component_ref idref="oc-292"/>
      </symbol>
      <symbol id="sm-2c5">
         <name>Graphics_drawPixelOnDisplay</name>
         <value>0x35e1</value>
         <object_component_ref idref="oc-39f"/>
      </symbol>
      <symbol id="sm-2c6">
         <name>Graphics_translateColorOnDisplay</name>
         <value>0x380f</value>
         <object_component_ref idref="oc-202"/>
      </symbol>
      <symbol id="sm-2c7">
         <name>Graphics_drawHorizontalLineOnDisplay</name>
         <value>0x3485</value>
         <object_component_ref idref="oc-458"/>
      </symbol>
      <symbol id="sm-2d9">
         <name>g_sFontFixed6x8</name>
         <value>0x3cc0</value>
         <object_component_ref idref="oc-13a"/>
      </symbol>
      <symbol id="sm-331">
         <name>Graphics_drawStringCentered</name>
         <value>0x3105</value>
         <object_component_ref idref="oc-1bc"/>
      </symbol>
      <symbol id="sm-332">
         <name>Graphics_drawString</name>
         <value>0xb33</value>
         <object_component_ref idref="oc-2b9"/>
      </symbol>
      <symbol id="sm-333">
         <name>Graphics_getStringWidth</name>
         <value>0x22d5</value>
         <object_component_ref idref="oc-2b3"/>
      </symbol>
      <symbol id="sm-346">
         <name>Graphics_drawLineH</name>
         <value>0x2803</value>
         <object_component_ref idref="oc-399"/>
      </symbol>
      <symbol id="sm-3cd">
         <name>ADC14_configureMultiSequenceMode</name>
         <value>0x2551</value>
         <object_component_ref idref="oc-125"/>
      </symbol>
      <symbol id="sm-3ce">
         <name>ADC14_configureConversionMemory</name>
         <value>0x249d</value>
         <object_component_ref idref="oc-12b"/>
      </symbol>
      <symbol id="sm-3cf">
         <name>ADC14_getResult</name>
         <value>0x3639</value>
         <object_component_ref idref="oc-bf"/>
      </symbol>
      <symbol id="sm-408">
         <name>GPIO_setOutputHighOnPin</name>
         <value>0x3689</value>
         <object_component_ref idref="oc-1dd"/>
      </symbol>
      <symbol id="sm-409">
         <name>GPIO_setAsOutputPin</name>
         <value>0x3219</value>
         <object_component_ref idref="oc-2c7"/>
      </symbol>
      <symbol id="sm-40a">
         <name>GPIO_setOutputLowOnPin</name>
         <value>0x36b1</value>
         <object_component_ref idref="oc-1d7"/>
      </symbol>
      <symbol id="sm-40b">
         <name>GPIO_setAsPeripheralModuleFunctionOutputPin</name>
         <value>0x29d1</value>
         <object_component_ref idref="oc-2c1"/>
      </symbol>
      <symbol id="sm-44b">
         <name>EUSCI_B_SPI_enable</name>
         <value>0x37e3</value>
         <object_component_ref idref="oc-3b8"/>
      </symbol>
      <symbol id="sm-44c">
         <name>SPI_enableModule</name>
         <value>0x36f9</value>
         <object_component_ref idref="oc-2d4"/>
      </symbol>
      <symbol id="sm-44d">
         <name>EUSCI_A_SPI_enable</name>
         <value>0x37cd</value>
         <object_component_ref idref="oc-3b2"/>
      </symbol>
      <symbol id="sm-44e">
         <name>SPI_initMaster</name>
         <value>0x26b7</value>
         <object_component_ref idref="oc-2ce"/>
      </symbol>
      <symbol id="sm-476">
         <name>sprintf</name>
         <value>0x3359</value>
         <object_component_ref idref="oc-1b6"/>
      </symbol>
      <symbol id="sm-491">
         <name>memcpy</name>
         <value>0x289f</value>
         <object_component_ref idref="oc-37"/>
      </symbol>
      <symbol id="sm-492">
         <name>__aeabi_memcpy</name>
         <value>0x289f</value>
         <object_component_ref idref="oc-37"/>
      </symbol>
      <symbol id="sm-493">
         <name>__aeabi_memcpy8</name>
         <value>0x289f</value>
         <object_component_ref idref="oc-37"/>
      </symbol>
      <symbol id="sm-494">
         <name>__aeabi_memcpy4</name>
         <value>0x289f</value>
         <object_component_ref idref="oc-37"/>
      </symbol>
      <symbol id="sm-4ad">
         <name>__TI_zero_init_nomemset</name>
         <value>0x3715</value>
         <object_component_ref idref="oc-43"/>
      </symbol>
      <symbol id="sm-4c4">
         <name>__TI_decompress_none</name>
         <value>0x3885</value>
         <object_component_ref idref="oc-1d"/>
      </symbol>
      <symbol id="sm-4e7">
         <name>__TI_decompress_lzss</name>
         <value>0x2cc7</value>
         <object_component_ref idref="oc-17"/>
      </symbol>
      <symbol id="sm-4fa">
         <name>__stack</name>
         <value>0x2000fe00</value>
         <object_component_ref idref="oc-29"/>
      </symbol>
      <symbol id="sm-4fb">
         <name>_c_int00_noargs</name>
         <value>0x34f1</value>
         <object_component_ref idref="oc-55"/>
      </symbol>
      <symbol id="sm-660">
         <name>__TI_printfi</name>
         <value>0xe5</value>
         <object_component_ref idref="oc-29a"/>
      </symbol>
      <symbol id="sm-677">
         <name>__aeabi_dsub</name>
         <value>0x17b9</value>
         <object_component_ref idref="oc-405"/>
      </symbol>
      <symbol id="sm-678">
         <name>__aeabi_dadd</name>
         <value>0x17c3</value>
         <object_component_ref idref="oc-405"/>
      </symbol>
      <symbol id="sm-69a">
         <name>__aeabi_cdcmpeq</name>
         <value>0x2a59</value>
         <object_component_ref idref="oc-353"/>
      </symbol>
      <symbol id="sm-69b">
         <name>__aeabi_cdcmple</name>
         <value>0x2a59</value>
         <object_component_ref idref="oc-353"/>
      </symbol>
      <symbol id="sm-69c">
         <name>__aeabi_cdrcmple</name>
         <value>0x2adf</value>
         <object_component_ref idref="oc-3f0"/>
      </symbol>
      <symbol id="sm-6b0">
         <name>__aeabi_ddiv</name>
         <value>0x1c0d</value>
         <object_component_ref idref="oc-3eb"/>
      </symbol>
      <symbol id="sm-6bb">
         <name>__aeabi_dmul</name>
         <value>0x21d9</value>
         <object_component_ref idref="oc-3e6"/>
      </symbol>
      <symbol id="sm-6c5">
         <name>__aeabi_d2iz</name>
         <value>0x314d</value>
         <object_component_ref idref="oc-3f5"/>
      </symbol>
      <symbol id="sm-6cf">
         <name>__aeabi_i2d</name>
         <value>0x3585</value>
         <object_component_ref idref="oc-400"/>
      </symbol>
      <symbol id="sm-6de">
         <name>__aeabi_memset</name>
         <value>0x2b67</value>
         <object_component_ref idref="oc-99"/>
      </symbol>
      <symbol id="sm-6df">
         <name>memset</name>
         <value>0x2b6d</value>
         <object_component_ref idref="oc-99"/>
      </symbol>
      <symbol id="sm-6e0">
         <name>__aeabi_memset8</name>
         <value>0x2b67</value>
         <object_component_ref idref="oc-99"/>
      </symbol>
      <symbol id="sm-6e1">
         <name>__aeabi_memset4</name>
         <value>0x2b67</value>
         <object_component_ref idref="oc-99"/>
      </symbol>
      <symbol id="sm-6e2">
         <name>__aeabi_memclr8</name>
         <value>0x2b65</value>
         <object_component_ref idref="oc-99"/>
      </symbol>
      <symbol id="sm-6e3">
         <name>__aeabi_memclr4</name>
         <value>0x2b65</value>
         <object_component_ref idref="oc-99"/>
      </symbol>
      <symbol id="sm-6e4">
         <name>__aeabi_memclr</name>
         <value>0x2b65</value>
         <object_component_ref idref="oc-99"/>
      </symbol>
      <symbol id="sm-6f1">
         <name>__aeabi_uldivmod</name>
         <value>0x293b</value>
         <object_component_ref idref="oc-3df"/>
      </symbol>
      <symbol id="sm-719">
         <name>__TI_auto_init_nobinit_nopinit</name>
         <value>0x3195</value>
         <object_component_ref idref="oc-14f"/>
      </symbol>
      <symbol id="sm-723">
         <name>_system_pre_init</name>
         <value>0x38bd</value>
         <object_component_ref idref="oc-9f"/>
      </symbol>
      <symbol id="sm-72f">
         <name>C$$EXIT</name>
         <value>0x38c1</value>
         <object_component_ref idref="oc-143"/>
      </symbol>
      <symbol id="sm-730">
         <name>abort</name>
         <value>0x38c1</value>
         <object_component_ref idref="oc-143"/>
      </symbol>
      <symbol id="sm-740">
         <name>__TI_ltoa</name>
         <value>0x2fc1</value>
         <object_component_ref idref="oc-3fa"/>
      </symbol>
      <symbol id="sm-757">
         <name>atoi</name>
         <value>0x30b9</value>
         <object_component_ref idref="oc-347"/>
      </symbol>
      <symbol id="sm-762">
         <name>_ctypes_</name>
         <value>0x3bbc</value>
         <object_component_ref idref="oc-3da"/>
      </symbol>
      <symbol id="sm-772">
         <name>memccpy</name>
         <value>0x3731</value>
         <object_component_ref idref="oc-370"/>
      </symbol>
      <symbol id="sm-782">
         <name>strchr</name>
         <value>0x3825</value>
         <object_component_ref idref="oc-431"/>
      </symbol>
      <symbol id="sm-790">
         <name>strlen</name>
         <value>0x383b</value>
         <object_component_ref idref="oc-341"/>
      </symbol>
      <symbol id="sm-7a6">
         <name>__aeabi_errno_addr</name>
         <value>0x38b5</value>
         <object_component_ref idref="oc-37c"/>
      </symbol>
      <symbol id="sm-7a7">
         <name>errno</name>
         <value>0x2000002c</value>
         <object_component_ref idref="oc-441"/>
      </symbol>
      <symbol id="sm-7c0">
         <name>wcslen</name>
         <value>0x3861</value>
         <object_component_ref idref="oc-376"/>
      </symbol>
      <symbol id="sm-7e0">
         <name>frexpl</name>
         <value>0x2d31</value>
         <object_component_ref idref="oc-425"/>
      </symbol>
      <symbol id="sm-7e1">
         <name>frexp</name>
         <value>0x2d31</value>
         <object_component_ref idref="oc-425"/>
      </symbol>
      <symbol id="sm-7fe">
         <name>scalbn</name>
         <value>0x20c9</value>
         <object_component_ref idref="oc-42b"/>
      </symbol>
      <symbol id="sm-7ff">
         <name>scalbnl</name>
         <value>0x20c9</value>
         <object_component_ref idref="oc-42b"/>
      </symbol>
      <symbol id="sm-800">
         <name>ldexpl</name>
         <value>0x20c9</value>
         <object_component_ref idref="oc-42b"/>
      </symbol>
      <symbol id="sm-801">
         <name>ldexp</name>
         <value>0x20c9</value>
         <object_component_ref idref="oc-42b"/>
      </symbol>
      <symbol id="sm-80b">
         <name>__aeabi_idiv0</name>
         <value>0x1d43</value>
         <object_component_ref idref="oc-476"/>
      </symbol>
      <symbol id="sm-80c">
         <name>__aeabi_ldiv0</name>
         <value>0x1d43</value>
         <object_component_ref idref="oc-476"/>
      </symbol>
      <symbol id="sm-816">
         <name>copysign</name>
         <value>0x379b</value>
         <object_component_ref idref="oc-48f"/>
      </symbol>
      <symbol id="sm-817">
         <name>copysignl</name>
         <value>0x379b</value>
         <object_component_ref idref="oc-48f"/>
      </symbol>
      <symbol id="sm-818">
         <name>__TI_static_base__</name>
         <value>0x0</value>
      </symbol>
      <symbol id="sm-81b">
         <name>__mpu_init</name>
         <value>0x0</value>
      </symbol>
      <symbol id="sm-81c">
         <name>_system_post_cinit</name>
         <value>0x0</value>
      </symbol>
      <symbol id="sm-81d">
         <name>NMI_Handler</name>
         <value>0x196f</value>
      </symbol>
      <symbol id="sm-81e">
         <name>HardFault_Handler</name>
         <value>0x196f</value>
      </symbol>
      <symbol id="sm-81f">
         <name>MemManage_Handler</name>
         <value>0x196f</value>
      </symbol>
      <symbol id="sm-820">
         <name>BusFault_Handler</name>
         <value>0x196f</value>
      </symbol>
      <symbol id="sm-821">
         <name>UsageFault_Handler</name>
         <value>0x196f</value>
      </symbol>
      <symbol id="sm-822">
         <name>SVC_Handler</name>
         <value>0x196f</value>
      </symbol>
      <symbol id="sm-823">
         <name>DebugMon_Handler</name>
         <value>0x196f</value>
      </symbol>
      <symbol id="sm-824">
         <name>PendSV_Handler</name>
         <value>0x196f</value>
      </symbol>
      <symbol id="sm-825">
         <name>SysTick_Handler</name>
         <value>0x196f</value>
      </symbol>
      <symbol id="sm-826">
         <name>PSS_IRQHandler</name>
         <value>0x196f</value>
      </symbol>
      <symbol id="sm-827">
         <name>CS_IRQHandler</name>
         <value>0x196f</value>
      </symbol>
      <symbol id="sm-828">
         <name>PCM_IRQHandler</name>
         <value>0x196f</value>
      </symbol>
      <symbol id="sm-829">
         <name>WDT_A_IRQHandler</name>
         <value>0x196f</value>
      </symbol>
      <symbol id="sm-82a">
         <name>FPU_IRQHandler</name>
         <value>0x196f</value>
      </symbol>
      <symbol id="sm-82b">
         <name>FLCTL_IRQHandler</name>
         <value>0x196f</value>
      </symbol>
      <symbol id="sm-82c">
         <name>COMP_E0_IRQHandler</name>
         <value>0x196f</value>
      </symbol>
      <symbol id="sm-82d">
         <name>COMP_E1_IRQHandler</name>
         <value>0x196f</value>
      </symbol>
      <symbol id="sm-82e">
         <name>TA0_0_IRQHandler</name>
         <value>0x196f</value>
      </symbol>
      <symbol id="sm-82f">
         <name>TA0_N_IRQHandler</name>
         <value>0x196f</value>
      </symbol>
      <symbol id="sm-830">
         <name>TA1_0_IRQHandler</name>
         <value>0x196f</value>
      </symbol>
      <symbol id="sm-831">
         <name>TA1_N_IRQHandler</name>
         <value>0x196f</value>
      </symbol>
      <symbol id="sm-832">
         <name>TA2_0_IRQHandler</name>
         <value>0x196f</value>
      </symbol>
      <symbol id="sm-833">
         <name>TA2_N_IRQHandler</name>
         <value>0x196f</value>
      </symbol>
      <symbol id="sm-834">
         <name>TA3_0_IRQHandler</name>
         <value>0x196f</value>
      </symbol>
      <symbol id="sm-835">
         <name>TA3_N_IRQHandler</name>
         <value>0x196f</value>
      </symbol>
      <symbol id="sm-836">
         <name>EUSCIA0_IRQHandler</name>
         <value>0x196f</value>
      </symbol>
      <symbol id="sm-837">
         <name>EUSCIA1_IRQHandler</name>
         <value>0x196f</value>
      </symbol>
      <symbol id="sm-838">
         <name>EUSCIA2_IRQHandler</name>
         <value>0x196f</value>
      </symbol>
      <symbol id="sm-839">
         <name>EUSCIA3_IRQHandler</name>
         <value>0x196f</value>
      </symbol>
      <symbol id="sm-83a">
         <name>EUSCIB0_IRQHandler</name>
         <value>0x196f</value>
      </symbol>
      <symbol id="sm-83b">
         <name>EUSCIB1_IRQHandler</name>
         <value>0x196f</value>
      </symbol>
      <symbol id="sm-83c">
         <name>EUSCIB2_IRQHandler</name>
         <value>0x196f</value>
      </symbol>
      <symbol id="sm-83d">
         <name>EUSCIB3_IRQHandler</name>
         <value>0x196f</value>
      </symbol>
      <symbol id="sm-83e">
         <name>ADC14_IRQHandler</name>
         <value>0x2d95</value>
      </symbol>
      <symbol id="sm-83f">
         <name>T32_INT1_IRQHandler</name>
         <value>0x34bd</value>
      </symbol>
      <symbol id="sm-840">
         <name>T32_INT2_IRQHandler</name>
         <value>0x196f</value>
      </symbol>
      <symbol id="sm-841">
         <name>T32_INTC_IRQHandler</name>
         <value>0x196f</value>
      </symbol>
      <symbol id="sm-842">
         <name>AES256_IRQHandler</name>
         <value>0x196f</value>
      </symbol>
      <symbol id="sm-843">
         <name>RTC_C_IRQHandler</name>
         <value>0x196f</value>
      </symbol>
      <symbol id="sm-844">
         <name>DMA_ERR_IRQHandler</name>
         <value>0x196f</value>
      </symbol>
      <symbol id="sm-845">
         <name>DMA_INT3_IRQHandler</name>
         <value>0x196f</value>
      </symbol>
      <symbol id="sm-846">
         <name>DMA_INT2_IRQHandler</name>
         <value>0x196f</value>
      </symbol>
      <symbol id="sm-847">
         <name>DMA_INT1_IRQHandler</name>
         <value>0x196f</value>
      </symbol>
      <symbol id="sm-848">
         <name>DMA_INT0_IRQHandler</name>
         <value>0x196f</value>
      </symbol>
      <symbol id="sm-849">
         <name>PORT1_IRQHandler</name>
         <value>0x196f</value>
      </symbol>
      <symbol id="sm-84a">
         <name>PORT2_IRQHandler</name>
         <value>0x196f</value>
      </symbol>
      <symbol id="sm-84b">
         <name>PORT3_IRQHandler</name>
         <value>0x196f</value>
      </symbol>
      <symbol id="sm-84c">
         <name>PORT4_IRQHandler</name>
         <value>0x196f</value>
      </symbol>
      <symbol id="sm-84d">
         <name>PORT5_IRQHandler</name>
         <value>0x196f</value>
      </symbol>
      <symbol id="sm-84e">
         <name>PORT6_IRQHandler</name>
         <value>0x196f</value>
      </symbol>
   </symbol_table>
   <title>Link successful</title>
</link_info>
