******************************************************************************
                  TI ARM Linker PC v20.2.7                     
******************************************************************************
>> Linked Wed Oct 30 12:45:48 2024

OUTPUT FILE NAME:   <boostxl_edumkii_accelerometer_msp432p401r_MSP_EXP432P401R_nortos_ccs.out>
ENTRY POINT SYMBOL: "_c_int00_noargs"  address: 0000350d


MEMORY CONFIGURATION

         name            origin    length      used     unused   attr    fill
----------------------  --------  ---------  --------  --------  ----  --------
  MAIN                  00000000   00040000  000040cc  0003bf34  R  X
  INFO                  00200000   00004000  00000000  00004000  R  X
  SRAM_CODE             01000000   00010000  000002d6  0000fd2a  RW X
  SRAM_DATA             20000000   00010000  000002d6  0000fd2a  RW  


SEGMENT ALLOCATION MAP

run origin  load origin   length   init length attrs members
----------  ----------- ---------- ----------- ----- -------
00000000    00000000    000040d0   000040d0    r-x
  00000000    00000000    000000e4   000000e4    r-- .intvecs
  000000e4    000000e4    0000385c   0000385c    r-x .text
  00003940    00003940    000006e4   000006e4    r-- .const
  00004028    00004028    000000a8   000000a8    r-- .cinit
20000000    20000000    000000d6   00000000    rw-
  20000000    20000000    000000a8   00000000    rw- .data
  200000a8    200000a8    0000002e   00000000    rw- .bss
2000fe00    2000fe00    00000200   00000000    rw-
  2000fe00    2000fe00    00000200   00000000    rw- .stack


SECTION ALLOCATION MAP

 output                                  attributes/
section   page    origin      length       input sections
--------  ----  ----------  ----------   ----------------
.intvecs   0    00000000    000000e4     
                  00000000    000000e4     startup_msp432p401r_ccs.obj (.intvecs:retain)

.text      0    000000e4    0000385c     
                  000000e4    00000a4e     rtsv7M4_T_le_v4SPD16_eabi.lib : _printfi.c.obj (.text:__TI_printfi)
                  00000b32    0000047e     grlib.a : string.obj (.text:Graphics_drawString)
                  00000fb0    00000270     rtsv7M4_T_le_v4SPD16_eabi.lib : _printfi.c.obj (.text:_pconv_a)
                  00001220    000001f0     main.obj (.text:main)
                  00001410    000001d8     Crystalfontz128x128_ST7735.obj (.text:Crystalfontz128x128_PixelDrawMultiple)
                  000015e8    000001d0     rtsv7M4_T_le_v4SPD16_eabi.lib : _printfi.c.obj (.text:_pconv_g)
                  000017b8    000001b6                                   : fd_add_t2.asm.obj (.text)
                  0000196e    00000002     startup_msp432p401r_ccs.obj (.text:Default_Handler)
                  00001970    00000160     msp432p4xx_driverlib.lib : adc14.o (.text:_getIndexForMemRegister)
                  00001ad0    0000013c     rtsv7M4_T_le_v4SPD16_eabi.lib : _printfi.c.obj (.text:_pconv_e)
                  00001c0c    00000136                                   : fd_div_t2.asm.obj (.text)
                  00001d42    00000002                                   : _lock.c.obj (.text:_nop)
                  00001d44    00000134     Crystalfontz128x128_ST7735.obj (.text:Crystalfontz128x128_SetDrawFrame)
                  00001e78    0000012c     Crystalfontz128x128_ST7735.obj (.text:Crystalfontz128x128_Init)
                  00001fa4    00000124     rtsv7M4_T_le_v4SPD16_eabi.lib : _printfi.c.obj (.text:fcvt)
                  000020c8    00000110                                   : s_scalbn.c.obj (.text:scalbn)
                  000021d8    000000fc                                   : fd_mul_t2.asm.obj (.text)
                  000022d4    000000fa     grlib.a : string.obj (.text:Graphics_getStringWidth)
                  000023ce    00000002     rtsv7M4_T_le_v4SPD16_eabi.lib : div0.asm.obj (.text)
                  000023d0    000000e8     main.obj (.text:drawAccelData)
                  000024b8    000000b4     msp432p4xx_driverlib.lib : adc14.o (.text:ADC14_configureConversionMemory)
                  0000256c    000000b4                              : adc14.o (.text:ADC14_configureMultiSequenceMode)
                  00002620    000000b1     rtsv7M4_T_le_v4SPD16_eabi.lib : _printfi.c.obj (.text:_ltostr)
                  000026d1    00000001     --HOLE-- [fill = 0]
                  000026d2    000000b0     msp432p4xx_driverlib.lib : spi.o (.text:SPI_initMaster)
                  00002782    0000009c     Crystalfontz128x128_ST7735.obj (.text:Crystalfontz128x128_RectFill)
                  0000281e    0000009c     grlib.a : line.obj (.text:Graphics_drawLineH)
                  000028ba    0000009c     rtsv7M4_T_le_v4SPD16_eabi.lib : memcpy_t2.asm.obj (.text)
                  00002956    00000096                                   : ull_div_t2.asm.obj (.text)
                  000029ec    00000088     msp432p4xx_driverlib.lib : gpio.o (.text:GPIO_setAsPeripheralModuleFunctionOutputPin)
                  00002a74    00000086     rtsv7M4_T_le_v4SPD16_eabi.lib : fd_cmp_t2.asm.obj (.text:__aeabi_cdcmple)
                  00002afa    00000086                                   : fd_cmp_t2.asm.obj (.text:__aeabi_cdrcmple)
                  00002b80    0000007a                                   : memset_t2.asm.obj (.text)
                  00002bfa    00000002     --HOLE-- [fill = 0]
                  00002bfc    00000078     system_msp432p401r.obj (.text:SystemInit)
                  00002c74    0000006e     rtsv7M4_T_le_v4SPD16_eabi.lib : _printfi.c.obj (.text:_mcpy)
                  00002ce2    00000068                                   : copy_decompress_lzss.c.obj (.text:decompress:lzss:__TI_decompress_lzss)
                  00002d4a    00000002     --HOLE-- [fill = 0]
                  00002d4c    00000064                                   : s_frexp.c.obj (.text:frexp)
                  00002db0    00000060     main.obj (.text:ADC14_IRQHandler)
                  00002e10    00000060     Crystalfontz128x128_ST7735.obj (.text:Crystalfontz128x128_LineDrawH)
                  00002e70    00000060     Crystalfontz128x128_ST7735.obj (.text:Crystalfontz128x128_LineDrawV)
                  00002ed0    00000060     main.obj (.text:displayTimeRemaining)
                  00002f30    00000056     rtsv7M4_T_le_v4SPD16_eabi.lib : _printfi.c.obj (.text:_pconv_f)
                  00002f86    00000002     --HOLE-- [fill = 0]
                  00002f88    00000054     Crystalfontz128x128_ST7735.obj (.text:Crystalfontz128x128_SetOrientation)
                  00002fdc    00000054     rtsv7M4_T_le_v4SPD16_eabi.lib : _ltoa.c.obj (.text:__TI_ltoa)
                  00003030    00000052     grlib.a : context.obj (.text:Graphics_initContext)
                  00003082    00000052     rtsv7M4_T_le_v4SPD16_eabi.lib : _printfi.c.obj (.text:_ecpy)
                  000030d4    0000004c                                   : atoi.c.obj (.text:atoi)
                  00003120    00000048     grlib.a : string.obj (.text:Graphics_drawStringCentered)
                  00003168    00000048     rtsv7M4_T_le_v4SPD16_eabi.lib : fd_toi_t2.asm.obj (.text)
                  000031b0    00000044                                   : autoinit.c.obj (.text:__TI_auto_init_nobinit_nopinit:__TI_auto_init_nobinit_nopinit)
                  000031f4    00000040     Crystalfontz128x128_ST7735.obj (.text:Crystalfontz128x128_PixelDraw)
                  00003234    00000040     msp432p4xx_driverlib.lib : gpio.o (.text:GPIO_setAsOutputPin)
                  00003274    00000040     grlib.a : string.obj (.text:Graphics_getNumberOfLeadingZeros)
                  000032b4    00000040     HAL_MSP_EXP432P401R_Crystalfontz128x128_ST7735.obj (.text:HAL_LCD_SpiInit)
                  000032f4    00000040     main.obj (.text:displayScore)
                  00003334    00000040     msp432p4xx_driverlib.lib : spi.o (.text:is_A_Module)
                  00003374    00000040     rtsv7M4_T_le_v4SPD16_eabi.lib : sprintf.c.obj (.text:sprintf)
                  000033b4    0000003e                                   : _printfi.c.obj (.text:_fcpy)
                  000033f2    00000002     --HOLE-- [fill = 0]
                  000033f4    0000003c     main.obj (.text:reset_timer)
                  00003430    00000038     HAL_MSP_EXP432P401R_Crystalfontz128x128_ST7735.obj (.text:HAL_LCD_writeCommand)
                  00003468    00000038     main.obj (.text:drawTitle)
                  000034a0    00000036     grlib.a : display.obj (.text:Graphics_drawHorizontalLineOnDisplay)
                  000034d6    00000002     --HOLE-- [fill = 0]
                  000034d8    00000034     main.obj (.text:T32_INT1_IRQHandler)
                  0000350c    00000034     rtsv7M4_T_le_v4SPD16_eabi.lib : boot_cortex_m.c.obj (.text:_c_int00_noargs:_c_int00_noargs)
                  00003540    00000034                                   : rand.c.obj (.text:rand)
                  00003574    00000030     HAL_MSP_EXP432P401R_Crystalfontz128x128_ST7735.obj (.text:HAL_LCD_PortInit)
                  000035a4    00000030     main.obj (.text:displayWord)
                  000035d4    0000002e     rtsv7M4_T_le_v4SPD16_eabi.lib : i_tofd_t2.asm.obj (.text)
                  00003602    00000002     --HOLE-- [fill = 0]
                  00003604    0000002c     Crystalfontz128x128_ST7735.obj (.text:Crystalfontz128x128_ClearScreen)
                  00003630    0000002c     grlib.a : display.obj (.text:Graphics_drawPixelOnDisplay)
                  0000365c    0000002c     HAL_MSP_EXP432P401R_Crystalfontz128x128_ST7735.obj (.text:HAL_LCD_writeData)
                  00003688    0000002c     main.obj (.text:get_remaining_time)
                  000036b4    00000028     msp432p4xx_driverlib.lib : adc14.o (.text:ADC14_getResult)
                  000036dc    00000028     Crystalfontz128x128_ST7735.obj (.text:Crystalfontz128x128_ColorTranslate)
                  00003704    00000028     msp432p4xx_driverlib.lib : gpio.o (.text:GPIO_setOutputHighOnPin)
                  0000372c    00000028                              : gpio.o (.text:GPIO_setOutputLowOnPin)
                  00003754    00000020     main.obj (.text:next_word)
                  00003774    0000001c     msp432p4xx_driverlib.lib : spi.o (.text:SPI_enableModule)
                  00003790    0000001c     rtsv7M4_T_le_v4SPD16_eabi.lib : copy_zero_init.c.obj (.text:decompress:ZI:__TI_zero_init_nomemset:__TI_zero_init_nomemset)
                  000037ac    0000001c                                   : memccpy.c.obj (.text:memccpy)
                  000037c8    0000001a     grlib.a : display.obj (.text:Graphics_clearDisplayOnDisplay)
                  000037e2    0000001a             : context.obj (.text:Graphics_setBackgroundColor)
                  000037fc    0000001a             : context.obj (.text:Graphics_setFont)
                  00003816    0000001a     rtsv7M4_T_le_v4SPD16_eabi.lib : s_copysign.c.obj (.text:copysign)
                  00003830    00000018                                   : sprintf.c.obj (.text:_outs)
                  00003848    00000016     msp432p4xx_driverlib.lib : spi.o (.text:EUSCI_A_SPI_enable)
                  0000385e    00000016                              : spi.o (.text:EUSCI_B_SPI_enable)
                  00003874    00000016     grlib.a : context.obj (.text:Graphics_setForegroundColor)
                  0000388a    00000016             : display.obj (.text:Graphics_translateColorOnDisplay)
                  000038a0    00000016     rtsv7M4_T_le_v4SPD16_eabi.lib : strchr.c.obj (.text:strchr)
                  000038b6    00000014                                   : strlen.c.obj (.text:strlen)
                  000038ca    00000012     grlib.a : context.obj (.text:Graphics_clearDisplay)
                  000038dc    00000012     rtsv7M4_T_le_v4SPD16_eabi.lib : wcslen.c.obj (.text:wcslen)
                  000038ee    00000002     --HOLE-- [fill = 0]
                  000038f0    00000010     msp432p4xx_driverlib.lib : adc14.o (.text:ADCIsConversionRunning)
                  00003900    0000000e     rtsv7M4_T_le_v4SPD16_eabi.lib : copy_decompress_none.c.obj (.text:decompress:none:__TI_decompress_none)
                  0000390e    0000000c     startup_msp432p401r_ccs.obj (.text:Reset_Handler)
                  0000391a    0000000a     Crystalfontz128x128_ST7735.obj (.text:Crystalfontz128x128_Flush)
                  00003924    0000000a     rtsv7M4_T_le_v4SPD16_eabi.lib : sprintf.c.obj (.text:_outc)
                  0000392e    00000002     --HOLE-- [fill = 0]
                  00003930    00000008                                   : errno.c.obj (.text:__aeabi_errno_addr)
                  00003938    00000004                                   : pre_init.c.obj (.text:_system_pre_init)
                  0000393c    00000004                                   : exit.c.obj (.text:abort:abort)

.const     0    00003940    000006e4     
                  00003940    000002f8     grlib.a : fontfixed6x8.obj (.const:.string:g_pucFontFixed6x8Data)
                  00003c38    0000012e     main.obj (.const:.string)
                  00003d66    00000101     rtsv7M4_T_le_v4SPD16_eabi.lib : ctype.c.obj (.const:.string:_ctypes_)
                  00003e67    00000001     --HOLE-- [fill = 0]
                  00003e68    000000c8     grlib.a : fontfixed6x8.obj (.const:g_sFontFixed6x8)
                  00003f30    00000080     msp432p4xx_driverlib.lib : adc14.o (.const:_ctlRegs)
                  00003fb0    00000030                              : gpio.o (.const:GPIO_PORT_TO_BASE)
                  00003fe0    00000020     Crystalfontz128x128_ST7735.obj (.const:g_sCrystalfontz128x128_funcs)
                  00004000    0000001c     HAL_MSP_EXP432P401R_Crystalfontz128x128_ST7735.obj (.const:$P$T0$1)
                  0000401c    00000008     Crystalfontz128x128_ST7735.obj (.const:$P$T0$1)

.cinit     0    00004028    000000a8     
                  00004028    00000083     (.cinit..data.load) [load image, compression = lzss]
                  000040ab    00000001     --HOLE-- [fill = 0]
                  000040ac    0000000c     (__TI_handler_table)
                  000040b8    00000008     (.cinit..bss.load) [load image, compression = zero_init]
                  000040c0    00000010     (__TI_cinit_table)

.init_array 
*          0    00000000    00000000     UNINITIALIZED

.binit     0    00000000    00000000     

.data      0    20000000    000000a8     UNINITIALIZED
                  20000000    00000078     main.obj (.data:words)
                  20000078    00000010     Crystalfontz128x128_ST7735.obj (.data:g_sCrystalfontz128x128)
                  20000088    00000010     main.obj (.data)
                  20000098    00000008     rtsv7M4_T_le_v4SPD16_eabi.lib : _lock.c.obj (.data:$O1$$)
                  200000a0    00000004                                   : errno.c.obj (.data)
                  200000a4    00000004                                   : rand.c.obj (.data)

.bss       0    200000a8    0000002e     UNINITIALIZED
                  200000a8    0000001c     (.common:g_sContext)
                  200000c4    00000008     main.obj (.bss:resultsBuffer)
                  200000cc    00000002     (.common:Lcd_ScreenHeigth)
                  200000ce    00000002     (.common:Lcd_ScreenWidth)
                  200000d0    00000002     (.common:Lcd_TouchTrim)
                  200000d2    00000001     (.common:Lcd_FlagRead)
                  200000d3    00000001     (.common:Lcd_FontSolid)
                  200000d4    00000001     (.common:Lcd_Orientation)
                  200000d5    00000001     (.common:Lcd_PenSolid)

.stack     0    2000fe00    00000200     UNINITIALIZED
                  2000fe00    00000004     rtsv7M4_T_le_v4SPD16_eabi.lib : boot_cortex_m.c.obj (.stack)
                  2000fe04    000001fc     --HOLE--

__llvm_prf_cnts 
*          0    20000000    00000000     UNINITIALIZED

MODULE SUMMARY

       Module                                               code    ro data   rw data
       ------                                               ----    -------   -------
    .\
       main.obj                                             1276    302       344    
       system_msp432p401r.obj                               120     0         0      
    +--+----------------------------------------------------+-------+---------+---------+
       Total:                                               1396    302       344    
                                                                                     
    .\LcdDriver\
       Crystalfontz128x128_ST7735.obj                       1670    40        52     
       HAL_MSP_EXP432P401R_Crystalfontz128x128_ST7735.obj   212     28        0      
    +--+----------------------------------------------------+-------+---------+---------+
       Total:                                               1882    68        52     
                                                                                     
    .\ccs\
       startup_msp432p401r_ccs.obj                          14      228       0      
    +--+----------------------------------------------------+-------+---------+---------+
       Total:                                               14      228       0      
                                                                                     
    C:/ti/simplelink_msp432p4_sdk_3_40_01_02/source/ti/devices/msp432p4xx/driverlib/ccs/msp432p4xx_driverlib.lib
       adc14.o                                              768     128       0      
       gpio.o                                               280     48        0      
       spi.o                                                312     0         0      
    +--+----------------------------------------------------+-------+---------+---------+
       Total:                                               1360    176       0      
                                                                                     
    C:/ti/simplelink_msp432p4_sdk_3_40_01_02/source/ti/grlib/lib/ccs/m4f/grlib.a
       string.obj                                           1536    0         0      
       fontfixed6x8.obj                                     0       960       0      
       context.obj                                          174     0         0      
       line.obj                                             156     0         0      
       display.obj                                          146     0         0      
    +--+----------------------------------------------------+-------+---------+---------+
       Total:                                               2012    960       0      
                                                                                     
    C:\ti\ccs1280\ccs\tools\compiler\ti-cgt-arm_20.2.7.LTS\lib\rtsv7M4_T_le_v4SPD16_eabi.lib
       _printfi.c.obj                                       4851    0         0      
       fd_add_t2.asm.obj                                    438     0         0      
       fd_div_t2.asm.obj                                    310     0         0      
       s_scalbn.c.obj                                       272     0         0      
       fd_cmp_t2.asm.obj                                    268     0         0      
       ctype.c.obj                                          0       257       0      
       fd_mul_t2.asm.obj                                    252     0         0      
       memcpy_t2.asm.obj                                    156     0         0      
       ull_div_t2.asm.obj                                   150     0         0      
       memset_t2.asm.obj                                    122     0         0      
       copy_decompress_lzss.c.obj                           104     0         0      
       s_frexp.c.obj                                        100     0         0      
       sprintf.c.obj                                        98      0         0      
       _ltoa.c.obj                                          84      0         0      
       atoi.c.obj                                           76      0         0      
       fd_toi_t2.asm.obj                                    72      0         0      
       autoinit.c.obj                                       68      0         0      
       rand.c.obj                                           52      0         8      
       boot_cortex_m.c.obj                                  52      0         0      
       i_tofd_t2.asm.obj                                    46      0         0      
       copy_zero_init.c.obj                                 28      0         0      
       memccpy.c.obj                                        28      0         0      
       s_copysign.c.obj                                     26      0         0      
       strchr.c.obj                                         22      0         0      
       strlen.c.obj                                         20      0         0      
       _lock.c.obj                                          2       0         16     
       wcslen.c.obj                                         18      0         0      
       errno.c.obj                                          8       0         8      
       copy_decompress_none.c.obj                           14      0         0      
       exit.c.obj                                           4       0         0      
       pre_init.c.obj                                       4       0         0      
       div0.asm.obj                                         2       0         0      
    +--+----------------------------------------------------+-------+---------+---------+
       Total:                                               7747    257       32     
                                                                                     
       Stack:                                               0       0         1024   
       Linker Generated:                                    0       167       0      
    +--+----------------------------------------------------+-------+---------+---------+
       Grand Total:                                         14411   2158      1452   


LINKER GENERATED COPY TABLES

__TI_cinit_table @ 000040c0 records: 2, size/record: 8, table size: 16
	.data: load addr=00004028, load size=00000083 bytes, run addr=20000000, run size=000000a8 bytes, compression=lzss
	.bss: load addr=000040b8, load size=00000008 bytes, run addr=200000a8, run size=0000002e bytes, compression=zero_init


LINKER GENERATED HANDLER TABLE

__TI_handler_table @ 000040ac records: 3, size/record: 4, table size: 12
	index: 0, handler: __TI_decompress_lzss
	index: 1, handler: __TI_decompress_none
	index: 2, handler: __TI_zero_init


GLOBAL SYMBOLS: SORTED ALPHABETICALLY BY Name 

address   name                                       
-------   ----                                       
00002db1  ADC14_IRQHandler                           
00002db1  ADC14_IRQHandler                           
000024b9  ADC14_configureConversionMemory            
0000256d  ADC14_configureMultiSequenceMode           
000036b5  ADC14_getResult                            
0000196f  AES256_IRQHandler                          
0000196f  BusFault_Handler                           
0000393d  C$$EXIT                                    
0000196f  COMP_E0_IRQHandler                         
0000196f  COMP_E1_IRQHandler                         
0000196f  CS_IRQHandler                              
00001e79  Crystalfontz128x128_Init                   
00001d45  Crystalfontz128x128_SetDrawFrame           
00002f89  Crystalfontz128x128_SetOrientation         
0000196f  DMA_ERR_IRQHandler                         
0000196f  DMA_INT0_IRQHandler                        
0000196f  DMA_INT1_IRQHandler                        
0000196f  DMA_INT2_IRQHandler                        
0000196f  DMA_INT3_IRQHandler                        
0000196f  DebugMon_Handler                           
0000196f  Default_Handler                            
0000196f  EUSCIA0_IRQHandler                         
0000196f  EUSCIA1_IRQHandler                         
0000196f  EUSCIA2_IRQHandler                         
0000196f  EUSCIA3_IRQHandler                         
0000196f  EUSCIB0_IRQHandler                         
0000196f  EUSCIB1_IRQHandler                         
0000196f  EUSCIB2_IRQHandler                         
0000196f  EUSCIB3_IRQHandler                         
00003849  EUSCI_A_SPI_enable                         
0000385f  EUSCI_B_SPI_enable                         
0000196f  FLCTL_IRQHandler                           
0000196f  FPU_IRQHandler                             
00003235  GPIO_setAsOutputPin                        
000029ed  GPIO_setAsPeripheralModuleFunctionOutputPin
00003705  GPIO_setOutputHighOnPin                    
0000372d  GPIO_setOutputLowOnPin                     
000038cb  Graphics_clearDisplay                      
000037c9  Graphics_clearDisplayOnDisplay             
000034a1  Graphics_drawHorizontalLineOnDisplay       
0000281f  Graphics_drawLineH                         
00003631  Graphics_drawPixelOnDisplay                
00000b33  Graphics_drawString                        
00003121  Graphics_drawStringCentered                
000022d5  Graphics_getStringWidth                    
00003031  Graphics_initContext                       
000037e3  Graphics_setBackgroundColor                
000037fd  Graphics_setFont                           
00003875  Graphics_setForegroundColor                
0000388b  Graphics_translateColorOnDisplay           
00003575  HAL_LCD_PortInit                           
000032b5  HAL_LCD_SpiInit                            
00003431  HAL_LCD_writeCommand                       
0000365d  HAL_LCD_writeData                          
0000196f  HardFault_Handler                          
200000d2  Lcd_FlagRead                               
200000d3  Lcd_FontSolid                              
200000d4  Lcd_Orientation                            
200000d5  Lcd_PenSolid                               
200000cc  Lcd_ScreenHeigth                           
200000ce  Lcd_ScreenWidth                            
200000d0  Lcd_TouchTrim                              
0000196f  MemManage_Handler                          
0000196f  NMI_Handler                                
0000196f  PCM_IRQHandler                             
0000196f  PORT1_IRQHandler                           
0000196f  PORT2_IRQHandler                           
0000196f  PORT3_IRQHandler                           
0000196f  PORT4_IRQHandler                           
0000196f  PORT5_IRQHandler                           
0000196f  PORT6_IRQHandler                           
0000196f  PSS_IRQHandler                             
0000196f  PendSV_Handler                             
0000196f  RTC_C_IRQHandler                           
0000390f  Reset_Handler                              
00003775  SPI_enableModule                           
000026d3  SPI_initMaster                             
0000196f  SVC_Handler                                
0000196f  SysTick_Handler                            
00002bfd  SystemInit                                 
000034d9  T32_INT1_IRQHandler                        
000034d9  T32_INT1_IRQHandler                        
0000196f  T32_INT2_IRQHandler                        
0000196f  T32_INTC_IRQHandler                        
0000196f  TA0_0_IRQHandler                           
0000196f  TA0_N_IRQHandler                           
0000196f  TA1_0_IRQHandler                           
0000196f  TA1_N_IRQHandler                           
0000196f  TA2_0_IRQHandler                           
0000196f  TA2_N_IRQHandler                           
0000196f  TA3_0_IRQHandler                           
0000196f  TA3_N_IRQHandler                           
0000196f  UsageFault_Handler                         
4000480c  WDTCTL_SYM                                 
0000196f  WDT_A_IRQHandler                           
20010000  __STACK_END                                
00000200  __STACK_SIZE                               
000040c0  __TI_CINIT_Base                            
000040d0  __TI_CINIT_Limit                           
000040ac  __TI_Handler_Table_Base                    
000040b8  __TI_Handler_Table_Limit                   
000031b1  __TI_auto_init_nobinit_nopinit             
00002ce3  __TI_decompress_lzss                       
00003901  __TI_decompress_none                       
00002fdd  __TI_ltoa                                  
ffffffff  __TI_pprof_out_hndl                        
000000e5  __TI_printfi                               
ffffffff  __TI_prof_data_size                        
ffffffff  __TI_prof_data_start                       
00000000  __TI_static_base__                         
00003791  __TI_zero_init_nomemset                    
00002a75  __aeabi_cdcmpeq                            
00002a75  __aeabi_cdcmple                            
00002afb  __aeabi_cdrcmple                           
00003169  __aeabi_d2iz                               
000017c3  __aeabi_dadd                               
00001c0d  __aeabi_ddiv                               
000021d9  __aeabi_dmul                               
000017b9  __aeabi_dsub                               
00003931  __aeabi_errno_addr                         
000035d5  __aeabi_i2d                                
000023cf  __aeabi_idiv0                              
000023cf  __aeabi_ldiv0                              
00002b81  __aeabi_memclr                             
00002b81  __aeabi_memclr4                            
00002b81  __aeabi_memclr8                            
000028bb  __aeabi_memcpy                             
000028bb  __aeabi_memcpy4                            
000028bb  __aeabi_memcpy8                            
00002b83  __aeabi_memset                             
00002b83  __aeabi_memset4                            
00002b83  __aeabi_memset8                            
00002957  __aeabi_uldivmod                           
ffffffff  __binit__                                  
ffffffff  __c_args__                                 
UNDEFED   __mpu_init                                 
2000fe00  __stack                                    
20000000  __start___llvm_prf_cnts                    
20000000  __stop___llvm_prf_cnts                     
0000350d  _c_int00_noargs                            
00003d66  _ctypes_                                   
20000098  _lock                                      
00001d43  _nop                                       
UNDEFED   _system_post_cinit                         
00003939  _system_pre_init                           
2000009c  _unlock                                    
0000393d  abort                                      
000030d5  atoi                                       
ffffffff  binit                                      
00003817  copysign                                   
00003817  copysignl                                  
000032f5  displayScore                               
00002ed1  displayTimeRemaining                       
000035a5  displayWord                                
000023d1  drawAccelData                              
00003469  drawTitle                                  
200000a0  errno                                      
00002d4d  frexp                                      
00002d4d  frexpl                                     
200000a8  g_sContext                                 
20000078  g_sCrystalfontz128x128                     
00003fe0  g_sCrystalfontz128x128_funcs               
00003e68  g_sFontFixed6x8                            
00003689  get_remaining_time                         
00000000  interruptVectors                           
000020c9  ldexp                                      
000020c9  ldexpl                                     
00001221  main                                       
000037ad  memccpy                                    
000028bb  memcpy                                     
00002b89  memset                                     
00003755  next_word                                  
00003541  rand                                       
000033f5  reset_timer                                
000020c9  scalbn                                     
000020c9  scalbnl                                    
00003375  sprintf                                    
000038a1  strchr                                     
000038b7  strlen                                     
000038dd  wcslen                                     
20000000  words                                      


GLOBAL SYMBOLS: SORTED BY Symbol Address 

address   name                                       
-------   ----                                       
00000000  __TI_static_base__                         
00000000  interruptVectors                           
000000e5  __TI_printfi                               
00000200  __STACK_SIZE                               
00000b33  Graphics_drawString                        
00001221  main                                       
000017b9  __aeabi_dsub                               
000017c3  __aeabi_dadd                               
0000196f  AES256_IRQHandler                          
0000196f  BusFault_Handler                           
0000196f  COMP_E0_IRQHandler                         
0000196f  COMP_E1_IRQHandler                         
0000196f  CS_IRQHandler                              
0000196f  DMA_ERR_IRQHandler                         
0000196f  DMA_INT0_IRQHandler                        
0000196f  DMA_INT1_IRQHandler                        
0000196f  DMA_INT2_IRQHandler                        
0000196f  DMA_INT3_IRQHandler                        
0000196f  DebugMon_Handler                           
0000196f  Default_Handler                            
0000196f  EUSCIA0_IRQHandler                         
0000196f  EUSCIA1_IRQHandler                         
0000196f  EUSCIA2_IRQHandler                         
0000196f  EUSCIA3_IRQHandler                         
0000196f  EUSCIB0_IRQHandler                         
0000196f  EUSCIB1_IRQHandler                         
0000196f  EUSCIB2_IRQHandler                         
0000196f  EUSCIB3_IRQHandler                         
0000196f  FLCTL_IRQHandler                           
0000196f  FPU_IRQHandler                             
0000196f  HardFault_Handler                          
0000196f  MemManage_Handler                          
0000196f  NMI_Handler                                
0000196f  PCM_IRQHandler                             
0000196f  PORT1_IRQHandler                           
0000196f  PORT2_IRQHandler                           
0000196f  PORT3_IRQHandler                           
0000196f  PORT4_IRQHandler                           
0000196f  PORT5_IRQHandler                           
0000196f  PORT6_IRQHandler                           
0000196f  PSS_IRQHandler                             
0000196f  PendSV_Handler                             
0000196f  RTC_C_IRQHandler                           
0000196f  SVC_Handler                                
0000196f  SysTick_Handler                            
0000196f  T32_INT2_IRQHandler                        
0000196f  T32_INTC_IRQHandler                        
0000196f  TA0_0_IRQHandler                           
0000196f  TA0_N_IRQHandler                           
0000196f  TA1_0_IRQHandler                           
0000196f  TA1_N_IRQHandler                           
0000196f  TA2_0_IRQHandler                           
0000196f  TA2_N_IRQHandler                           
0000196f  TA3_0_IRQHandler                           
0000196f  TA3_N_IRQHandler                           
0000196f  UsageFault_Handler                         
0000196f  WDT_A_IRQHandler                           
00001c0d  __aeabi_ddiv                               
00001d43  _nop                                       
00001d45  Crystalfontz128x128_SetDrawFrame           
00001e79  Crystalfontz128x128_Init                   
000020c9  ldexp                                      
000020c9  ldexpl                                     
000020c9  scalbn                                     
000020c9  scalbnl                                    
000021d9  __aeabi_dmul                               
000022d5  Graphics_getStringWidth                    
000023cf  __aeabi_idiv0                              
000023cf  __aeabi_ldiv0                              
000023d1  drawAccelData                              
000024b9  ADC14_configureConversionMemory            
0000256d  ADC14_configureMultiSequenceMode           
000026d3  SPI_initMaster                             
0000281f  Graphics_drawLineH                         
000028bb  __aeabi_memcpy                             
000028bb  __aeabi_memcpy4                            
000028bb  __aeabi_memcpy8                            
000028bb  memcpy                                     
00002957  __aeabi_uldivmod                           
000029ed  GPIO_setAsPeripheralModuleFunctionOutputPin
00002a75  __aeabi_cdcmpeq                            
00002a75  __aeabi_cdcmple                            
00002afb  __aeabi_cdrcmple                           
00002b81  __aeabi_memclr                             
00002b81  __aeabi_memclr4                            
00002b81  __aeabi_memclr8                            
00002b83  __aeabi_memset                             
00002b83  __aeabi_memset4                            
00002b83  __aeabi_memset8                            
00002b89  memset                                     
00002bfd  SystemInit                                 
00002ce3  __TI_decompress_lzss                       
00002d4d  frexp                                      
00002d4d  frexpl                                     
00002db1  ADC14_IRQHandler                           
00002db1  ADC14_IRQHandler                           
00002ed1  displayTimeRemaining                       
00002f89  Crystalfontz128x128_SetOrientation         
00002fdd  __TI_ltoa                                  
00003031  Graphics_initContext                       
000030d5  atoi                                       
00003121  Graphics_drawStringCentered                
00003169  __aeabi_d2iz                               
000031b1  __TI_auto_init_nobinit_nopinit             
00003235  GPIO_setAsOutputPin                        
000032b5  HAL_LCD_SpiInit                            
000032f5  displayScore                               
00003375  sprintf                                    
000033f5  reset_timer                                
00003431  HAL_LCD_writeCommand                       
00003469  drawTitle                                  
000034a1  Graphics_drawHorizontalLineOnDisplay       
000034d9  T32_INT1_IRQHandler                        
000034d9  T32_INT1_IRQHandler                        
0000350d  _c_int00_noargs                            
00003541  rand                                       
00003575  HAL_LCD_PortInit                           
000035a5  displayWord                                
000035d5  __aeabi_i2d                                
00003631  Graphics_drawPixelOnDisplay                
0000365d  HAL_LCD_writeData                          
00003689  get_remaining_time                         
000036b5  ADC14_getResult                            
00003705  GPIO_setOutputHighOnPin                    
0000372d  GPIO_setOutputLowOnPin                     
00003755  next_word                                  
00003775  SPI_enableModule                           
00003791  __TI_zero_init_nomemset                    
000037ad  memccpy                                    
000037c9  Graphics_clearDisplayOnDisplay             
000037e3  Graphics_setBackgroundColor                
000037fd  Graphics_setFont                           
00003817  copysign                                   
00003817  copysignl                                  
00003849  EUSCI_A_SPI_enable                         
0000385f  EUSCI_B_SPI_enable                         
00003875  Graphics_setForegroundColor                
0000388b  Graphics_translateColorOnDisplay           
000038a1  strchr                                     
000038b7  strlen                                     
000038cb  Graphics_clearDisplay                      
000038dd  wcslen                                     
00003901  __TI_decompress_none                       
0000390f  Reset_Handler                              
00003931  __aeabi_errno_addr                         
00003939  _system_pre_init                           
0000393d  C$$EXIT                                    
0000393d  abort                                      
00003d66  _ctypes_                                   
00003e68  g_sFontFixed6x8                            
00003fe0  g_sCrystalfontz128x128_funcs               
000040ac  __TI_Handler_Table_Base                    
000040b8  __TI_Handler_Table_Limit                   
000040c0  __TI_CINIT_Base                            
000040d0  __TI_CINIT_Limit                           
20000000  __start___llvm_prf_cnts                    
20000000  __stop___llvm_prf_cnts                     
20000000  words                                      
20000078  g_sCrystalfontz128x128                     
20000098  _lock                                      
2000009c  _unlock                                    
200000a0  errno                                      
200000a8  g_sContext                                 
200000cc  Lcd_ScreenHeigth                           
200000ce  Lcd_ScreenWidth                            
200000d0  Lcd_TouchTrim                              
200000d2  Lcd_FlagRead                               
200000d3  Lcd_FontSolid                              
200000d4  Lcd_Orientation                            
200000d5  Lcd_PenSolid                               
2000fe00  __stack                                    
20010000  __STACK_END                                
4000480c  WDTCTL_SYM                                 
ffffffff  __TI_pprof_out_hndl                        
ffffffff  __TI_prof_data_size                        
ffffffff  __TI_prof_data_start                       
ffffffff  __binit__                                  
ffffffff  __c_args__                                 
ffffffff  binit                                      
UNDEFED   __mpu_init                                 
UNDEFED   _system_post_cinit                         

[181 symbols]
